trees built (fuzz=0)
=== negctl 10:05:23 --cuda-graph-backend-prefill disabled --chunked-prefill-size 2048
ready=1 after ~65s
correctness rc=0
/sjtu/linhang/arena/runs/T52/kit/devbox_bcg_check.sh: line 41: 1429885 Killed                  PYTHONPATH=$SRC:/sjtu/linhang/arena/cache/T48/deps setsid $PY -m sglang.launch_server $COMMON $EXTRA > $O/server.log 2>&1
graph=True prefill lines: 0  total prefill lines: 73
SUMMARY {"n": 13, "first_token_same": 13, "all_tokens_identical": 13, "max_first_top5_lp_diff": 0, "max_lp_diff_common_prefix": 0.0}
SUMMARY {"n": 13, "first_token_same": 13, "all_tokens_identical": 13, "max_first_top5_lp_diff": 0, "max_lp_diff_common_prefix": 0.0}
SUMMARY {"n": 13, "first_token_same": 13, "all_tokens_identical": 13, "max_first_top5_lp_diff": 0, "max_lp_diff_common_prefix": 0.0}
ALLDONE
trees built (fuzz=0)
=== bcg170 10:06:48 --cuda-graph-backend-prefill breakable
ready=1 after ~75s
correctness rc=1
chunkcost rc=0
FIT 0 {'fixed_ms': 20.3, 'us_per_tok': 10.1}
FIT 98304 {'fixed_ms': 39.2, 'us_per_tok': 13.6}
CHUNKCOST {"fit": {"0": {"fixed_ms": 20.3, "us_per_tok": 10.1}, "98304": {"fixed_ms": 39.2, "us_per_tok": 13.6}}, "decode": [{"bs": 1, "step_ms_p50": 2.95, "step_ms_p90": 3.06}, {"bs": 4, "step_ms_p50": 3.06, "step_ms_p90": 3.2}, {"bs": 8, "step_ms_p50": 3.02, "step_ms_p90": 3.3}, {"bs": 12, "step_ms_p50": 2.97, "step_ms_p90": 3.39}, {"bs": 16, "step_ms_p50": 3.04, "step_ms_p90": 3.61}, {"bs": 20, "step_ms_p50": 3.24, "step_ms_p90": 3.95}, {"bs": 24, "step_ms_p50": 3.2, "step_ms_p90": 4.06}, {"bs": 32, "step_ms_p50": 3.34, "step_ms_p90": 4.33}]}
/sjtu/linhang/arena/runs/T52/kit/devbox_bcg_check.sh: line 41: 1430933 Killed                  PYTHONPATH=$SRC:/sjtu/linhang/arena/cache/T48/deps setsid $PY -m sglang.launch_server $COMMON $EXTRA > $O/server.log 2>&1
graph=True prefill lines: 132  total prefill lines: 132
=== eager170 10:08:21 --cuda-graph-backend-prefill disabled
ready=1 after ~60s
correctness rc=1
chunkcost rc=0
FIT 0 {'fixed_ms': 33.7, 'us_per_tok': 7.0}
FIT 98304 {'fixed_ms': 55.0, 'us_per_tok': 10.2}
CHUNKCOST {"fit": {"0": {"fixed_ms": 33.7, "us_per_tok": 7.0}, "98304": {"fixed_ms": 55.0, "us_per_tok": 10.2}}, "decode": [{"bs": 1, "step_ms_p50": 2.74, "step_ms_p90": 3.67}, {"bs": 4, "step_ms_p50": 2.8, "step_ms_p90": 3.0}, {"bs": 8, "step_ms_p50": 2.85, "step_ms_p90": 3.12}, {"bs": 12, "step_ms_p50": 2.94, "step_ms_p90": 3.37}, {"bs": 16, "step_ms_p50": 2.98, "step_ms_p90": 3.56}, {"bs": 20, "step_ms_p50": 3.16, "step_ms_p90": 3.86}, {"bs": 24, "step_ms_p50": 3.13, "step_ms_p90": 3.9}, {"bs": 32, "step_ms_p50": 3.26, "step_ms_p90": 4.11}]}
/sjtu/linhang/arena/runs/T52/kit/devbox_bcg_check.sh: line 41: 1432060 Killed                  PYTHONPATH=$SRC:/sjtu/linhang/arena/cache/T48/deps setsid $PY -m sglang.launch_server $COMMON $EXTRA > $O/server.log 2>&1
graph=True prefill lines: 0  total prefill lines: 129
SUMMARY {"n": 13, "first_token_same": 13, "all_tokens_identical": 13, "max_first_top5_lp_diff": 0, "max_lp_diff_common_prefix": 0.0}
SUMMARY {"n": 13, "first_token_same": 13, "all_tokens_identical": 13, "max_first_top5_lp_diff": 0, "max_lp_diff_common_prefix": 0.0}
SUMMARY {"n": 13, "first_token_same": 13, "all_tokens_identical": 13, "max_first_top5_lp_diff": 0, "max_lp_diff_common_prefix": 0.0}
ALLDONE
DONE rc=0
