EXPERIMENT formal_A_plus_172_dev_N22 reference=047 no_profiler no_output_equality_gate
1e61a387557c087417d24f9981627789c6988e0a7a516e75f8a98d2bd362c6e3  /tmp/ax/verify_kit/level_verdict.py
8ac02956bece026b4f463548df3ead42b6e9b57774764c72015cc6b3ca0c36d6  /tmp/ax/verify_kit/run_dev_checked.py
ecbcd6c81d6921939a74d5f7919ccfaee8fa837d6310afb5c3cfa5753c81384f  /tmp/ax/verify_kit/score_formal.py
4e5fdbd479b22ba05173ddeb71b30c108b4bca0fb57993eb0ab91746275b783f  /tmp/ax/s1/s1-dev/run_dev.py
00c79cb68219a95420bb73048e701719953c8931b5dc70dd6822cc4ff3d4d047  /tmp/ax/s1/s1-dev/data/dev-combined-v1/requests.jsonl
9221a2fae6470e552dfb4ac707927f0ce3c4d8c1ef823f7ec90ca55ca7578f19  /tmp/ax/s1/s1-dev/harness/g0a/samples_v3/cohort_dev-combined-v1.json
/tmp/ax/patches/172-moe-clamped-swiglu.patch: OK
src off_a_172_n22: 000-interface-compliance.patch 101-role-boundary-split.patch 106-defer-chunk-on-no-kv.patch 110-sm80-dsa-indexer.patch 111-sm80-fp8-moe-marlin.patch 114-indexer-row-shard.patch 120-sched-protect-chain.patch 121-sched-cap-while-decoding.patch 130-async-tokenize.patch 140-kda-dual-snapshot.patch 150-startup-warmup.patch 160-nextn-sm80.patch 170-glm-bcg-prefill.patch 172-moe-clamped-swiglu.patch sig=d4dac0b2e3c84b71
ENGINE_READY after 160s
ENGINE_STARTED: off_a_172_n22 d4dac0b2e3c84b71 | --schedule-policy lpm --dsa-prefill-backend tilelang --dsa-decode-backend tilelang --kv-cache-dtype bfloat16 --linear-attn-backend triton --linear-attn-verify-backend triton --speculative-algorithm NEXTN --speculative-draft-model-path /mnt/models --speculative-num-steps 3 --speculative-eagle-topk 1 --speculative-num-draft-tokens 4 --max-running-requests 32 --cuda-graph-max-bs 32 --prefill-decode-interval 2 | NCCL_VERSION=2.28.3-1 SGLANG_ARENA_ROLE_BOUNDARY_TOKEN_IDS=154827,154829 SGLANG_AX_ASYNC_TOKENIZE=0 SGLANG_AX_INDEXER_ROW_SHARD=1 SGLANG_AX_KDA_DUAL_SNAPSHOT=0 SGLANG_AX_MOE_FUSE_SWIGLU=1 SGLANG_AX_SCHED_COLD_CAP=4096 SGLANG_AX_SCHED_PROTECT=1 SGLANG_AX_SCHED_SHORT_TOKENS=8192 SGLANG_MAMBA_SSM_DTYPE=float32 SGLANG_OPT_DEEPGEMM_HC_PRENORM=0 SGLANG_OPT_FUSED_KDA_VERIFY=0 
[2026-09-24 07:35:08 TP3] KV Cache is allocated. dtype: torch.bfloat16, #tokens: 1036288, KV size: 1.12 GB
[2026-09-24 07:35:26 TP0] max_total_num_tokens=1036288, chunked_prefill_size=8192, max_prefill_tokens=16384, max_running_requests=32, context_len=1048576, available_gpu_mem=14.10 GB
PATCH_SHA e0d7924989ebb538e331110f4458ccd4e95a0bfa3cbd87dfb8324ac0328960f6  000-interface-compliance.patch
PATCH_SHA 0f6ee401c8bafd6d3c62f18a33545e1a777140eb9df53774029b60ae0a3694e0  101-role-boundary-split.patch
PATCH_SHA a2c9f92d8a0abc96eaec515e6afa216a8ffa98037431748c1e0f846b66a03174  106-defer-chunk-on-no-kv.patch
PATCH_SHA 6a592ffc62b655c91672d2c31d76d2ecf9bbc3526a6f86f95ff28907522c5360  110-sm80-dsa-indexer.patch
PATCH_SHA 67e358bb9e52da343f0848b6fe96c778e6473efcd32f9df450213c6dcfb7d26a  111-sm80-fp8-moe-marlin.patch
PATCH_SHA 70c078d01b17c3d1051e18f31253dd0beab0f58b642599978d4630fcd7352a9c  114-indexer-row-shard.patch
PATCH_SHA ef1744b3a51c2ee87fc0ceb858a04cca078c4720ad50b16ff7498a1b0ee7eb1a  120-sched-protect-chain.patch
PATCH_SHA dee943778854ba4d19c804fcee9070338e9f6eb51529b30d658b13e8c0f5faa0  121-sched-cap-while-decoding.patch
PATCH_SHA d48bf2a2d8a4c4daf68981aefdbc1646cf2d36b986ebf610f41e377a60ba2380  130-async-tokenize.patch
PATCH_SHA 1fcb1ca8c6502b7c8a58f32c16bf34dbf3431d159cd649fdbf1b658ce7c2ff35  140-kda-dual-snapshot.patch
PATCH_SHA 3d53476f8d94262e55241bb2295e3b9b96fb0ffc243469aaef9541d4169f20af  150-startup-warmup.patch
PATCH_SHA 3547ff7d6d583b5ca19e0474a9ed0bd3fff3a355d5298868ee9f83ee96000a40  160-nextn-sm80.patch
PATCH_SHA 48eeac6b956102d4394ace56e6fbbed343082b060b9aefd9548f73cc644320d5  170-glm-bcg-prefill.patch
PATCH_SHA 2752e70a32a732294b6025bd13ad6226c269c885c25fb96800885da5b669d606  172-moe-clamped-swiglu.patch
PRECHECK (info only) kv_tokens=1036288 patches=000-interface-compliance.patch,101-role-boundary-split.patch,106-defer-chunk-on-no-kv.patch,110-sm80-dsa-indexer.patch,111-sm80-fp8-moe-marlin.patch,114-indexer-row-shard.patch,120-sched-protect-chain.patch,121-sched-cap-while-decoding.patch,130-async-tokenize.patch,140-kda-dual-snapshot.patch,150-startup-warmup.patch,160-nextn-sm80.patch,170-glm-bcg-prefill.patch,172-moe-clamped-swiglu.patch args=[--kv-cache-dtype bfloat16 --linear-attn-backend triton --linear-attn-verify-backend triton --speculative-algorithm NEXTN --speculative-draft-model-path /mnt/models --speculative-num-steps 3 --speculative-eagle-topk 1 --speculative-num-draft-tokens 4 --max-running-requests 32 --cuda-graph-max-bs 32 --prefill-decode-interval 2] env=[SGLANG_AX_KDA_DUAL_SNAPSHOT=0 SGLANG_AX_SCHED_PROTECT=1 SGLANG_AX_SCHED_SHORT_TOKENS=8192 SGLANG_AX_ASYNC_TOKENIZE=0 SGLANG_MAMBA_SSM_DTYPE=float32 SGLANG_OPT_FUSED_KDA_VERIFY=0 SGLANG_AX_INDEXER_ROW_SHARD=1 SGLANG_AX_SCHED_COLD_CAP=4096 SGLANG_AX_MOE_FUSE_SWIGLU=1]
LEVEL N=22 status=VALID formal_est=FAIL tpot_mean=0.0610 tpot_p95=0.0850 | fast_intra:7.8674(33/23) overall_intra:12.1475(53/27) turn_start:36.8287(2/3) chain_start:81.2091(62/22) | failed=['fast_intra(uncached_expected<=4096,<=3s)', 'overall_intra(<=5s)', 'chain_start(<=30s)']
CI_DIAGNOSTIC primary=clopper_pearson organizer_method=unknown {"diagnostic_only": true, "primary_method": "clopper_pearson", "organizer_method_unknown": true, "sensitive_ttft_gates": [], "all_gates_pass_by_method": {"clopper_pearson": false, "wilson": false, "wald": false}}
INFO N=22   gpu3 util avg 93%
LADDER stop at N=22 (estimated FAIL); see individual levels for any earlier pass
