{"baseline_sha256": "5550e3e947457116651a8b7eb650abe10736476cf280e4d1c9b2bae0370c5c14", "bf16_reduced_precision_reduction": true, "capability": [8, 0], "device": "NVIDIA A100-SXM4-80GB", "kind": "environment", "mode": "all", "oracle_sha256": "3ffe82c74402aed9ceb0ba6113209850cdc8c1b21eb8f36c330e895578bd103f", "reused_test_sha256": "2d1f6406f6fe578aac58e618fbbf831b15abb26a02c23b9b062eb3f9c9c27d89", "seed": 44, "source_sha256": "234333413e28911e40df5ad87ef2a997b0228a0c24dc6c825050542cc8854fd8", "test_sha256": "520cb0fbb187bf4632659a7ae6fd1f53bfbf0591c1c0b6c2c154fd78f671326a", "torch": "2.13.0+cu130", "triton": "3.7.1"}
{"kind": "reference", "name": "110"}
{"finite_bits_exact": 254, "kind": "fp8_bits", "nan_class_exact": 2, "tested": 256}
{"kind": "numeric", "label": "decode B=1 L=1024 N=1 ctx=B", "max_abs": 3.814697265625e-06, "max_row_relative_l2": 7.84974716339093e-08, "max_row_relative_linf": 9.088822849889766e-08, "min_topk_overlap": 1.0, "shape": [1, 1041]}
{"kind": "numeric", "label": "decode B=1 L=1024 N=1 ctx=BN", "max_abs": 7.62939453125e-06, "max_row_relative_l2": 6.802752494650122e-08, "max_row_relative_linf": 1.4052304209144495e-07, "min_topk_overlap": 1.0, "shape": [1, 1041]}
{"kind": "numeric", "label": "decode B=1 L=1024 N=2 ctx=B", "max_abs": 1.1444091796875e-05, "max_row_relative_l2": 7.441597205115613e-08, "max_row_relative_linf": 1.959912054871893e-07, "min_topk_overlap": 1.0, "shape": [2, 1041]}
{"kind": "numeric", "label": "decode B=1 L=1024 N=2 ctx=BN", "max_abs": 5.7220458984375e-06, "max_row_relative_l2": 8.686282626513275e-08, "max_row_relative_linf": 1.2388247228045657e-07, "min_topk_overlap": 1.0, "shape": [2, 1041]}
{"kind": "numeric", "label": "decode B=1 L=32000 N=1 ctx=B", "max_abs": 1.52587890625e-05, "max_row_relative_l2": 6.532533802783291e-08, "max_row_relative_linf": 1.6044138817505882e-07, "min_topk_overlap": 1.0, "shape": [1, 32017]}
{"kind": "numeric", "label": "decode B=1 L=32000 N=1 ctx=BN", "max_abs": 7.62939453125e-06, "max_row_relative_l2": 7.278306668467849e-08, "max_row_relative_linf": 1.221535796958051e-07, "min_topk_overlap": 1.0, "shape": [1, 32017]}
{"kind": "numeric", "label": "decode B=1 L=32000 N=2 ctx=B", "max_abs": 7.62939453125e-06, "max_row_relative_l2": 8.851065302906136e-08, "max_row_relative_linf": 1.2743603861053998e-07, "min_topk_overlap": 1.0, "shape": [2, 32017]}
{"kind": "numeric", "label": "decode B=1 L=32000 N=2 ctx=BN", "max_abs": 1.1444091796875e-05, "max_row_relative_l2": 7.116061340184388e-08, "max_row_relative_linf": 1.573011871869312e-07, "min_topk_overlap": 1.0, "shape": [2, 32017]}
{"kind": "numeric", "label": "decode B=1 L=190000 N=1 ctx=B", "max_abs": 7.62939453125e-06, "max_row_relative_l2": 7.712176142149474e-08, "max_row_relative_linf": 1.3936134735104133e-07, "min_topk_overlap": 1.0, "shape": [1, 190017]}
{"kind": "numeric", "label": "decode B=1 L=190000 N=1 ctx=BN", "max_abs": 1.52587890625e-05, "max_row_relative_l2": 7.485149211561293e-08, "max_row_relative_linf": 1.5704128486504487e-07, "min_topk_overlap": 1.0, "shape": [1, 190017]}
{"kind": "numeric", "label": "decode B=1 L=190000 N=2 ctx=B", "max_abs": 1.52587890625e-05, "max_row_relative_l2": 9.385487231838852e-08, "max_row_relative_linf": 1.8042526050976448e-07, "min_topk_overlap": 1.0, "shape": [2, 190017]}
{"kind": "numeric", "label": "decode B=1 L=190000 N=2 ctx=BN", "max_abs": 1.1444091796875e-05, "max_row_relative_l2": 8.724652644787056e-08, "max_row_relative_linf": 1.8802806778239756e-07, "min_topk_overlap": 1.0, "shape": [2, 190017]}
{"kind": "numeric", "label": "decode B=6 L=1024 N=1 ctx=B", "max_abs": 7.62939453125e-06, "max_row_relative_l2": 8.37468476788672e-08, "max_row_relative_linf": 1.4583009999569185e-07, "min_topk_overlap": 1.0, "shape": [6, 1041]}
{"kind": "numeric", "label": "decode B=6 L=1024 N=1 ctx=BN", "max_abs": 7.62939453125e-06, "max_row_relative_l2": 8.308995802508434e-08, "max_row_relative_linf": 1.3075877802748437e-07, "min_topk_overlap": 1.0, "shape": [6, 1041]}
{"kind": "numeric", "label": "decode B=6 L=1024 N=2 ctx=B", "max_abs": 5.7220458984375e-06, "max_row_relative_l2": 8.740999390965953e-08, "max_row_relative_linf": 1.3536603660213586e-07, "min_topk_overlap": 1.0, "shape": [12, 1041]}
{"kind": "numeric", "label": "decode B=6 L=1024 N=2 ctx=BN", "max_abs": 7.62939453125e-06, "max_row_relative_l2": 9.590645078105808e-08, "max_row_relative_linf": 1.675654885957556e-07, "min_topk_overlap": 1.0, "shape": [12, 1041]}
{"kind": "numeric", "label": "decode B=6 L=32000 N=1 ctx=B", "max_abs": 1.52587890625e-05, "max_row_relative_l2": 8.40350082853547e-08, "max_row_relative_linf": 1.7601115587240201e-07, "min_topk_overlap": 1.0, "shape": [6, 32017]}
{"kind": "numeric", "label": "decode B=6 L=32000 N=1 ctx=BN", "max_abs": 1.52587890625e-05, "max_row_relative_l2": 8.612285995468483e-08, "max_row_relative_linf": 1.6412816705724254e-07, "min_topk_overlap": 1.0, "shape": [6, 32017]}
{"kind": "numeric", "label": "decode B=6 L=32000 N=2 ctx=B", "max_abs": 1.1444091796875e-05, "max_row_relative_l2": 8.730324196903894e-08, "max_row_relative_linf": 1.8336834273213753e-07, "min_topk_overlap": 1.0, "shape": [12, 32017]}
{"kind": "numeric", "label": "decode B=6 L=32000 N=2 ctx=BN", "max_abs": 1.52587890625e-05, "max_row_relative_l2": 8.828936159943623e-08, "max_row_relative_linf": 1.7187292655762576e-07, "min_topk_overlap": 1.0, "shape": [12, 32017]}
{"kind": "numeric", "label": "decode B=6 L=190000 N=1 ctx=B", "max_abs": 1.52587890625e-05, "max_row_relative_l2": 9.268675427165363e-08, "max_row_relative_linf": 1.913693807864547e-07, "min_topk_overlap": 1.0, "shape": [6, 190017]}
{"kind": "numeric", "label": "decode B=6 L=190000 N=1 ctx=BN", "max_abs": 1.52587890625e-05, "max_row_relative_l2": 9.788397647980673e-08, "max_row_relative_linf": 1.8891044817337388e-07, "min_topk_overlap": 1.0, "shape": [6, 190017]}
{"kind": "numeric", "label": "decode B=6 L=190000 N=2 ctx=B", "max_abs": 1.52587890625e-05, "max_row_relative_l2": 8.994646805149387e-08, "max_row_relative_linf": 1.88677319101771e-07, "min_topk_overlap": 1.0, "shape": [12, 190017]}
{"kind": "numeric", "label": "decode B=6 L=190000 N=2 ctx=BN", "max_abs": 1.52587890625e-05, "max_row_relative_l2": 9.427759550817427e-08, "max_row_relative_linf": 2.121278441791219e-07, "min_topk_overlap": 1.0, "shape": [12, 190017]}
{"kind": "numeric", "label": "decode B=32 L=1024 N=1 ctx=B", "max_abs": 1.1444091796875e-05, "max_row_relative_l2": 9.593387062523107e-08, "max_row_relative_linf": 2.3635907098196185e-07, "min_topk_overlap": 1.0, "shape": [32, 1041]}
{"kind": "numeric", "label": "decode B=32 L=1024 N=1 ctx=BN", "max_abs": 1.1444091796875e-05, "max_row_relative_l2": 9.267720457728501e-08, "max_row_relative_linf": 2.1231052471648582e-07, "min_topk_overlap": 1.0, "shape": [32, 1041]}
{"kind": "numeric", "label": "decode B=32 L=1024 N=2 ctx=B", "max_abs": 1.52587890625e-05, "max_row_relative_l2": 9.496041286638501e-08, "max_row_relative_linf": 2.3545275951164513e-07, "min_topk_overlap": 1.0, "shape": [64, 1041]}
{"kind": "numeric", "label": "decode B=32 L=1024 N=2 ctx=BN", "max_abs": 1.52587890625e-05, "max_row_relative_l2": 9.89636461667942e-08, "max_row_relative_linf": 2.0538259093427769e-07, "min_topk_overlap": 1.0, "shape": [64, 1041]}
{"kind": "numeric", "label": "decode B=32 L=32000 N=1 ctx=B", "max_abs": 1.52587890625e-05, "max_row_relative_l2": 9.410054246927757e-08, "max_row_relative_linf": 1.9426579456194304e-07, "min_topk_overlap": 1.0, "shape": [32, 32017]}
{"kind": "numeric", "label": "decode B=32 L=32000 N=1 ctx=BN", "max_abs": 1.52587890625e-05, "max_row_relative_l2": 9.682408830258282e-08, "max_row_relative_linf": 1.760577816867226e-07, "min_topk_overlap": 1.0, "shape": [32, 32017]}
{"kind": "numeric", "label": "decode B=32 L=32000 N=2 ctx=B", "max_abs": 1.52587890625e-05, "max_row_relative_l2": 9.671553868884075e-08, "max_row_relative_linf": 2.2522532105995197e-07, "min_topk_overlap": 1.0, "shape": [64, 32017]}
{"kind": "numeric", "label": "decode B=32 L=32000 N=2 ctx=BN", "max_abs": 1.52587890625e-05, "max_row_relative_l2": 9.710877435509246e-08, "max_row_relative_linf": 2.2238126007323444e-07, "min_topk_overlap": 1.0, "shape": [64, 32017]}
{"kind": "numeric", "label": "decode B=32 L=190000 N=1 ctx=B", "max_abs": 1.52587890625e-05, "max_row_relative_l2": 9.635417796971524e-08, "max_row_relative_linf": 2.1400168748186843e-07, "min_topk_overlap": 1.0, "shape": [32, 190017]}
{"kind": "numeric", "label": "decode B=32 L=190000 N=1 ctx=BN", "max_abs": 1.52587890625e-05, "max_row_relative_l2": 9.930928257517735e-08, "max_row_relative_linf": 2.0189119709357328e-07, "min_topk_overlap": 1.0, "shape": [32, 190017]}
{"kind": "numeric", "label": "decode B=32 L=190000 N=2 ctx=B", "max_abs": 1.52587890625e-05, "max_row_relative_l2": 9.601745176723853e-08, "max_row_relative_linf": 2.2346401351569511e-07, "min_topk_overlap": 1.0, "shape": [64, 190017]}
{"kind": "numeric", "label": "decode B=32 L=190000 N=2 ctx=BN", "max_abs": 1.52587890625e-05, "max_row_relative_l2": 9.558521441022094e-08, "max_row_relative_linf": 2.134263752395782e-07, "min_topk_overlap": 1.0, "shape": [64, 190017]}
{"kind": "numeric", "label": "edge L=0 clean=False", "max_abs": 0.0, "max_row_relative_l2": 0.0, "max_row_relative_linf": 0.0, "min_topk_overlap": 1.0, "shape": [16, 17]}
{"kind": "numeric", "label": "edge L=0 clean=True", "max_abs": 0.0, "max_row_relative_l2": 0.0, "max_row_relative_linf": 0.0, "min_topk_overlap": 1.0, "shape": [16, 17]}
{"kind": "numeric", "label": "edge L=1 clean=False", "max_abs": 7.62939453125e-06, "max_row_relative_l2": 1.249977259476509e-07, "max_row_relative_linf": 1.249977259476509e-07, "min_topk_overlap": 1.0, "shape": [16, 18]}
{"kind": "numeric", "label": "edge L=1 clean=True", "max_abs": 7.62939453125e-06, "max_row_relative_l2": 1.249977259476509e-07, "max_row_relative_linf": 1.249977259476509e-07, "min_topk_overlap": 1.0, "shape": [16, 18]}
{"kind": "numeric", "label": "edge L=63 clean=False", "max_abs": 7.62939453125e-06, "max_row_relative_l2": 1.0753052492873394e-07, "max_row_relative_linf": 1.516214354069234e-07, "min_topk_overlap": 1.0, "shape": [16, 80]}
{"kind": "numeric", "label": "edge L=63 clean=True", "max_abs": 7.62939453125e-06, "max_row_relative_l2": 1.0753052492873394e-07, "max_row_relative_linf": 1.516214354069234e-07, "min_topk_overlap": 1.0, "shape": [16, 80]}
{"kind": "numeric", "label": "edge L=64 clean=False", "max_abs": 7.62939453125e-06, "max_row_relative_l2": 9.427946423556932e-08, "max_row_relative_linf": 1.6478196585012483e-07, "min_topk_overlap": 1.0, "shape": [16, 81]}
{"kind": "numeric", "label": "edge L=64 clean=True", "max_abs": 7.62939453125e-06, "max_row_relative_l2": 9.427946423556932e-08, "max_row_relative_linf": 1.6478196585012483e-07, "min_topk_overlap": 1.0, "shape": [16, 81]}
{"kind": "numeric", "label": "edge L=65 clean=False", "max_abs": 3.814697265625e-06, "max_row_relative_l2": 1.015855772834584e-07, "max_row_relative_linf": 1.2848710184698575e-07, "min_topk_overlap": 1.0, "shape": [16, 82]}
{"kind": "numeric", "label": "edge L=65 clean=True", "max_abs": 3.814697265625e-06, "max_row_relative_l2": 1.015855772834584e-07, "max_row_relative_linf": 1.2848710184698575e-07, "min_topk_overlap": 1.0, "shape": [16, 82]}
{"kind": "numeric", "label": "edge L=1025 clean=False", "max_abs": 1.1444091796875e-05, "max_row_relative_l2": 1.0143923390160126e-07, "max_row_relative_linf": 1.7850308609013155e-07, "min_topk_overlap": 1.0, "shape": [16, 1042]}
{"kind": "numeric", "label": "edge L=1025 clean=True", "max_abs": 1.1444091796875e-05, "max_row_relative_l2": 1.0143923390160126e-07, "max_row_relative_linf": 1.7850308609013155e-07, "min_topk_overlap": 1.0, "shape": [16, 1042]}
{"kind": "numeric", "label": "prefill nq=37 nk=1 clean=False", "max_abs": 2.86102294921875e-06, "max_row_relative_l2": 1.0914684480667347e-06, "max_row_relative_linf": 1.0914684480667347e-06, "min_topk_overlap": 1.0, "shape": [37, 1]}
{"kind": "numeric", "label": "prefill nq=37 nk=1 clean=True", "max_abs": 2.86102294921875e-06, "max_row_relative_l2": 4.6012371512915706e-07, "max_row_relative_linf": 4.6012371512915706e-07, "min_topk_overlap": 1.0, "shape": [37, 1]}
{"kind": "numeric", "label": "prefill nq=37 nk=65 clean=False", "max_abs": 1.1444091796875e-05, "max_row_relative_l2": 1.4410574067369453e-07, "max_row_relative_linf": 3.566383384168148e-07, "min_topk_overlap": 1.0, "shape": [37, 65]}
{"kind": "numeric", "label": "prefill nq=37 nk=65 clean=True", "max_abs": 8.52346420288086e-06, "max_row_relative_l2": 4.4204332994013384e-07, "max_row_relative_linf": 4.4204332994013384e-07, "min_topk_overlap": 1.0, "shape": [37, 65]}
{"kind": "numeric", "label": "prefill nq=37 nk=1024 clean=False", "max_abs": 1.1444091796875e-05, "max_row_relative_l2": 1.2923737813252956e-07, "max_row_relative_linf": 3.332897904329002e-07, "min_topk_overlap": 1.0, "shape": [37, 1024]}
{"kind": "numeric", "label": "prefill nq=37 nk=1024 clean=True", "max_abs": 1.1444091796875e-05, "max_row_relative_l2": 3.0697228226017614e-07, "max_row_relative_linf": 3.0697228226017614e-07, "min_topk_overlap": 1.0, "shape": [37, 1024]}
{"kind": "numeric", "label": "prefill nq=37 nk=32000 clean=False", "max_abs": 2.288818359375e-05, "max_row_relative_l2": 1.1482283923669456e-07, "max_row_relative_linf": 3.4491100109335093e-07, "min_topk_overlap": 1.0, "shape": [37, 32000]}
{"kind": "numeric", "label": "prefill nq=37 nk=32000 clean=True", "max_abs": 1.52587890625e-05, "max_row_relative_l2": 4.5906503487458394e-07, "max_row_relative_linf": 4.5906503487458394e-07, "min_topk_overlap": 1.0, "shape": [37, 32000]}
{"kind": "numeric", "label": "prefill nq=37 nk=190000 clean=False", "max_abs": 1.9073486328125e-05, "max_row_relative_l2": 1.1710424985267309e-07, "max_row_relative_linf": 2.6170368983002845e-07, "min_topk_overlap": 1.0, "shape": [37, 190000]}
{"kind": "numeric", "label": "prefill nq=37 nk=190000 clean=True", "max_abs": 2.288818359375e-05, "max_row_relative_l2": 9.131063620770874e-07, "max_row_relative_linf": 9.131063620770874e-07, "min_topk_overlap": 1.0, "shape": [37, 190000]}
{"kind": "numeric", "label": "decode scale=0.001", "max_abs": 5.820766091346741e-11, "max_row_relative_l2": 9.295685288179811e-08, "max_row_relative_linf": 2.1279261375184433e-07, "min_topk_overlap": 1.0, "shape": [12, 32017]}
{"kind": "numeric", "label": "prefill scale=0.001", "max_abs": 8.731149137020111e-11, "max_row_relative_l2": 1.1526527998739766e-07, "max_row_relative_linf": 2.81056657058798e-07, "min_topk_overlap": 1.0, "shape": [37, 32000]}
{"kind": "numeric", "label": "decode scale=30.0", "max_abs": 2.44140625, "max_row_relative_l2": 3.6640236089624523e-07, "max_row_relative_linf": 1.044974214892136e-05, "min_topk_overlap": 1.0, "shape": [12, 32017]}
{"kind": "numeric", "label": "prefill scale=30.0", "max_abs": 0.0625, "max_row_relative_l2": 1.1776896968740402e-07, "max_row_relative_linf": 2.5159653205264476e-07, "min_topk_overlap": 1.0, "shape": [37, 32000]}
{"kind": "numeric", "label": "decode scale=100.0", "max_abs": 0.5, "max_row_relative_l2": 9.142299717268543e-08, "max_row_relative_linf": 1.849613084914381e-07, "min_topk_overlap": 1.0, "shape": [12, 32017]}
{"kind": "numeric", "label": "prefill scale=100.0", "max_abs": 0.625, "max_row_relative_l2": 2.6926520035885915e-07, "max_row_relative_linf": 2.6926520035885915e-07, "min_topk_overlap": 1.0, "shape": [37, 32000]}
{"kind": "numeric", "label": "heads decode h=8", "max_abs": 3.814697265625e-06, "max_row_relative_l2": 5.376210054919284e-08, "max_row_relative_linf": 1.1414763179118381e-07, "min_topk_overlap": 1.0, "shape": [2, 1042]}
{"kind": "numeric", "label": "heads prefill h=8", "max_abs": 1.9073486328125e-06, "max_row_relative_l2": 1.0614433421096692e-07, "max_row_relative_linf": 1.0614433421096692e-07, "min_topk_overlap": 1.0, "shape": [9, 1025]}
{"kind": "numeric", "label": "heads decode h=16", "max_abs": 5.7220458984375e-06, "max_row_relative_l2": 8.264302664429124e-08, "max_row_relative_linf": 1.3912327290199755e-07, "min_topk_overlap": 1.0, "shape": [2, 1042]}
{"kind": "numeric", "label": "heads prefill h=16", "max_abs": 5.7220458984375e-06, "max_row_relative_l2": 9.308000414876005e-08, "max_row_relative_linf": 1.5375429995856393e-07, "min_topk_overlap": 1.0, "shape": [9, 1025]}
{"kind": "numeric", "label": "heads decode h=64", "max_abs": 1.52587890625e-05, "max_row_relative_l2": 8.5383412340434e-08, "max_row_relative_linf": 2.2688683998239867e-07, "min_topk_overlap": 1.0, "shape": [2, 1042]}
{"kind": "numeric", "label": "heads prefill h=64", "max_abs": 1.52587890625e-05, "max_row_relative_l2": 1.0045810086012352e-06, "max_row_relative_linf": 1.0045810086012352e-06, "min_topk_overlap": 1.0, "shape": [9, 1025]}
{"kind": "numeric", "label": "output shorter than context", "max_abs": 7.62939453125e-06, "max_row_relative_l2": 1.1226975260569816e-07, "max_row_relative_linf": 2.1079505074794724e-07, "min_topk_overlap": 1.0, "shape": [12, 31]}
{"kind": "numeric", "label": "3D query", "max_abs": 3.814697265625e-06, "max_row_relative_l2": 1.2729736909022904e-07, "max_row_relative_linf": 1.7461742629620858e-07, "min_topk_overlap": 1.0, "shape": [2, 82]}
{"kind": "numeric", "label": "graph decode step=0", "max_abs": 1.52587890625e-05, "max_row_relative_l2": 8.859721845055901e-08, "max_row_relative_linf": 1.8353520658820344e-07, "min_topk_overlap": 1.0, "shape": [12, 32017]}
{"kind": "numeric", "label": "graph decode step=1", "max_abs": 7.62939453125e-06, "max_row_relative_l2": 1.0015323681500377e-07, "max_row_relative_linf": 1.6539119940262026e-07, "min_topk_overlap": 1.0, "shape": [12, 32017]}
{"kind": "numeric", "label": "graph decode step=2", "max_abs": 0.0, "max_row_relative_l2": 0.0, "max_row_relative_linf": 0.0, "min_topk_overlap": 1.0, "shape": [12, 32017]}
{"eager_bit_exact": true, "kind": "graph", "name": "decode", "replays": 3}
{"kind": "numeric", "label": "graph decode_b step=0", "max_abs": 7.62939453125e-06, "max_row_relative_l2": 9.240121556786107e-08, "max_row_relative_linf": 2.18479257796389e-07, "min_topk_overlap": 1.0, "shape": [12, 32017]}
{"kind": "numeric", "label": "graph decode_b step=1", "max_abs": 3.814697265625e-06, "max_row_relative_l2": 9.702829828484028e-08, "max_row_relative_linf": 1.528452600041419e-07, "min_topk_overlap": 1.0, "shape": [12, 32017]}
{"kind": "numeric", "label": "graph decode_b step=2", "max_abs": 0.0, "max_row_relative_l2": 0.0, "max_row_relative_linf": 0.0, "min_topk_overlap": 1.0, "shape": [12, 32017]}
{"eager_bit_exact": true, "kind": "graph", "name": "decode_b", "replays": 3}
{"kind": "numeric", "label": "graph prefill step=0", "max_abs": 2.288818359375e-05, "max_row_relative_l2": 1.2652161274218088e-07, "max_row_relative_linf": 2.6062434699269943e-07, "min_topk_overlap": 1.0, "shape": [37, 32000]}
{"kind": "numeric", "label": "graph prefill step=1", "max_abs": 6.67572021484375e-06, "max_row_relative_l2": 1.7137119812105084e-07, "max_row_relative_linf": 3.3082366712733347e-07, "min_topk_overlap": 1.0, "shape": [37, 32000]}
{"kind": "numeric", "label": "graph prefill step=2", "max_abs": 0.0, "max_row_relative_l2": 0.0, "max_row_relative_linf": 0.0, "min_topk_overlap": 1.0, "shape": [37, 32000]}
{"eager_bit_exact": true, "kind": "graph", "name": "prefill", "replays": 3}
{"kind": "numeric", "label": "graph prefill_dirty step=0", "max_abs": 2.288818359375e-05, "max_row_relative_l2": 1.1751746598065438e-07, "max_row_relative_linf": 3.0282851071206096e-07, "min_topk_overlap": 1.0, "shape": [37, 32000]}
{"kind": "numeric", "label": "graph prefill_dirty step=1", "max_abs": 2.288818359375e-05, "max_row_relative_l2": 1.1475732719645748e-07, "max_row_relative_linf": 3.0184136790012417e-07, "min_topk_overlap": 1.0, "shape": [37, 32000]}
{"kind": "numeric", "label": "graph prefill_dirty step=2", "max_abs": 1.9073486328125e-05, "max_row_relative_l2": 1.1157231938341283e-07, "max_row_relative_linf": 2.589455903034832e-07, "min_topk_overlap": 1.0, "shape": [37, 32000]}
{"eager_bit_exact": true, "kind": "graph", "name": "prefill_dirty", "replays": 3}
{"kind": "reference", "name": "112"}
{"finite_bits_exact": 254, "kind": "fp8_bits", "nan_class_exact": 2, "tested": 256}
{"kind": "numeric", "label": "decode B=1 L=1024 N=1 ctx=B", "max_abs": 0.0, "max_row_relative_l2": 0.0, "max_row_relative_linf": 0.0, "min_topk_overlap": 1.0, "shape": [1, 1041]}
{"kind": "numeric", "label": "decode B=1 L=1024 N=1 ctx=BN", "max_abs": 0.0, "max_row_relative_l2": 0.0, "max_row_relative_linf": 0.0, "min_topk_overlap": 1.0, "shape": [1, 1041]}
{"kind": "numeric", "label": "decode B=1 L=1024 N=2 ctx=B", "max_abs": 0.0, "max_row_relative_l2": 0.0, "max_row_relative_linf": 0.0, "min_topk_overlap": 1.0, "shape": [2, 1041]}
{"kind": "numeric", "label": "decode B=1 L=1024 N=2 ctx=BN", "max_abs": 0.0, "max_row_relative_l2": 0.0, "max_row_relative_linf": 0.0, "min_topk_overlap": 1.0, "shape": [2, 1041]}
{"kind": "numeric", "label": "decode B=1 L=32000 N=1 ctx=B", "max_abs": 0.0, "max_row_relative_l2": 0.0, "max_row_relative_linf": 0.0, "min_topk_overlap": 1.0, "shape": [1, 32017]}
{"kind": "numeric", "label": "decode B=1 L=32000 N=1 ctx=BN", "max_abs": 0.0, "max_row_relative_l2": 0.0, "max_row_relative_linf": 0.0, "min_topk_overlap": 1.0, "shape": [1, 32017]}
{"kind": "numeric", "label": "decode B=1 L=32000 N=2 ctx=B", "max_abs": 0.0, "max_row_relative_l2": 0.0, "max_row_relative_linf": 0.0, "min_topk_overlap": 1.0, "shape": [2, 32017]}
{"kind": "numeric", "label": "decode B=1 L=32000 N=2 ctx=BN", "max_abs": 0.0, "max_row_relative_l2": 0.0, "max_row_relative_linf": 0.0, "min_topk_overlap": 1.0, "shape": [2, 32017]}
{"kind": "numeric", "label": "decode B=1 L=190000 N=1 ctx=B", "max_abs": 0.0, "max_row_relative_l2": 0.0, "max_row_relative_linf": 0.0, "min_topk_overlap": 1.0, "shape": [1, 190017]}
{"kind": "numeric", "label": "decode B=1 L=190000 N=1 ctx=BN", "max_abs": 0.0, "max_row_relative_l2": 0.0, "max_row_relative_linf": 0.0, "min_topk_overlap": 1.0, "shape": [1, 190017]}
{"kind": "numeric", "label": "decode B=1 L=190000 N=2 ctx=B", "max_abs": 0.0, "max_row_relative_l2": 0.0, "max_row_relative_linf": 0.0, "min_topk_overlap": 1.0, "shape": [2, 190017]}
{"kind": "numeric", "label": "decode B=1 L=190000 N=2 ctx=BN", "max_abs": 0.0, "max_row_relative_l2": 0.0, "max_row_relative_linf": 0.0, "min_topk_overlap": 1.0, "shape": [2, 190017]}
{"kind": "numeric", "label": "decode B=6 L=1024 N=1 ctx=B", "max_abs": 0.0, "max_row_relative_l2": 0.0, "max_row_relative_linf": 0.0, "min_topk_overlap": 1.0, "shape": [6, 1041]}
{"kind": "numeric", "label": "decode B=6 L=1024 N=1 ctx=BN", "max_abs": 0.0, "max_row_relative_l2": 0.0, "max_row_relative_linf": 0.0, "min_topk_overlap": 1.0, "shape": [6, 1041]}
{"kind": "numeric", "label": "decode B=6 L=1024 N=2 ctx=B", "max_abs": 0.0, "max_row_relative_l2": 0.0, "max_row_relative_linf": 0.0, "min_topk_overlap": 1.0, "shape": [12, 1041]}
{"kind": "numeric", "label": "decode B=6 L=1024 N=2 ctx=BN", "max_abs": 0.0, "max_row_relative_l2": 0.0, "max_row_relative_linf": 0.0, "min_topk_overlap": 1.0, "shape": [12, 1041]}
{"kind": "numeric", "label": "decode B=6 L=32000 N=1 ctx=B", "max_abs": 0.0, "max_row_relative_l2": 0.0, "max_row_relative_linf": 0.0, "min_topk_overlap": 1.0, "shape": [6, 32017]}
{"kind": "numeric", "label": "decode B=6 L=32000 N=1 ctx=BN", "max_abs": 0.0, "max_row_relative_l2": 0.0, "max_row_relative_linf": 0.0, "min_topk_overlap": 1.0, "shape": [6, 32017]}
{"kind": "numeric", "label": "decode B=6 L=32000 N=2 ctx=B", "max_abs": 0.0, "max_row_relative_l2": 0.0, "max_row_relative_linf": 0.0, "min_topk_overlap": 1.0, "shape": [12, 32017]}
{"kind": "numeric", "label": "decode B=6 L=32000 N=2 ctx=BN", "max_abs": 0.0, "max_row_relative_l2": 0.0, "max_row_relative_linf": 0.0, "min_topk_overlap": 1.0, "shape": [12, 32017]}
{"kind": "numeric", "label": "decode B=6 L=190000 N=1 ctx=B", "max_abs": 0.0, "max_row_relative_l2": 0.0, "max_row_relative_linf": 0.0, "min_topk_overlap": 1.0, "shape": [6, 190017]}
{"kind": "numeric", "label": "decode B=6 L=190000 N=1 ctx=BN", "max_abs": 0.0, "max_row_relative_l2": 0.0, "max_row_relative_linf": 0.0, "min_topk_overlap": 1.0, "shape": [6, 190017]}
{"kind": "numeric", "label": "decode B=6 L=190000 N=2 ctx=B", "max_abs": 0.0, "max_row_relative_l2": 0.0, "max_row_relative_linf": 0.0, "min_topk_overlap": 1.0, "shape": [12, 190017]}
{"kind": "numeric", "label": "decode B=6 L=190000 N=2 ctx=BN", "max_abs": 0.0, "max_row_relative_l2": 0.0, "max_row_relative_linf": 0.0, "min_topk_overlap": 1.0, "shape": [12, 190017]}
{"kind": "numeric", "label": "decode B=32 L=1024 N=1 ctx=B", "max_abs": 0.0, "max_row_relative_l2": 0.0, "max_row_relative_linf": 0.0, "min_topk_overlap": 1.0, "shape": [32, 1041]}
{"kind": "numeric", "label": "decode B=32 L=1024 N=1 ctx=BN", "max_abs": 0.0, "max_row_relative_l2": 0.0, "max_row_relative_linf": 0.0, "min_topk_overlap": 1.0, "shape": [32, 1041]}
{"kind": "numeric", "label": "decode B=32 L=1024 N=2 ctx=B", "max_abs": 0.0, "max_row_relative_l2": 0.0, "max_row_relative_linf": 0.0, "min_topk_overlap": 1.0, "shape": [64, 1041]}
{"kind": "numeric", "label": "decode B=32 L=1024 N=2 ctx=BN", "max_abs": 0.0, "max_row_relative_l2": 0.0, "max_row_relative_linf": 0.0, "min_topk_overlap": 1.0, "shape": [64, 1041]}
{"kind": "numeric", "label": "decode B=32 L=32000 N=1 ctx=B", "max_abs": 0.0, "max_row_relative_l2": 0.0, "max_row_relative_linf": 0.0, "min_topk_overlap": 1.0, "shape": [32, 32017]}
{"kind": "numeric", "label": "decode B=32 L=32000 N=1 ctx=BN", "max_abs": 0.0, "max_row_relative_l2": 0.0, "max_row_relative_linf": 0.0, "min_topk_overlap": 1.0, "shape": [32, 32017]}
{"kind": "numeric", "label": "decode B=32 L=32000 N=2 ctx=B", "max_abs": 0.0, "max_row_relative_l2": 0.0, "max_row_relative_linf": 0.0, "min_topk_overlap": 1.0, "shape": [64, 32017]}
{"kind": "numeric", "label": "decode B=32 L=32000 N=2 ctx=BN", "max_abs": 0.0, "max_row_relative_l2": 0.0, "max_row_relative_linf": 0.0, "min_topk_overlap": 1.0, "shape": [64, 32017]}
{"kind": "numeric", "label": "decode B=32 L=190000 N=1 ctx=B", "max_abs": 0.0, "max_row_relative_l2": 0.0, "max_row_relative_linf": 0.0, "min_topk_overlap": 1.0, "shape": [32, 190017]}
{"kind": "numeric", "label": "decode B=32 L=190000 N=1 ctx=BN", "max_abs": 0.0, "max_row_relative_l2": 0.0, "max_row_relative_linf": 0.0, "min_topk_overlap": 1.0, "shape": [32, 190017]}
{"kind": "numeric", "label": "decode B=32 L=190000 N=2 ctx=B", "max_abs": 0.0, "max_row_relative_l2": 0.0, "max_row_relative_linf": 0.0, "min_topk_overlap": 1.0, "shape": [64, 190017]}
{"kind": "numeric", "label": "decode B=32 L=190000 N=2 ctx=BN", "max_abs": 0.0, "max_row_relative_l2": 0.0, "max_row_relative_linf": 0.0, "min_topk_overlap": 1.0, "shape": [64, 190017]}
{"kind": "numeric", "label": "edge L=0 clean=False", "max_abs": 0.0, "max_row_relative_l2": 0.0, "max_row_relative_linf": 0.0, "min_topk_overlap": 1.0, "shape": [16, 17]}
{"kind": "numeric", "label": "edge L=0 clean=True", "max_abs": 0.0, "max_row_relative_l2": 0.0, "max_row_relative_linf": 0.0, "min_topk_overlap": 1.0, "shape": [16, 17]}
{"kind": "numeric", "label": "edge L=1 clean=False", "max_abs": 0.0, "max_row_relative_l2": 0.0, "max_row_relative_linf": 0.0, "min_topk_overlap": 1.0, "shape": [16, 18]}
{"kind": "numeric", "label": "edge L=1 clean=True", "max_abs": 0.0, "max_row_relative_l2": 0.0, "max_row_relative_linf": 0.0, "min_topk_overlap": 1.0, "shape": [16, 18]}
{"kind": "numeric", "label": "edge L=63 clean=False", "max_abs": 0.0, "max_row_relative_l2": 0.0, "max_row_relative_linf": 0.0, "min_topk_overlap": 1.0, "shape": [16, 80]}
{"kind": "numeric", "label": "edge L=63 clean=True", "max_abs": 0.0, "max_row_relative_l2": 0.0, "max_row_relative_linf": 0.0, "min_topk_overlap": 1.0, "shape": [16, 80]}
{"kind": "numeric", "label": "edge L=64 clean=False", "max_abs": 0.0, "max_row_relative_l2": 0.0, "max_row_relative_linf": 0.0, "min_topk_overlap": 1.0, "shape": [16, 81]}
{"kind": "numeric", "label": "edge L=64 clean=True", "max_abs": 0.0, "max_row_relative_l2": 0.0, "max_row_relative_linf": 0.0, "min_topk_overlap": 1.0, "shape": [16, 81]}
{"kind": "numeric", "label": "edge L=65 clean=False", "max_abs": 0.0, "max_row_relative_l2": 0.0, "max_row_relative_linf": 0.0, "min_topk_overlap": 1.0, "shape": [16, 82]}
{"kind": "numeric", "label": "edge L=65 clean=True", "max_abs": 0.0, "max_row_relative_l2": 0.0, "max_row_relative_linf": 0.0, "min_topk_overlap": 1.0, "shape": [16, 82]}
{"kind": "numeric", "label": "edge L=1025 clean=False", "max_abs": 0.0, "max_row_relative_l2": 0.0, "max_row_relative_linf": 0.0, "min_topk_overlap": 1.0, "shape": [16, 1042]}
{"kind": "numeric", "label": "edge L=1025 clean=True", "max_abs": 0.0, "max_row_relative_l2": 0.0, "max_row_relative_linf": 0.0, "min_topk_overlap": 1.0, "shape": [16, 1042]}
{"kind": "numeric", "label": "prefill nq=37 nk=1 clean=False", "max_abs": 0.0, "max_row_relative_l2": 0.0, "max_row_relative_linf": 0.0, "min_topk_overlap": 1.0, "shape": [37, 1]}
{"kind": "numeric", "label": "prefill nq=37 nk=1 clean=True", "max_abs": 0.0, "max_row_relative_l2": 0.0, "max_row_relative_linf": 0.0, "min_topk_overlap": 1.0, "shape": [37, 1]}
{"kind": "numeric", "label": "prefill nq=37 nk=65 clean=False", "max_abs": 0.0, "max_row_relative_l2": 0.0, "max_row_relative_linf": 0.0, "min_topk_overlap": 1.0, "shape": [37, 65]}
{"kind": "numeric", "label": "prefill nq=37 nk=65 clean=True", "max_abs": 0.0, "max_row_relative_l2": 0.0, "max_row_relative_linf": 0.0, "min_topk_overlap": 1.0, "shape": [37, 65]}
{"kind": "numeric", "label": "prefill nq=37 nk=1024 clean=False", "max_abs": 7.62939453125e-06, "max_row_relative_l2": 9.612295315264419e-08, "max_row_relative_linf": 1.8316281114039157e-07, "min_topk_overlap": 1.0, "shape": [37, 1024]}
{"kind": "numeric", "label": "prefill nq=37 nk=1024 clean=True", "max_abs": 1.1444091796875e-05, "max_row_relative_l2": 1.5893013483037066e-07, "max_row_relative_linf": 2.2264973154051404e-07, "min_topk_overlap": 1.0, "shape": [37, 1024]}
{"kind": "numeric", "label": "prefill nq=37 nk=32000 clean=False", "max_abs": 1.52587890625e-05, "max_row_relative_l2": 9.501236064579643e-08, "max_row_relative_linf": 2.3265994286703062e-07, "min_topk_overlap": 1.0, "shape": [37, 32000]}
{"kind": "numeric", "label": "prefill nq=37 nk=32000 clean=True", "max_abs": 1.52587890625e-05, "max_row_relative_l2": 9.9628522320927e-08, "max_row_relative_linf": 2.1011899775658094e-07, "min_topk_overlap": 1.0, "shape": [37, 32000]}
{"kind": "numeric", "label": "prefill nq=37 nk=190000 clean=False", "max_abs": 1.52587890625e-05, "max_row_relative_l2": 9.950068147190905e-08, "max_row_relative_linf": 1.9234946080359805e-07, "min_topk_overlap": 1.0, "shape": [37, 190000]}
{"kind": "numeric", "label": "prefill nq=37 nk=190000 clean=True", "max_abs": 1.52587890625e-05, "max_row_relative_l2": 1.1786245579514798e-07, "max_row_relative_linf": 1.8719011052326096e-07, "min_topk_overlap": 1.0, "shape": [37, 190000]}
{"kind": "numeric", "label": "decode scale=0.001", "max_abs": 0.0, "max_row_relative_l2": 0.0, "max_row_relative_linf": 0.0, "min_topk_overlap": 1.0, "shape": [12, 32017]}
{"kind": "numeric", "label": "prefill scale=0.001", "max_abs": 8.731149137020111e-11, "max_row_relative_l2": 9.372495668458214e-08, "max_row_relative_linf": 2.282211113424637e-07, "min_topk_overlap": 1.0, "shape": [37, 32000]}
{"kind": "numeric", "label": "decode scale=30.0", "max_abs": 0.0, "max_row_relative_l2": 0.0, "max_row_relative_linf": 0.0, "min_topk_overlap": 1.0, "shape": [12, 32017]}
{"kind": "numeric", "label": "prefill scale=30.0", "max_abs": 0.17578125, "max_row_relative_l2": 3.955808551836526e-07, "max_row_relative_linf": 6.396607545866573e-07, "min_topk_overlap": 1.0, "shape": [37, 32000]}
{"kind": "numeric", "label": "decode scale=100.0", "max_abs": 0.0, "max_row_relative_l2": 0.0, "max_row_relative_linf": 0.0, "min_topk_overlap": 1.0, "shape": [12, 32017]}
{"kind": "numeric", "label": "prefill scale=100.0", "max_abs": 28.25, "max_row_relative_l2": 4.224062877256074e-07, "max_row_relative_linf": 9.129024874710012e-06, "min_topk_overlap": 1.0, "shape": [37, 32000]}
{"kind": "numeric", "label": "heads decode h=8", "max_abs": 0.0, "max_row_relative_l2": 0.0, "max_row_relative_linf": 0.0, "min_topk_overlap": 1.0, "shape": [2, 1042]}
{"kind": "numeric", "label": "heads prefill h=8", "max_abs": 0.0, "max_row_relative_l2": 0.0, "max_row_relative_linf": 0.0, "min_topk_overlap": 1.0, "shape": [9, 1025]}
{"kind": "numeric", "label": "heads decode h=16", "max_abs": 0.0, "max_row_relative_l2": 0.0, "max_row_relative_linf": 0.0, "min_topk_overlap": 1.0, "shape": [2, 1042]}
{"kind": "numeric", "label": "heads prefill h=16", "max_abs": 0.0, "max_row_relative_l2": 0.0, "max_row_relative_linf": 0.0, "min_topk_overlap": 1.0, "shape": [9, 1025]}
{"kind": "numeric", "label": "heads decode h=64", "max_abs": 0.0, "max_row_relative_l2": 0.0, "max_row_relative_linf": 0.0, "min_topk_overlap": 1.0, "shape": [2, 1042]}
{"kind": "numeric", "label": "heads prefill h=64", "max_abs": 0.0, "max_row_relative_l2": 0.0, "max_row_relative_linf": 0.0, "min_topk_overlap": 1.0, "shape": [9, 1025]}
{"kind": "numeric", "label": "output shorter than context", "max_abs": 0.0, "max_row_relative_l2": 0.0, "max_row_relative_linf": 0.0, "min_topk_overlap": 1.0, "shape": [12, 31]}
{"kind": "numeric", "label": "3D query", "max_abs": 0.0, "max_row_relative_l2": 0.0, "max_row_relative_linf": 0.0, "min_topk_overlap": 1.0, "shape": [2, 82]}
{"kind": "numeric", "label": "graph decode step=0", "max_abs": 0.0, "max_row_relative_l2": 0.0, "max_row_relative_linf": 0.0, "min_topk_overlap": 1.0, "shape": [12, 32017]}
{"kind": "numeric", "label": "graph decode step=1", "max_abs": 0.0, "max_row_relative_l2": 0.0, "max_row_relative_linf": 0.0, "min_topk_overlap": 1.0, "shape": [12, 32017]}
{"kind": "numeric", "label": "graph decode step=2", "max_abs": 0.0, "max_row_relative_l2": 0.0, "max_row_relative_linf": 0.0, "min_topk_overlap": 1.0, "shape": [12, 32017]}
{"eager_bit_exact": true, "kind": "graph", "name": "decode", "replays": 3}
{"kind": "numeric", "label": "graph decode_b step=0", "max_abs": 0.0, "max_row_relative_l2": 0.0, "max_row_relative_linf": 0.0, "min_topk_overlap": 1.0, "shape": [12, 32017]}
{"kind": "numeric", "label": "graph decode_b step=1", "max_abs": 0.0, "max_row_relative_l2": 0.0, "max_row_relative_linf": 0.0, "min_topk_overlap": 1.0, "shape": [12, 32017]}
{"kind": "numeric", "label": "graph decode_b step=2", "max_abs": 0.0, "max_row_relative_l2": 0.0, "max_row_relative_linf": 0.0, "min_topk_overlap": 1.0, "shape": [12, 32017]}
{"eager_bit_exact": true, "kind": "graph", "name": "decode_b", "replays": 3}
{"kind": "numeric", "label": "graph prefill step=0", "max_abs": 1.52587890625e-05, "max_row_relative_l2": 9.667765965559738e-08, "max_row_relative_linf": 2.1385167769949476e-07, "min_topk_overlap": 1.0, "shape": [37, 32000]}
{"kind": "numeric", "label": "graph prefill step=1", "max_abs": 5.7220458984375e-06, "max_row_relative_l2": 1.345265303598353e-07, "max_row_relative_linf": 1.8962299463964882e-07, "min_topk_overlap": 1.0, "shape": [37, 32000]}
{"kind": "numeric", "label": "graph prefill step=2", "max_abs": 0.0, "max_row_relative_l2": 0.0, "max_row_relative_linf": 0.0, "min_topk_overlap": 1.0, "shape": [37, 32000]}
{"eager_bit_exact": true, "kind": "graph", "name": "prefill", "replays": 3}
{"kind": "numeric", "label": "graph prefill_dirty step=0", "max_abs": 1.52587890625e-05, "max_row_relative_l2": 1.0655809745685474e-07, "max_row_relative_linf": 2.3103871171770152e-07, "min_topk_overlap": 1.0, "shape": [37, 32000]}
{"kind": "numeric", "label": "graph prefill_dirty step=1", "max_abs": 1.52587890625e-05, "max_row_relative_l2": 1.0040395181931672e-07, "max_row_relative_linf": 2.4068316406555823e-07, "min_topk_overlap": 1.0, "shape": [37, 32000]}
{"kind": "numeric", "label": "graph prefill_dirty step=2", "max_abs": 1.52587890625e-05, "max_row_relative_l2": 1.0261264549171756e-07, "max_row_relative_linf": 1.984312376634989e-07, "min_topk_overlap": 1.0, "shape": [37, 32000]}
{"eager_bit_exact": true, "kind": "graph", "name": "prefill_dirty", "replays": 3}
{"kind": "numeric", "label": "extra nq=1 nk=17 h=32 clean=False vs 110", "max_abs": 3.814697265625e-06, "max_row_relative_l2": 9.953323143463422e-08, "max_row_relative_linf": 1.416279218346972e-07, "min_topk_overlap": 1.0, "shape": [1, 17]}
{"kind": "numeric", "label": "extra nq=1 nk=17 h=32 clean=False vs 112", "max_abs": 0.0, "max_row_relative_l2": 0.0, "max_row_relative_linf": 0.0, "min_topk_overlap": 1.0, "shape": [1, 17]}
{"kind": "numeric", "label": "extra nq=1 nk=17 h=32 clean=True vs 110", "max_abs": 4.76837158203125e-07, "max_row_relative_l2": 5.6987627061744206e-08, "max_row_relative_linf": 6.257666029796383e-08, "min_topk_overlap": 1.0, "shape": [1, 17]}
{"kind": "numeric", "label": "extra nq=1 nk=17 h=32 clean=True vs 112", "max_abs": 0.0, "max_row_relative_l2": 0.0, "max_row_relative_linf": 0.0, "min_topk_overlap": 1.0, "shape": [1, 17]}
{"kind": "numeric", "label": "extra nq=3 nk=129 h=32 clean=False vs 110", "max_abs": 5.7220458984375e-06, "max_row_relative_l2": 1.1440069869195213e-07, "max_row_relative_linf": 2.221901382881697e-07, "min_topk_overlap": 1.0, "shape": [3, 129]}
{"kind": "numeric", "label": "extra nq=3 nk=129 h=32 clean=False vs 112", "max_abs": 0.0, "max_row_relative_l2": 0.0, "max_row_relative_linf": 0.0, "min_topk_overlap": 1.0, "shape": [3, 129]}
{"kind": "numeric", "label": "extra nq=3 nk=129 h=32 clean=True vs 110", "max_abs": 3.814697265625e-06, "max_row_relative_l2": 1.2944025229444378e-07, "max_row_relative_linf": 1.564078928595336e-07, "min_topk_overlap": 1.0, "shape": [3, 129]}
{"kind": "numeric", "label": "extra nq=3 nk=129 h=32 clean=True vs 112", "max_abs": 0.0, "max_row_relative_l2": 0.0, "max_row_relative_linf": 0.0, "min_topk_overlap": 1.0, "shape": [3, 129]}
{"kind": "numeric", "label": "extra nq=7 nk=513 h=32 clean=False vs 110", "max_abs": 7.62939453125e-06, "max_row_relative_l2": 1.1656164389250989e-07, "max_row_relative_linf": 1.9522151717410452e-07, "min_topk_overlap": 1.0, "shape": [7, 513]}
{"kind": "numeric", "label": "extra nq=7 nk=513 h=32 clean=False vs 112", "max_abs": 0.0, "max_row_relative_l2": 0.0, "max_row_relative_linf": 0.0, "min_topk_overlap": 1.0, "shape": [7, 513]}
{"kind": "numeric", "label": "extra nq=7 nk=513 h=32 clean=True vs 110", "max_abs": 5.7220458984375e-06, "max_row_relative_l2": 1.0942204653474619e-07, "max_row_relative_linf": 1.591177891668849e-07, "min_topk_overlap": 1.0, "shape": [7, 513]}
{"kind": "numeric", "label": "extra nq=7 nk=513 h=32 clean=True vs 112", "max_abs": 0.0, "max_row_relative_l2": 0.0, "max_row_relative_linf": 0.0, "min_topk_overlap": 1.0, "shape": [7, 513]}
{"kind": "numeric", "label": "extra nq=31 nk=1023 h=32 clean=False vs 110", "max_abs": 1.52587890625e-05, "max_row_relative_l2": 1.1070762440112958e-07, "max_row_relative_linf": 2.473780966738559e-07, "min_topk_overlap": 1.0, "shape": [31, 1023]}
{"kind": "numeric", "label": "extra nq=31 nk=1023 h=32 clean=False vs 112", "max_abs": 0.0, "max_row_relative_l2": 0.0, "max_row_relative_linf": 0.0, "min_topk_overlap": 1.0, "shape": [31, 1023]}
{"kind": "numeric", "label": "extra nq=31 nk=1023 h=32 clean=True vs 110", "max_abs": 1.1444091796875e-05, "max_row_relative_l2": 5.129620035404514e-07, "max_row_relative_linf": 5.129620035404514e-07, "min_topk_overlap": 1.0, "shape": [31, 1023]}
{"kind": "numeric", "label": "extra nq=31 nk=1023 h=32 clean=True vs 112", "max_abs": 0.0, "max_row_relative_l2": 0.0, "max_row_relative_linf": 0.0, "min_topk_overlap": 1.0, "shape": [31, 1023]}
{"kind": "numeric", "label": "extra nq=127 nk=4097 h=32 clean=False vs 110", "max_abs": 1.9073486328125e-05, "max_row_relative_l2": 1.2219258849199832e-07, "max_row_relative_linf": 3.5767911299444677e-07, "min_topk_overlap": 1.0, "shape": [127, 4097]}
{"kind": "numeric", "label": "extra nq=127 nk=4097 h=32 clean=False vs 112", "max_abs": 1.52587890625e-05, "max_row_relative_l2": 1.0309187103985096e-07, "max_row_relative_linf": 2.0455571814181894e-07, "min_topk_overlap": 1.0, "shape": [127, 4097]}
{"kind": "numeric", "label": "extra nq=127 nk=4097 h=32 clean=True vs 110", "max_abs": 1.52587890625e-05, "max_row_relative_l2": 1.6974448158180167e-07, "max_row_relative_linf": 3.31341482251446e-07, "min_topk_overlap": 1.0, "shape": [127, 4097]}
{"kind": "numeric", "label": "extra nq=127 nk=4097 h=32 clean=True vs 112", "max_abs": 1.1444091796875e-05, "max_row_relative_l2": 1.1030127922140309e-07, "max_row_relative_linf": 2.0219027874190942e-07, "min_topk_overlap": 1.0, "shape": [127, 4097]}
{"kind": "numeric", "label": "extra nq=129 nk=95000 h=32 clean=False vs 110", "max_abs": 2.288818359375e-05, "max_row_relative_l2": 1.3035793244853267e-07, "max_row_relative_linf": 2.7709228334060754e-07, "min_topk_overlap": 1.0, "shape": [129, 95000]}
{"kind": "numeric", "label": "extra nq=129 nk=95000 h=32 clean=False vs 112", "max_abs": 1.52587890625e-05, "max_row_relative_l2": 1.0186838750314564e-07, "max_row_relative_linf": 2.1996444843352947e-07, "min_topk_overlap": 1.0, "shape": [129, 95000]}
{"kind": "numeric", "label": "extra nq=129 nk=95000 h=32 clean=True vs 110", "max_abs": 2.288818359375e-05, "max_row_relative_l2": 3.3138397270704445e-07, "max_row_relative_linf": 3.3138397270704445e-07, "min_topk_overlap": 1.0, "shape": [129, 95000]}
{"kind": "numeric", "label": "extra nq=129 nk=95000 h=32 clean=True vs 112", "max_abs": 1.52587890625e-05, "max_row_relative_l2": 2.0829932623200875e-07, "max_row_relative_linf": 2.0829932623200875e-07, "min_topk_overlap": 1.0, "shape": [129, 95000]}
{"kind": "numeric", "label": "extra nq=65 nk=1025 h=7 clean=False vs 110", "max_abs": 3.814697265625e-06, "max_row_relative_l2": 5.8764342725226015e-08, "max_row_relative_linf": 1.5563581712285668e-07, "min_topk_overlap": 1.0, "shape": [65, 1025]}
{"kind": "numeric", "label": "extra nq=65 nk=1025 h=7 clean=False vs 112", "max_abs": 0.0, "max_row_relative_l2": 0.0, "max_row_relative_linf": 0.0, "min_topk_overlap": 1.0, "shape": [65, 1025]}
{"kind": "numeric", "label": "extra nq=65 nk=1025 h=7 clean=True vs 110", "max_abs": 3.814697265625e-06, "max_row_relative_l2": 6.066883884159324e-08, "max_row_relative_linf": 1.574995565079007e-07, "min_topk_overlap": 1.0, "shape": [65, 1025]}
{"kind": "numeric", "label": "extra nq=65 nk=1025 h=7 clean=True vs 112", "max_abs": 0.0, "max_row_relative_l2": 0.0, "max_row_relative_linf": 0.0, "min_topk_overlap": 1.0, "shape": [65, 1025]}
{"kind": "numeric", "label": "extra nq=19 nk=1025 h=33 clean=False vs 110", "max_abs": 1.1444091796875e-05, "max_row_relative_l2": 1.295706795190199e-07, "max_row_relative_linf": 2.1806096128784702e-07, "min_topk_overlap": 1.0, "shape": [19, 1025]}
{"kind": "numeric", "label": "extra nq=19 nk=1025 h=33 clean=False vs 112", "max_abs": 0.0, "max_row_relative_l2": 0.0, "max_row_relative_linf": 0.0, "min_topk_overlap": 1.0, "shape": [19, 1025]}
{"kind": "numeric", "label": "extra nq=19 nk=1025 h=33 clean=True vs 110", "max_abs": 7.62939453125e-06, "max_row_relative_l2": 3.568621025351604e-07, "max_row_relative_linf": 3.568621025351604e-07, "min_topk_overlap": 1.0, "shape": [19, 1025]}
{"kind": "numeric", "label": "extra nq=19 nk=1025 h=33 clean=True vs 112", "max_abs": 0.0, "max_row_relative_l2": 0.0, "max_row_relative_linf": 0.0, "min_topk_overlap": 1.0, "shape": [19, 1025]}
{"kind": "numeric", "label": "extra nq=4097 nk=65 h=32 clean=False vs 110", "max_abs": 2.288818359375e-05, "max_row_relative_l2": 1.957624675696934e-07, "max_row_relative_linf": 4.4153190970064315e-07, "min_topk_overlap": 1.0, "shape": [4097, 65]}
{"kind": "numeric", "label": "extra nq=4097 nk=65 h=32 clean=False vs 112", "max_abs": 0.0, "max_row_relative_l2": 0.0, "max_row_relative_linf": 0.0, "min_topk_overlap": 1.0, "shape": [4097, 65]}
{"kind": "numeric", "label": "extra nq=4097 nk=65 h=32 clean=True vs 110", "max_abs": 1.52587890625e-05, "max_row_relative_l2": 2.9596341732940346e-07, "max_row_relative_linf": 4.617001820861333e-07, "min_topk_overlap": 1.0, "shape": [4097, 65]}
{"kind": "numeric", "label": "extra nq=4097 nk=65 h=32 clean=True vs 112", "max_abs": 0.0, "max_row_relative_l2": 0.0, "max_row_relative_linf": 0.0, "min_topk_overlap": 1.0, "shape": [4097, 65]}
{"kind": "numeric", "label": "extra graph clean=False step=0", "max_abs": 1.52587890625e-05, "max_row_relative_l2": 1.1613168027224674e-07, "max_row_relative_linf": 2.673647259143763e-07, "min_topk_overlap": 1.0, "shape": [129, 4097]}
{"kind": "numeric", "label": "extra graph clean=False step=1", "max_abs": 1.52587890625e-05, "max_row_relative_l2": 1.2591790721216967e-07, "max_row_relative_linf": 3.5154457123098837e-07, "min_topk_overlap": 1.0, "shape": [129, 4097]}
{"kind": "numeric", "label": "extra graph clean=False step=2", "max_abs": 1.1444091796875e-05, "max_row_relative_l2": 1.1833465407562471e-07, "max_row_relative_linf": 3.3954003697544977e-07, "min_topk_overlap": 1.0, "shape": [129, 4097]}
{"eager_bit_exact": true, "kind": "graph", "name": "extra clean=False", "replays": 3}
{"kind": "numeric", "label": "extra graph clean=True step=0", "max_abs": 1.52587890625e-05, "max_row_relative_l2": 1.2604907340119098e-07, "max_row_relative_linf": 3.0879030532560137e-07, "min_topk_overlap": 1.0, "shape": [129, 4097]}
{"kind": "numeric", "label": "extra graph clean=True step=1", "max_abs": 3.814697265625e-06, "max_row_relative_l2": 3.9568240026710555e-05, "max_row_relative_linf": 3.9568240026710555e-05, "min_topk_overlap": 1.0, "shape": [129, 4097]}
{"kind": "numeric", "label": "extra graph clean=True step=2", "max_abs": 0.0, "max_row_relative_l2": 0.0, "max_row_relative_linf": 0.0, "min_topk_overlap": 1.0, "shape": [129, 4097]}
{"eager_bit_exact": true, "kind": "graph", "name": "extra clean=True", "replays": 3}
{"kind": "numeric", "label": "large causal nq=8192 nk=32000 versus 110", "max_abs": 2.288818359375e-05, "max_row_relative_l2": 1.3517586694433703e-07, "max_row_relative_linf": 4.272865226084832e-07, "min_topk_overlap": 1.0, "shape": [8192, 32000]}
{"kind": "numeric", "label": "large causal nq=8192 nk=32000 versus 112", "max_abs": 2.288818359375e-05, "max_row_relative_l2": 1.110679619387156e-07, "max_row_relative_linf": 2.6400655883662694e-07, "min_topk_overlap": 0.99951171875, "shape": [8192, 32000]}
{"clean": true, "kind": "bench", "layout": "causal", "name": "prefill", "new_effective_tflops": 139.64575529614217, "new_ms": 15.378080368041992, "nk": 32000, "nq": 8192, "old_effective_tflops": 22.17235419421306, "old_ms": 96.85411071777344, "samples": {"112": [96.01737976074219, 96.03753662109375, 97.26345825195312, 96.35948944091797, 97.05644989013672, 97.29193878173828, 96.85411071777344], "113": [14.378368377685547, 14.321087837219238, 15.378080368041992, 15.267359733581543, 15.75654411315918, 15.743680000305176, 69.5439682006836]}, "speedup": 6.298192518167035, "valid_pair_fraction": 0.872015625, "valid_pair_tflops": 121.77328058316247}
{"kind": "numeric", "label": "large ragged nq=8192 nk=32000 versus 110", "max_abs": 3.0517578125e-05, "max_row_relative_l2": 1.3827650491293753e-07, "max_row_relative_linf": 3.87579888183609e-07, "min_topk_overlap": 0.99951171875, "shape": [8192, 32000]}
{"kind": "numeric", "label": "large ragged nq=8192 nk=32000 versus 112", "max_abs": 2.288818359375e-05, "max_row_relative_l2": 2.3140164273627306e-07, "max_row_relative_linf": 2.548332247442886e-07, "min_topk_overlap": 0.99951171875, "shape": [8192, 32000]}
{"clean": true, "kind": "bench", "layout": "ragged", "name": "prefill", "new_effective_tflops": 184.1368678613225, "new_ms": 11.662431716918945, "nk": 32000, "nq": 8192, "old_effective_tflops": 28.21495115479136, "old_ms": 76.1115493774414, "samples": {"112": [76.1115493774414, 76.04291534423828, 76.10034942626953, 76.29840087890625, 76.06230163574219, 76.12185668945312, 76.26390075683594], "113": [11.548224449157715, 11.62553596496582, 11.90675163269043, 11.642720222473145, 11.662431716918945, 11.663999557495117, 12.056415557861328]}, "speedup": 6.526216077820607, "valid_pair_fraction": 0.4999528465270996, "valid_pair_tflops": 92.05975123785258}
{"kind": "numeric", "label": "large causal nq=8192 nk=95000 versus 110", "max_abs": 3.814697265625e-05, "max_row_relative_l2": 1.349332450217844e-07, "max_row_relative_linf": 3.937740586934524e-07, "min_topk_overlap": 0.99951171875, "shape": [8192, 95000]}
{"kind": "numeric", "label": "large causal nq=8192 nk=95000 versus 112", "max_abs": 2.288818359375e-05, "max_row_relative_l2": 1.0994612154036076e-07, "max_row_relative_linf": 2.6739081704363343e-07, "min_topk_overlap": 1.0, "shape": [8192, 95000]}
{"clean": true, "kind": "bench", "layout": "causal", "name": "prefill", "new_effective_tflops": 135.4358834860084, "new_ms": 47.07276916503906, "nk": 95000, "nq": 8192, "old_effective_tflops": 20.25671413472684, "old_ms": 314.72735595703125, "samples": {"112": [314.7252197265625, 314.72735595703125, 314.6643371582031, 314.7586975097656, 314.7130126953125, 314.741455078125, 315.5314025878906], "113": [47.06198501586914, 47.03715133666992, 47.09331130981445, 47.07276916503906, 47.10038375854492, 47.022464752197266, 48.15043258666992]}, "speedup": 6.6859749604614125, "valid_pair_fraction": 0.9568894736842105, "valid_pair_tflops": 129.59717126688264}
{"kind": "numeric", "label": "large ragged nq=8192 nk=95000 versus 110", "max_abs": 3.0517578125e-05, "max_row_relative_l2": 1.7322082612736267e-07, "max_row_relative_linf": 4.158346484928188e-07, "min_topk_overlap": 0.99951171875, "shape": [8192, 95000]}
{"kind": "numeric", "label": "large ragged nq=8192 nk=95000 versus 112", "max_abs": 2.288818359375e-05, "max_row_relative_l2": 1.2542560057227092e-07, "max_row_relative_linf": 2.615423682073015e-07, "min_topk_overlap": 0.99951171875, "shape": [8192, 95000]}
{"clean": true, "kind": "bench", "layout": "ragged", "name": "prefill", "new_effective_tflops": 185.7305446655343, "new_ms": 34.32575988769531, "nk": 95000, "nq": 8192, "old_effective_tflops": 28.0687039145408, "old_ms": 227.1334686279297, "samples": {"112": [227.55328369140625, 226.9943389892578, 227.1248321533203, 227.19708251953125, 227.17178344726562, 227.0714569091797, 227.1334686279297], "113": [34.32575988769531, 34.27702331542969, 34.34563064575195, 34.50624084472656, 34.29612731933594, 34.236000061035156, 34.42201614379883]}, "speedup": 6.6169975368658855, "valid_pair_fraction": 0.5008160734477796, "valid_pair_tflops": 93.01684209871034}
{"kind": "numeric", "label": "large causal nq=8192 nk=190000 versus 110", "max_abs": 3.814697265625e-05, "max_row_relative_l2": 1.4057658859201183e-07, "max_row_relative_linf": 4.376093443170248e-07, "min_topk_overlap": 0.99951171875, "shape": [8192, 190000]}
{"kind": "numeric", "label": "large causal nq=8192 nk=190000 versus 112", "max_abs": 2.288818359375e-05, "max_row_relative_l2": 1.0940889438870727e-07, "max_row_relative_linf": 2.6467859015610884e-07, "min_topk_overlap": 0.99951171875, "shape": [8192, 190000]}
{"clean": true, "kind": "bench", "layout": "causal", "name": "prefill", "new_effective_tflops": 131.3862917081869, "new_ms": 97.04729461669922, "nk": 190000, "nq": 8192, "old_effective_tflops": 20.494084563330667, "old_ms": 622.1641235351562, "samples": {"112": [622.2493896484375, 622.023193359375, 622.1171875, 622.4705810546875, 623.1661987304688, 622.1448974609375, 622.1641235351562], "113": [97.04729461669922, 96.067138671875, 97.76335906982422, 97.35858917236328, 96.83392333984375, 96.26493072509766, 97.42787170410156]}, "speedup": 6.410937326923677, "valid_pair_fraction": 0.9784447368421053, "valid_pair_tflops": 128.554225615077}
{"kind": "numeric", "label": "large ragged nq=8192 nk=190000 versus 110", "max_abs": 3.0517578125e-05, "max_row_relative_l2": 2.1300925823197758e-07, "max_row_relative_linf": 4.853086466027889e-07, "min_topk_overlap": 0.99951171875, "shape": [8192, 190000]}
{"kind": "numeric", "label": "large ragged nq=8192 nk=190000 versus 112", "max_abs": 2.288818359375e-05, "max_row_relative_l2": 1.1628782203843002e-07, "max_row_relative_linf": 2.618002952203824e-07, "min_topk_overlap": 0.99951171875, "shape": [8192, 190000]}
{"clean": true, "kind": "bench", "layout": "ragged", "name": "prefill", "new_effective_tflops": 185.2922247825253, "new_ms": 68.81391906738281, "nk": 190000, "nq": 8192, "old_effective_tflops": 29.954081687430552, "old_ms": 425.6743469238281, "samples": {"112": [425.6743469238281, 426.2888488769531, 426.01556396484375, 426.92156982421875, 425.60577392578125, 425.50457763671875, 425.55462646484375], "113": [69.21340942382812, 68.81391906738281, 69.27334594726562, 69.38307189941406, 68.58048248291016, 68.53359985351562, 68.582275390625]}, "speedup": 6.185875658484244, "valid_pair_fraction": 0.5022507240696957, "valid_pair_tflops": 93.06315406150816}
{"bit_exact": true, "kind": "bench", "name": "decode_eager", "new_ms": 0.16843199729919434, "nk": 32000, "old_ms": 0.17047999799251556, "samples": {"112": [0.18518400192260742, 0.1775359958410263, 0.17183999717235565, 0.16924799978733063, 0.16739200055599213, 0.1815039962530136, 0.1737920045852661, 0.17139199376106262, 0.1674879938364029, 0.1695680022239685, 0.1804479956626892, 0.17164799571037292, 0.1693439930677414, 0.16832000017166138, 0.16713599860668182, 0.18163199722766876, 0.16784000396728516, 0.1725119948387146, 0.16752000153064728, 0.16636799275875092], "113": [0.17494399845600128, 0.16838400065898895, 0.16713599860668182, 0.16915200650691986, 0.17097599804401398, 0.17059199512004852, 0.16681599617004395, 0.16729600727558136, 0.16847999393939972, 0.17103999853134155, 0.16937600076198578, 0.16710400581359863, 0.16780799627304077, 0.16707199811935425, 0.17030400037765503, 0.16940799355506897, 0.16707199811935425, 0.16771200299263, 0.16732800006866455, 0.17136000096797943]}}
{"bit_exact": true, "kind": "bench", "name": "decode_graph", "new_ms": 0.10242719650268554, "nk": 32000, "old_ms": 0.10252000093460083, "samples": {"112": [0.10247999429702759, 0.10221279859542846, 0.10255680084228516, 0.10264320373535156, 0.10219999551773071, 0.10254559516906739, 0.10252000093460083], "113": [0.10252959728240967, 0.10239839553833008, 0.10233919620513916, 0.10242719650268554, 0.10247360467910767, 0.10241279602050782, 0.10267519950866699]}}
{"bit_exact": true, "kind": "bench", "name": "decode_eager", "new_ms": 0.6637600064277649, "nk": 190000, "old_ms": 0.7076639831066132, "samples": {"112": [0.8514879941940308, 0.7766720056533813, 0.7581440210342407, 0.76009601354599, 0.7516800165176392, 0.7669119834899902, 0.8136320114135742, 0.7459520101547241, 0.766431987285614, 0.7271999716758728, 0.6881279945373535, 0.687936007976532, 0.6711680293083191, 0.6713280081748962, 0.66457599401474, 0.662015974521637, 0.6633279919624329, 0.6695039868354797, 0.659712016582489, 0.6627200245857239], "113": [0.7580159902572632, 0.6940479874610901, 0.6646080017089844, 0.6644160151481628, 0.6858879923820496, 0.6639360189437866, 0.6641280055046082, 0.6669440269470215, 0.6707519888877869, 0.6632320284843445, 0.661952018737793, 0.6605119705200195, 0.6574079990386963, 0.66348797082901, 0.6628159880638123, 0.6600319743156433, 0.6635839939117432, 0.6707199811935425, 0.6618880033493042, 0.6623039841651917]}}
{"bit_exact": true, "kind": "bench", "name": "decode_graph", "new_ms": 0.5925151824951171, "nk": 190000, "old_ms": 0.5922063827514649, "samples": {"112": [0.5921472072601318, 0.5923439979553222, 0.5922063827514649, 0.5909327983856201, 0.5913568019866944, 0.5925024032592774, 0.5928016185760498], "113": [0.5927552223205567, 0.5916543960571289, 0.5923264026641846, 0.5927519798278809, 0.5926688194274903, 0.5925151824951171, 0.5923520088195801]}}
{"kind": "complete", "mode": "all", "status": "PASS"}
