{"kind": "numeric", "label": "{'bq': 2, 'bk': 64, 'warps': 4, 'qm': False, 'group': 8, 'loop': 1, 'stages': 1}", "max_abs": 0.0, "max_row_relative_l2": 0.0, "max_row_relative_linf": 0.0, "min_topk_overlap": 1.0, "shape": [8, 190000]}
{"bk": 64, "bq": 2, "group": 8, "kind": "tune", "loop": 1, "ms": 163.2232666015625, "nk": 190000, "qm": false, "regs": 142, "shared": 4096, "spills": 0, "stages": 1, "tflops": 78.11805525939609, "warps": 4}
{"kind": "numeric", "label": "{'bq': 2, 'bk': 64, 'warps': 4, 'qm': True, 'group': 8, 'loop': 1, 'stages': 1}", "max_abs": 1.1444091796875e-05, "max_row_relative_l2": 9.101592013394111e-08, "max_row_relative_linf": 2.0516299059636367e-07, "min_topk_overlap": 1.0, "shape": [8, 190000]}
{"bk": 64, "bq": 2, "group": 8, "kind": "tune", "loop": 1, "ms": 151.60348510742188, "nk": 190000, "qm": true, "regs": 93, "shared": 32768, "spills": 0, "stages": 1, "tflops": 84.10548181636611, "warps": 4}
{"kind": "numeric", "label": "{'bq': 2, 'bk': 64, 'warps': 8, 'qm': False, 'group': 8, 'loop': 1, 'stages': 1}", "max_abs": 1.1444091796875e-05, "max_row_relative_l2": 8.490542313666083e-08, "max_row_relative_linf": 2.0516299059636367e-07, "min_topk_overlap": 1.0, "shape": [8, 190000]}
{"bk": 64, "bq": 2, "group": 8, "kind": "tune", "loop": 1, "ms": 223.3654022216797, "nk": 190000, "qm": false, "regs": 102, "shared": 8192, "spills": 0, "stages": 1, "tflops": 57.08441877379713, "warps": 8}
{"kind": "numeric", "label": "{'bq': 2, 'bk': 64, 'warps': 8, 'qm': True, 'group': 8, 'loop': 1, 'stages': 1}", "max_abs": 1.1444091796875e-05, "max_row_relative_l2": 9.101592013394111e-08, "max_row_relative_linf": 2.0516299059636367e-07, "min_topk_overlap": 1.0, "shape": [8, 190000]}
{"bk": 64, "bq": 2, "group": 8, "kind": "tune", "loop": 1, "ms": 164.07760620117188, "nk": 190000, "qm": true, "regs": 60, "shared": 32768, "spills": 0, "stages": 1, "tflops": 77.71130049500279, "warps": 8}
{"kind": "numeric", "label": "{'bq': 2, 'bk': 128, 'warps': 4, 'qm': False, 'group': 8, 'loop': 1, 'stages': 1}", "max_abs": 0.0, "max_row_relative_l2": 0.0, "max_row_relative_linf": 0.0, "min_topk_overlap": 1.0, "shape": [8, 190000]}
{"bk": 128, "bq": 2, "group": 8, "kind": "tune", "loop": 1, "ms": 160.0021514892578, "nk": 190000, "qm": false, "regs": 182, "shared": 4096, "spills": 0, "stages": 1, "tflops": 79.69070441440941, "warps": 4}
{"kind": "numeric", "label": "{'bq': 2, 'bk': 128, 'warps': 4, 'qm': True, 'group': 8, 'loop': 1, 'stages': 1}", "max_abs": 1.1444091796875e-05, "max_row_relative_l2": 9.129464473289772e-08, "max_row_relative_linf": 2.0516299059636367e-07, "min_topk_overlap": 1.0, "shape": [8, 190000]}
{"bk": 128, "bq": 2, "group": 8, "kind": "tune", "loop": 1, "ms": 110.16655731201172, "nk": 190000, "qm": true, "regs": 147, "shared": 49152, "spills": 0, "stages": 1, "tflops": 115.74006187638, "warps": 4}
{"kind": "numeric", "label": "{'bq': 2, 'bk': 128, 'warps': 8, 'qm': False, 'group': 8, 'loop': 1, 'stages': 1}", "max_abs": 0.0, "max_row_relative_l2": 0.0, "max_row_relative_linf": 0.0, "min_topk_overlap": 1.0, "shape": [8, 190000]}
{"bk": 128, "bq": 2, "group": 8, "kind": "tune", "loop": 1, "ms": 240.24266052246094, "nk": 190000, "qm": false, "regs": 162, "shared": 16384, "spills": 0, "stages": 1, "tflops": 53.074188124085914, "warps": 8}
{"kind": "numeric", "label": "{'bq': 2, 'bk': 128, 'warps': 8, 'qm': True, 'group': 8, 'loop': 1, 'stages': 1}", "max_abs": 1.1444091796875e-05, "max_row_relative_l2": 9.101592013394111e-08, "max_row_relative_linf": 2.0516299059636367e-07, "min_topk_overlap": 1.0, "shape": [8, 190000]}
{"bk": 128, "bq": 2, "group": 8, "kind": "tune", "loop": 1, "ms": 158.5629119873047, "nk": 190000, "qm": true, "regs": 99, "shared": 49152, "spills": 0, "stages": 1, "tflops": 80.41403882025628, "warps": 8}
{"bk": 256, "bq": 2, "group": 8, "kind": "skip_spills", "loop": 1, "qm": false, "regs": 255, "shared": 8192, "spills": 112, "stages": 1, "warps": 4}
{"kind": "numeric", "label": "{'bq': 2, 'bk': 256, 'warps': 4, 'qm': True, 'group': 8, 'loop': 1, 'stages': 1}", "max_abs": 1.1444091796875e-05, "max_row_relative_l2": 9.129464473289772e-08, "max_row_relative_linf": 2.0516299059636367e-07, "min_topk_overlap": 1.0, "shape": [8, 190000]}
{"bk": 256, "bq": 2, "group": 8, "kind": "tune", "loop": 1, "ms": 112.44764709472656, "nk": 190000, "qm": true, "regs": 244, "shared": 81920, "spills": 0, "stages": 1, "tflops": 113.39218284628711, "warps": 4}
{"kind": "numeric", "label": "{'bq': 2, 'bk': 256, 'warps': 8, 'qm': False, 'group': 8, 'loop': 1, 'stages': 1}", "max_abs": 0.0, "max_row_relative_l2": 0.0, "max_row_relative_linf": 0.0, "min_topk_overlap": 1.0, "shape": [8, 190000]}
{"bk": 256, "bq": 2, "group": 8, "kind": "tune", "loop": 1, "ms": 176.7301483154297, "nk": 190000, "qm": false, "regs": 200, "shared": 16384, "spills": 0, "stages": 1, "tflops": 72.14775906396262, "warps": 8}
{"kind": "numeric", "label": "{'bq': 2, 'bk': 256, 'warps': 8, 'qm': True, 'group': 8, 'loop': 1, 'stages': 1}", "max_abs": 1.1444091796875e-05, "max_row_relative_l2": 9.129464473289772e-08, "max_row_relative_linf": 2.0516299059636367e-07, "min_topk_overlap": 1.0, "shape": [8, 190000]}
{"bk": 256, "bq": 2, "group": 8, "kind": "tune", "loop": 1, "ms": 164.48483276367188, "nk": 190000, "qm": true, "regs": 154, "shared": 81920, "spills": 0, "stages": 1, "tflops": 77.51890521310192, "warps": 8}
{"kind": "numeric", "label": "{'bq': 4, 'bk': 64, 'warps': 4, 'qm': False, 'group': 8, 'loop': 1, 'stages': 1}", "max_abs": 1.1444091796875e-05, "max_row_relative_l2": 8.490542313666083e-08, "max_row_relative_linf": 2.0516299059636367e-07, "min_topk_overlap": 1.0, "shape": [8, 190000]}
{"bk": 64, "bq": 4, "group": 8, "kind": "tune", "loop": 1, "ms": 144.39996337890625, "nk": 190000, "qm": false, "regs": 165, "shared": 8192, "spills": 0, "stages": 1, "tflops": 88.30115923604592, "warps": 4}
{"kind": "numeric", "label": "{'bq': 4, 'bk': 64, 'warps': 4, 'qm': True, 'group': 8, 'loop': 1, 'stages': 1}", "max_abs": 1.1444091796875e-05, "max_row_relative_l2": 9.101592013394111e-08, "max_row_relative_linf": 2.0516299059636367e-07, "min_topk_overlap": 1.0, "shape": [8, 190000]}
{"bk": 64, "bq": 4, "group": 8, "kind": "tune", "loop": 1, "ms": 136.96482849121094, "nk": 190000, "qm": true, "regs": 128, "shared": 49152, "spills": 0, "stages": 1, "tflops": 93.09458713204036, "warps": 4}
{"kind": "numeric", "label": "{'bq': 4, 'bk': 64, 'warps': 8, 'qm': False, 'group': 8, 'loop': 1, 'stages': 1}", "max_abs": 1.1444091796875e-05, "max_row_relative_l2": 8.490542313666083e-08, "max_row_relative_linf": 2.0516299059636367e-07, "min_topk_overlap": 1.0, "shape": [8, 190000]}
{"bk": 64, "bq": 4, "group": 8, "kind": "tune", "loop": 1, "ms": 258.4421691894531, "nk": 190000, "qm": false, "regs": 162, "shared": 8192, "spills": 0, "stages": 1, "tflops": 49.33670151426801, "warps": 8}
{"kind": "numeric", "label": "{'bq': 4, 'bk': 64, 'warps': 8, 'qm': True, 'group': 8, 'loop': 1, 'stages': 1}", "max_abs": 1.1444091796875e-05, "max_row_relative_l2": 9.101592013394111e-08, "max_row_relative_linf": 2.0516299059636367e-07, "min_topk_overlap": 1.0, "shape": [8, 190000]}
{"bk": 64, "bq": 4, "group": 8, "kind": "tune", "loop": 1, "ms": 155.6248321533203, "nk": 190000, "qm": true, "regs": 98, "shared": 49152, "spills": 0, "stages": 1, "tflops": 81.93219541877565, "warps": 8}
{"bk": 128, "bq": 4, "group": 8, "kind": "skip_spills", "loop": 1, "qm": false, "regs": 255, "shared": 4096, "spills": 80, "stages": 1, "warps": 4}
{"kind": "numeric", "label": "{'bq': 4, 'bk': 128, 'warps': 4, 'qm': True, 'group': 8, 'loop': 1, 'stages': 1}", "max_abs": 1.1444091796875e-05, "max_row_relative_l2": 9.101592013394111e-08, "max_row_relative_linf": 2.0516299059636367e-07, "min_topk_overlap": 1.0, "shape": [8, 190000]}
{"bk": 128, "bq": 4, "group": 8, "kind": "tune", "loop": 1, "ms": 137.89791870117188, "nk": 190000, "qm": true, "regs": 238, "shared": 65536, "spills": 0, "stages": 1, "tflops": 92.46465994625373, "warps": 4}
{"kind": "numeric", "label": "{'bq': 4, 'bk': 128, 'warps': 8, 'qm': False, 'group': 8, 'loop': 1, 'stages': 1}", "max_abs": 1.1444091796875e-05, "max_row_relative_l2": 8.490542313666083e-08, "max_row_relative_linf": 2.0516299059636367e-07, "min_topk_overlap": 1.0, "shape": [8, 190000]}
{"bk": 128, "bq": 4, "group": 8, "kind": "tune", "loop": 1, "ms": 196.9655303955078, "nk": 190000, "qm": false, "regs": 182, "shared": 8192, "spills": 0, "stages": 1, "tflops": 64.73561203524577, "warps": 8}
{"kind": "numeric", "label": "{'bq': 4, 'bk': 128, 'warps': 8, 'qm': True, 'group': 8, 'loop': 1, 'stages': 1}", "max_abs": 1.1444091796875e-05, "max_row_relative_l2": 9.101592013394111e-08, "max_row_relative_linf": 2.0516299059636367e-07, "min_topk_overlap": 1.0, "shape": [8, 190000]}
{"bk": 128, "bq": 4, "group": 8, "kind": "tune", "loop": 1, "ms": 177.52076721191406, "nk": 190000, "qm": true, "regs": 158, "shared": 65536, "spills": 0, "stages": 1, "tflops": 71.82643676150278, "warps": 8}
{"bk": 256, "bq": 4, "group": 8, "kind": "skip_spills", "loop": 1, "qm": false, "regs": 255, "shared": 8192, "spills": 500, "stages": 1, "warps": 4}
{"bk": 256, "bq": 4, "group": 8, "kind": "skip_spills", "loop": 1, "qm": true, "regs": 255, "shared": 98304, "spills": 274, "stages": 1, "warps": 4}
{"bk": 256, "bq": 4, "group": 8, "kind": "skip_spills", "loop": 1, "qm": false, "regs": 255, "shared": 16384, "spills": 30, "stages": 1, "warps": 8}
{"kind": "numeric", "label": "{'bq': 4, 'bk': 256, 'warps': 8, 'qm': True, 'group': 8, 'loop': 1, 'stages': 1}", "max_abs": 1.1444091796875e-05, "max_row_relative_l2": 9.101592013394111e-08, "max_row_relative_linf": 2.0516299059636367e-07, "min_topk_overlap": 1.0, "shape": [8, 190000]}
{"bk": 256, "bq": 4, "group": 8, "kind": "tune", "loop": 1, "ms": 153.906494140625, "nk": 190000, "qm": true, "regs": 245, "shared": 98304, "spills": 0, "stages": 1, "tflops": 82.84695347780223, "warps": 8}
{"bk": 64, "bq": 8, "group": 8, "kind": "skip_spills", "loop": 1, "qm": false, "regs": 255, "shared": 8192, "spills": 60, "stages": 1, "warps": 4}
{"kind": "numeric", "label": "{'bq': 8, 'bk': 64, 'warps': 4, 'qm': True, 'group': 8, 'loop': 1, 'stages': 1}", "max_abs": 1.1444091796875e-05, "max_row_relative_l2": 9.101592013394111e-08, "max_row_relative_linf": 2.0516299059636367e-07, "min_topk_overlap": 1.0, "shape": [8, 190000]}
{"bk": 64, "bq": 8, "group": 8, "kind": "tune", "loop": 1, "ms": 136.29656982421875, "nk": 190000, "qm": true, "regs": 254, "shared": 81920, "spills": 0, "stages": 1, "tflops": 93.55102756030116, "warps": 4}
{"kind": "numeric", "label": "{'bq': 8, 'bk': 64, 'warps': 8, 'qm': False, 'group': 8, 'loop': 1, 'stages': 1}", "max_abs": 1.1444091796875e-05, "max_row_relative_l2": 8.490542313666083e-08, "max_row_relative_linf": 2.0516299059636367e-07, "min_topk_overlap": 1.0, "shape": [8, 190000]}
{"bk": 64, "bq": 8, "group": 8, "kind": "tune", "loop": 1, "ms": 186.36224365234375, "nk": 190000, "qm": false, "regs": 174, "shared": 16384, "spills": 0, "stages": 1, "tflops": 68.41881654841112, "warps": 8}
{"kind": "numeric", "label": "{'bq': 8, 'bk': 64, 'warps': 8, 'qm': True, 'group': 8, 'loop': 1, 'stages': 1}", "max_abs": 1.1444091796875e-05, "max_row_relative_l2": 9.101592013394111e-08, "max_row_relative_linf": 2.0516299059636367e-07, "min_topk_overlap": 1.0, "shape": [8, 190000]}
{"bk": 64, "bq": 8, "group": 8, "kind": "tune", "loop": 1, "ms": 190.737060546875, "nk": 190000, "qm": true, "regs": 162, "shared": 81920, "spills": 0, "stages": 1, "tflops": 66.84953686211615, "warps": 8}
{"bk": 128, "bq": 8, "group": 8, "kind": "skip_spills", "loop": 1, "qm": false, "regs": 255, "shared": 16384, "spills": 434, "stages": 1, "warps": 4}
{"bk": 128, "bq": 8, "group": 8, "kind": "skip_spills", "loop": 1, "qm": true, "regs": 255, "shared": 98304, "spills": 328, "stages": 1, "warps": 4}
{"bk": 128, "bq": 8, "group": 8, "kind": "skip_spills", "loop": 1, "qm": false, "regs": 255, "shared": 16384, "spills": 12, "stages": 1, "warps": 8}
{"kind": "numeric", "label": "{'bq': 8, 'bk': 128, 'warps': 8, 'qm': True, 'group': 8, 'loop': 1, 'stages': 1}", "max_abs": 1.1444091796875e-05, "max_row_relative_l2": 9.101592013394111e-08, "max_row_relative_linf": 2.0516299059636367e-07, "min_topk_overlap": 1.0, "shape": [8, 190000]}
{"bk": 128, "bq": 8, "group": 8, "kind": "tune", "loop": 1, "ms": 152.9608917236328, "nk": 190000, "qm": true, "regs": 243, "shared": 98304, "spills": 0, "stages": 1, "tflops": 83.35911236081, "warps": 8}
{"kind": "complete", "status": "PASS"}
