{"kind": "baseline", "ms": 96.58688354492188, "nk": 32000, "nq": 8192}
{"kind": "numeric", "label": "{'bq': 2, 'bk': 64, 'warps': 4, 'pre': False, 'group': 8, 'loop': 1, 'stages': 2}", "max_abs": 1.1444091796875e-05, "max_row_relative_l2": 9.668032419085648e-08, "max_row_relative_linf": 1.7759003867467982e-07, "min_topk_overlap": 1.0, "shape": [16, 32000]}
{"bk": 64, "bq": 2, "group": 8, "kind": "tune", "loop": 1, "ms": 78.1727523803711, "pre": false, "stages": 2, "tflops": 27.47099958244819, "warps": 4}
{"kind": "numeric", "label": "{'bq': 2, 'bk': 64, 'warps': 4, 'pre': True, 'group': 8, 'loop': 1, 'stages': 2}", "max_abs": 1.1444091796875e-05, "max_row_relative_l2": 9.668032419085648e-08, "max_row_relative_linf": 1.7759003867467982e-07, "min_topk_overlap": 1.0, "shape": [16, 32000]}
{"bk": 64, "bq": 2, "group": 8, "kind": "tune", "loop": 1, "ms": 23.085487365722656, "pre": true, "stages": 2, "tflops": 93.02310208917594, "warps": 4}
{"kind": "numeric", "label": "{'bq': 2, 'bk': 64, 'warps': 8, 'pre': False, 'group': 8, 'loop': 1, 'stages': 2}", "max_abs": 1.1444091796875e-05, "max_row_relative_l2": 9.668032419085648e-08, "max_row_relative_linf": 1.7759003867467982e-07, "min_topk_overlap": 1.0, "shape": [16, 32000]}
{"bk": 64, "bq": 2, "group": 8, "kind": "tune", "loop": 1, "ms": 93.47468566894531, "pre": false, "stages": 2, "tflops": 22.973959555270792, "warps": 8}
{"kind": "numeric", "label": "{'bq': 2, 'bk': 64, 'warps': 8, 'pre': True, 'group': 8, 'loop': 1, 'stages': 2}", "max_abs": 1.1444091796875e-05, "max_row_relative_l2": 9.668032419085648e-08, "max_row_relative_linf": 1.7759003867467982e-07, "min_topk_overlap": 1.0, "shape": [16, 32000]}
{"bk": 64, "bq": 2, "group": 8, "kind": "tune", "loop": 1, "ms": 25.31564712524414, "pre": true, "stages": 2, "tflops": 84.82831338957092, "warps": 8}
{"kind": "numeric", "label": "{'bq': 2, 'bk': 128, 'warps': 4, 'pre': False, 'group': 8, 'loop': 1, 'stages': 2}", "max_abs": 1.1444091796875e-05, "max_row_relative_l2": 9.82267422955374e-08, "max_row_relative_linf": 2.2655970610685472e-07, "min_topk_overlap": 1.0, "shape": [16, 32000]}
{"bk": 128, "bq": 2, "group": 8, "kind": "tune", "loop": 1, "ms": 46.29075241088867, "pre": false, "stages": 2, "tflops": 46.39120204697432, "warps": 4}
{"kind": "numeric", "label": "{'bq': 2, 'bk': 128, 'warps': 4, 'pre': True, 'group': 8, 'loop': 1, 'stages': 2}", "max_abs": 1.1444091796875e-05, "max_row_relative_l2": 9.82267422955374e-08, "max_row_relative_linf": 2.2655970610685472e-07, "min_topk_overlap": 1.0, "shape": [16, 32000]}
{"bk": 128, "bq": 2, "group": 8, "kind": "tune", "loop": 1, "ms": 16.584575653076172, "pre": true, "stages": 2, "tflops": 129.4868010446608, "warps": 4}
{"kind": "numeric", "label": "{'bq': 2, 'bk': 128, 'warps': 8, 'pre': False, 'group': 8, 'loop': 1, 'stages': 2}", "max_abs": 1.1444091796875e-05, "max_row_relative_l2": 9.668032419085648e-08, "max_row_relative_linf": 1.7759003867467982e-07, "min_topk_overlap": 1.0, "shape": [16, 32000]}
{"bk": 128, "bq": 2, "group": 8, "kind": "tune", "loop": 1, "ms": 74.57868576049805, "pre": false, "stages": 2, "tflops": 28.794871163276166, "warps": 8}
{"kind": "numeric", "label": "{'bq': 2, 'bk': 128, 'warps': 8, 'pre': True, 'group': 8, 'loop': 1, 'stages': 2}", "max_abs": 1.1444091796875e-05, "max_row_relative_l2": 9.668032419085648e-08, "max_row_relative_linf": 1.7759003867467982e-07, "min_topk_overlap": 1.0, "shape": [16, 32000]}
{"bk": 128, "bq": 2, "group": 8, "kind": "tune", "loop": 1, "ms": 23.528528213500977, "pre": true, "stages": 2, "tflops": 91.27148236869937, "warps": 8}
{"kind": "numeric", "label": "{'bq': 2, 'bk': 256, 'warps': 4, 'pre': False, 'group': 8, 'loop': 1, 'stages': 2}", "max_abs": 1.1444091796875e-05, "max_row_relative_l2": 9.82267422955374e-08, "max_row_relative_linf": 2.2655970610685472e-07, "min_topk_overlap": 1.0, "shape": [16, 32000]}
{"bk": 256, "bq": 2, "group": 8, "kind": "tune", "loop": 1, "ms": 56.816993713378906, "pre": false, "stages": 2, "tflops": 37.79650255402943, "warps": 4}
{"kind": "numeric", "label": "{'bq': 2, 'bk': 256, 'warps': 4, 'pre': True, 'group': 8, 'loop': 1, 'stages': 2}", "max_abs": 1.1444091796875e-05, "max_row_relative_l2": 9.82267422955374e-08, "max_row_relative_linf": 2.2655970610685472e-07, "min_topk_overlap": 1.0, "shape": [16, 32000]}
{"bk": 256, "bq": 2, "group": 8, "kind": "tune", "loop": 1, "ms": 16.367088317871094, "pre": true, "stages": 2, "tflops": 131.20743325220403, "warps": 4}
{"kind": "numeric", "label": "{'bq': 2, 'bk': 256, 'warps': 8, 'pre': False, 'group': 8, 'loop': 1, 'stages': 2}", "max_abs": 1.1444091796875e-05, "max_row_relative_l2": 9.82267422955374e-08, "max_row_relative_linf": 2.2655970610685472e-07, "min_topk_overlap": 1.0, "shape": [16, 32000]}
{"bk": 256, "bq": 2, "group": 8, "kind": "tune", "loop": 1, "ms": 43.772640228271484, "pre": false, "stages": 2, "tflops": 49.059952445203486, "warps": 8}
{"kind": "numeric", "label": "{'bq': 2, 'bk': 256, 'warps': 8, 'pre': True, 'group': 8, 'loop': 1, 'stages': 2}", "max_abs": 1.1444091796875e-05, "max_row_relative_l2": 9.82267422955374e-08, "max_row_relative_linf": 2.2655970610685472e-07, "min_topk_overlap": 1.0, "shape": [16, 32000]}
{"bk": 256, "bq": 2, "group": 8, "kind": "tune", "loop": 1, "ms": 24.151424407958984, "pre": true, "stages": 2, "tflops": 88.91747384027201, "warps": 8}
{"kind": "numeric", "label": "{'bq': 4, 'bk': 64, 'warps': 4, 'pre': False, 'group': 8, 'loop': 1, 'stages': 2}", "max_abs": 1.1444091796875e-05, "max_row_relative_l2": 9.668032419085648e-08, "max_row_relative_linf": 1.7759003867467982e-07, "min_topk_overlap": 1.0, "shape": [16, 32000]}
{"bk": 64, "bq": 4, "group": 8, "kind": "tune", "loop": 1, "ms": 62.69615936279297, "pre": false, "stages": 2, "tflops": 34.25223601933142, "warps": 4}
{"kind": "numeric", "label": "{'bq': 4, 'bk': 64, 'warps': 4, 'pre': True, 'group': 8, 'loop': 1, 'stages': 2}", "max_abs": 1.1444091796875e-05, "max_row_relative_l2": 9.668032419085648e-08, "max_row_relative_linf": 1.7759003867467982e-07, "min_topk_overlap": 1.0, "shape": [16, 32000]}
{"bk": 64, "bq": 4, "group": 8, "kind": "tune", "loop": 1, "ms": 21.389984130859375, "pre": true, "stages": 2, "tflops": 100.39669196864064, "warps": 4}
{"kind": "numeric", "label": "{'bq': 4, 'bk': 64, 'warps': 8, 'pre': False, 'group': 8, 'loop': 1, 'stages': 2}", "max_abs": 1.1444091796875e-05, "max_row_relative_l2": 9.668032419085648e-08, "max_row_relative_linf": 1.7759003867467982e-07, "min_topk_overlap": 1.0, "shape": [16, 32000]}
{"bk": 64, "bq": 4, "group": 8, "kind": "tune", "loop": 1, "ms": 78.80097579956055, "pre": false, "stages": 2, "tflops": 27.251993090318763, "warps": 8}
{"kind": "numeric", "label": "{'bq': 4, 'bk': 64, 'warps': 8, 'pre': True, 'group': 8, 'loop': 1, 'stages': 2}", "max_abs": 1.1444091796875e-05, "max_row_relative_l2": 9.668032419085648e-08, "max_row_relative_linf": 1.7759003867467982e-07, "min_topk_overlap": 1.0, "shape": [16, 32000]}
{"bk": 64, "bq": 4, "group": 8, "kind": "tune", "loop": 1, "ms": 23.312591552734375, "pre": true, "stages": 2, "tflops": 92.11689927918451, "warps": 8}
{"kind": "numeric", "label": "{'bq': 4, 'bk': 128, 'warps': 4, 'pre': False, 'group': 8, 'loop': 1, 'stages': 2}", "max_abs": 1.1444091796875e-05, "max_row_relative_l2": 9.668032419085648e-08, "max_row_relative_linf": 1.7759003867467982e-07, "min_topk_overlap": 1.0, "shape": [16, 32000]}
{"bk": 128, "bq": 4, "group": 8, "kind": "tune", "loop": 1, "ms": 131.18789672851562, "pre": false, "stages": 2, "tflops": 16.369525707421552, "warps": 4}
{"kind": "numeric", "label": "{'bq': 4, 'bk': 128, 'warps': 4, 'pre': True, 'group': 8, 'loop': 1, 'stages': 2}", "max_abs": 1.1444091796875e-05, "max_row_relative_l2": 9.668032419085648e-08, "max_row_relative_linf": 1.7759003867467982e-07, "min_topk_overlap": 1.0, "shape": [16, 32000]}
{"bk": 128, "bq": 4, "group": 8, "kind": "tune", "loop": 1, "ms": 20.77449607849121, "pre": true, "stages": 2, "tflops": 103.37115470268319, "warps": 4}
{"kind": "numeric", "label": "{'bq': 4, 'bk': 128, 'warps': 8, 'pre': False, 'group': 8, 'loop': 1, 'stages': 2}", "max_abs": 1.1444091796875e-05, "max_row_relative_l2": 9.668032419085648e-08, "max_row_relative_linf": 1.7759003867467982e-07, "min_topk_overlap": 1.0, "shape": [16, 32000]}
{"bk": 128, "bq": 4, "group": 8, "kind": "tune", "loop": 1, "ms": 49.77046585083008, "pre": false, "stages": 2, "tflops": 43.14775060447187, "warps": 8}
{"kind": "numeric", "label": "{'bq': 4, 'bk': 128, 'warps': 8, 'pre': True, 'group': 8, 'loop': 1, 'stages': 2}", "max_abs": 1.1444091796875e-05, "max_row_relative_l2": 9.668032419085648e-08, "max_row_relative_linf": 1.7759003867467982e-07, "min_topk_overlap": 1.0, "shape": [16, 32000]}
{"bk": 128, "bq": 4, "group": 8, "kind": "tune", "loop": 1, "ms": 25.976143836975098, "pre": true, "stages": 2, "tflops": 82.67137961190443, "warps": 8}
{"kind": "numeric", "label": "{'bq': 4, 'bk': 256, 'warps': 4, 'pre': False, 'group': 8, 'loop': 1, 'stages': 2}", "max_abs": 1.1444091796875e-05, "max_row_relative_l2": 9.82267422955374e-08, "max_row_relative_linf": 2.2655970610685472e-07, "min_topk_overlap": 1.0, "shape": [16, 32000]}
{"bk": 256, "bq": 4, "group": 8, "kind": "tune", "loop": 1, "ms": 724.6812133789062, "pre": false, "stages": 2, "tflops": 2.96334941261568, "warps": 4}
{"kind": "numeric", "label": "{'bq': 4, 'bk': 256, 'warps': 4, 'pre': True, 'group': 8, 'loop': 1, 'stages': 2}", "max_abs": 1.1444091796875e-05, "max_row_relative_l2": 9.82267422955374e-08, "max_row_relative_linf": 2.2655970610685472e-07, "min_topk_overlap": 1.0, "shape": [16, 32000]}
{"bk": 256, "bq": 4, "group": 8, "kind": "tune", "loop": 1, "ms": 34.662174224853516, "pre": true, "stages": 2, "tflops": 61.95467237771278, "warps": 4}
{"kind": "numeric", "label": "{'bq': 4, 'bk': 256, 'warps': 8, 'pre': False, 'group': 8, 'loop': 1, 'stages': 2}", "max_abs": 1.1444091796875e-05, "max_row_relative_l2": 9.668032419085648e-08, "max_row_relative_linf": 1.7759003867467982e-07, "min_topk_overlap": 1.0, "shape": [16, 32000]}
{"bk": 256, "bq": 4, "group": 8, "kind": "tune", "loop": 1, "ms": 55.53116989135742, "pre": false, "stages": 2, "tflops": 38.6716802869702, "warps": 8}
{"kind": "numeric", "label": "{'bq': 4, 'bk': 256, 'warps': 8, 'pre': True, 'group': 8, 'loop': 1, 'stages': 2}", "max_abs": 1.1444091796875e-05, "max_row_relative_l2": 9.668032419085648e-08, "max_row_relative_linf": 1.7759003867467982e-07, "min_topk_overlap": 1.0, "shape": [16, 32000]}
{"bk": 256, "bq": 4, "group": 8, "kind": "tune", "loop": 1, "ms": 23.25487995147705, "pre": true, "stages": 2, "tflops": 92.34550565218467, "warps": 8}
{"kind": "numeric", "label": "{'bq': 8, 'bk': 64, 'warps': 4, 'pre': False, 'group': 8, 'loop': 1, 'stages': 2}", "max_abs": 1.1444091796875e-05, "max_row_relative_l2": 9.668032419085648e-08, "max_row_relative_linf": 1.7759003867467982e-07, "min_topk_overlap": 1.0, "shape": [16, 32000]}
{"bk": 64, "bq": 8, "group": 8, "kind": "tune", "loop": 1, "ms": 129.81082153320312, "pre": false, "stages": 2, "tflops": 16.54317893251076, "warps": 4}
{"kind": "numeric", "label": "{'bq': 8, 'bk': 64, 'warps': 4, 'pre': True, 'group': 8, 'loop': 1, 'stages': 2}", "max_abs": 1.1444091796875e-05, "max_row_relative_l2": 9.668032419085648e-08, "max_row_relative_linf": 1.7759003867467982e-07, "min_topk_overlap": 1.0, "shape": [16, 32000]}
{"bk": 64, "bq": 8, "group": 8, "kind": "tune", "loop": 1, "ms": 21.08475112915039, "pre": true, "stages": 2, "tflops": 101.85008278475861, "warps": 4}
{"kind": "numeric", "label": "{'bq': 8, 'bk': 64, 'warps': 8, 'pre': False, 'group': 8, 'loop': 1, 'stages': 2}", "max_abs": 1.1444091796875e-05, "max_row_relative_l2": 9.668032419085648e-08, "max_row_relative_linf": 1.7759003867467982e-07, "min_topk_overlap": 1.0, "shape": [16, 32000]}
{"bk": 64, "bq": 8, "group": 8, "kind": "tune", "loop": 1, "ms": 61.20115280151367, "pre": false, "stages": 2, "tflops": 35.08894113424097, "warps": 8}
{"kind": "numeric", "label": "{'bq': 8, 'bk': 64, 'warps': 8, 'pre': True, 'group': 8, 'loop': 1, 'stages': 2}", "max_abs": 1.1444091796875e-05, "max_row_relative_l2": 9.668032419085648e-08, "max_row_relative_linf": 1.7759003867467982e-07, "min_topk_overlap": 1.0, "shape": [16, 32000]}
{"bk": 64, "bq": 8, "group": 8, "kind": "tune", "loop": 1, "ms": 28.916671752929688, "pre": true, "stages": 2, "tflops": 74.26455113328967, "warps": 8}
{"kind": "numeric", "label": "{'bq': 8, 'bk': 128, 'warps': 4, 'pre': False, 'group': 8, 'loop': 1, 'stages': 2}", "max_abs": 1.1444091796875e-05, "max_row_relative_l2": 9.668032419085648e-08, "max_row_relative_linf": 1.7759003867467982e-07, "min_topk_overlap": 1.0, "shape": [16, 32000]}
{"bk": 128, "bq": 8, "group": 8, "kind": "tune", "loop": 1, "ms": 756.0986938476562, "pre": false, "stages": 2, "tflops": 2.840216053107862, "warps": 4}
{"kind": "numeric", "label": "{'bq': 8, 'bk': 128, 'warps': 4, 'pre': True, 'group': 8, 'loop': 1, 'stages': 2}", "max_abs": 1.1444091796875e-05, "max_row_relative_l2": 9.668032419085648e-08, "max_row_relative_linf": 1.7759003867467982e-07, "min_topk_overlap": 1.0, "shape": [16, 32000]}
{"bk": 128, "bq": 8, "group": 8, "kind": "tune", "loop": 1, "ms": 45.86008071899414, "pre": true, "stages": 2, "tflops": 46.8268614954828, "warps": 4}
