{"kind": "baseline", "ms": 96.22064208984375, "nk": 32000, "nq": 8192}
{"kind": "numeric", "label": "{'bq': 2, 'bk': 64, 'warps': 4, 'pre': False, 'group': 8, 'loop': 1, 'stages': 2}", "max_abs": 1.1444091796875e-05, "max_row_relative_l2": 9.668032419085648e-08, "max_row_relative_linf": 1.7759003867467982e-07, "min_topk_overlap": 1.0, "shape": [16, 32000]}
{"bk": 64, "bq": 2, "error": "'float' object is not subscriptable", "group": 8, "kind": "error", "loop": 1, "pre": false, "stages": 2, "warps": 4}
{"kind": "numeric", "label": "{'bq': 2, 'bk': 64, 'warps': 4, 'pre': True, 'group': 8, 'loop': 1, 'stages': 2}", "max_abs": 1.1444091796875e-05, "max_row_relative_l2": 9.668032419085648e-08, "max_row_relative_linf": 1.7759003867467982e-07, "min_topk_overlap": 1.0, "shape": [16, 32000]}
{"bk": 64, "bq": 2, "error": "'float' object is not subscriptable", "group": 8, "kind": "error", "loop": 1, "pre": true, "stages": 2, "warps": 4}
{"kind": "numeric", "label": "{'bq': 2, 'bk': 64, 'warps': 8, 'pre': False, 'group': 8, 'loop': 1, 'stages': 2}", "max_abs": 1.1444091796875e-05, "max_row_relative_l2": 9.668032419085648e-08, "max_row_relative_linf": 1.7759003867467982e-07, "min_topk_overlap": 1.0, "shape": [16, 32000]}
{"bk": 64, "bq": 2, "error": "'float' object is not subscriptable", "group": 8, "kind": "error", "loop": 1, "pre": false, "stages": 2, "warps": 8}
{"kind": "numeric", "label": "{'bq': 2, 'bk': 64, 'warps': 8, 'pre': True, 'group': 8, 'loop': 1, 'stages': 2}", "max_abs": 1.1444091796875e-05, "max_row_relative_l2": 9.668032419085648e-08, "max_row_relative_linf": 1.7759003867467982e-07, "min_topk_overlap": 1.0, "shape": [16, 32000]}
{"bk": 64, "bq": 2, "error": "'float' object is not subscriptable", "group": 8, "kind": "error", "loop": 1, "pre": true, "stages": 2, "warps": 8}
{"kind": "numeric", "label": "{'bq': 2, 'bk': 128, 'warps': 4, 'pre': False, 'group': 8, 'loop': 1, 'stages': 2}", "max_abs": 1.1444091796875e-05, "max_row_relative_l2": 9.82267422955374e-08, "max_row_relative_linf": 2.2655970610685472e-07, "min_topk_overlap": 1.0, "shape": [16, 32000]}
{"bk": 128, "bq": 2, "error": "'float' object is not subscriptable", "group": 8, "kind": "error", "loop": 1, "pre": false, "stages": 2, "warps": 4}
{"kind": "numeric", "label": "{'bq': 2, 'bk': 128, 'warps': 4, 'pre': True, 'group': 8, 'loop': 1, 'stages': 2}", "max_abs": 1.1444091796875e-05, "max_row_relative_l2": 9.82267422955374e-08, "max_row_relative_linf": 2.2655970610685472e-07, "min_topk_overlap": 1.0, "shape": [16, 32000]}
{"bk": 128, "bq": 2, "error": "'float' object is not subscriptable", "group": 8, "kind": "error", "loop": 1, "pre": true, "stages": 2, "warps": 4}
{"kind": "numeric", "label": "{'bq': 2, 'bk': 128, 'warps': 8, 'pre': False, 'group': 8, 'loop': 1, 'stages': 2}", "max_abs": 1.1444091796875e-05, "max_row_relative_l2": 9.668032419085648e-08, "max_row_relative_linf": 1.7759003867467982e-07, "min_topk_overlap": 1.0, "shape": [16, 32000]}
{"bk": 128, "bq": 2, "error": "'float' object is not subscriptable", "group": 8, "kind": "error", "loop": 1, "pre": false, "stages": 2, "warps": 8}
{"kind": "numeric", "label": "{'bq': 2, 'bk': 128, 'warps': 8, 'pre': True, 'group': 8, 'loop': 1, 'stages': 2}", "max_abs": 1.1444091796875e-05, "max_row_relative_l2": 9.668032419085648e-08, "max_row_relative_linf": 1.7759003867467982e-07, "min_topk_overlap": 1.0, "shape": [16, 32000]}
{"bk": 128, "bq": 2, "error": "'float' object is not subscriptable", "group": 8, "kind": "error", "loop": 1, "pre": true, "stages": 2, "warps": 8}
{"kind": "numeric", "label": "{'bq': 2, 'bk': 256, 'warps': 4, 'pre': False, 'group': 8, 'loop': 1, 'stages': 2}", "max_abs": 1.1444091796875e-05, "max_row_relative_l2": 9.82267422955374e-08, "max_row_relative_linf": 2.2655970610685472e-07, "min_topk_overlap": 1.0, "shape": [16, 32000]}
{"bk": 256, "bq": 2, "error": "'float' object is not subscriptable", "group": 8, "kind": "error", "loop": 1, "pre": false, "stages": 2, "warps": 4}
{"kind": "numeric", "label": "{'bq': 2, 'bk': 256, 'warps': 4, 'pre': True, 'group': 8, 'loop': 1, 'stages': 2}", "max_abs": 1.1444091796875e-05, "max_row_relative_l2": 9.82267422955374e-08, "max_row_relative_linf": 2.2655970610685472e-07, "min_topk_overlap": 1.0, "shape": [16, 32000]}
{"bk": 256, "bq": 2, "error": "'float' object is not subscriptable", "group": 8, "kind": "error", "loop": 1, "pre": true, "stages": 2, "warps": 4}
{"kind": "numeric", "label": "{'bq': 2, 'bk': 256, 'warps': 8, 'pre': False, 'group': 8, 'loop': 1, 'stages': 2}", "max_abs": 1.1444091796875e-05, "max_row_relative_l2": 9.82267422955374e-08, "max_row_relative_linf": 2.2655970610685472e-07, "min_topk_overlap": 1.0, "shape": [16, 32000]}
{"bk": 256, "bq": 2, "error": "'float' object is not subscriptable", "group": 8, "kind": "error", "loop": 1, "pre": false, "stages": 2, "warps": 8}
{"kind": "numeric", "label": "{'bq': 2, 'bk': 256, 'warps': 8, 'pre': True, 'group': 8, 'loop': 1, 'stages': 2}", "max_abs": 1.1444091796875e-05, "max_row_relative_l2": 9.82267422955374e-08, "max_row_relative_linf": 2.2655970610685472e-07, "min_topk_overlap": 1.0, "shape": [16, 32000]}
{"bk": 256, "bq": 2, "error": "'float' object is not subscriptable", "group": 8, "kind": "error", "loop": 1, "pre": true, "stages": 2, "warps": 8}
{"kind": "numeric", "label": "{'bq': 4, 'bk': 64, 'warps': 4, 'pre': False, 'group': 8, 'loop': 1, 'stages': 2}", "max_abs": 1.1444091796875e-05, "max_row_relative_l2": 9.668032419085648e-08, "max_row_relative_linf": 1.7759003867467982e-07, "min_topk_overlap": 1.0, "shape": [16, 32000]}
{"bk": 64, "bq": 4, "error": "'float' object is not subscriptable", "group": 8, "kind": "error", "loop": 1, "pre": false, "stages": 2, "warps": 4}
{"kind": "numeric", "label": "{'bq': 4, 'bk': 64, 'warps': 4, 'pre': True, 'group': 8, 'loop': 1, 'stages': 2}", "max_abs": 1.1444091796875e-05, "max_row_relative_l2": 9.668032419085648e-08, "max_row_relative_linf": 1.7759003867467982e-07, "min_topk_overlap": 1.0, "shape": [16, 32000]}
{"bk": 64, "bq": 4, "error": "'float' object is not subscriptable", "group": 8, "kind": "error", "loop": 1, "pre": true, "stages": 2, "warps": 4}
{"kind": "numeric", "label": "{'bq': 4, 'bk': 64, 'warps': 8, 'pre': False, 'group': 8, 'loop': 1, 'stages': 2}", "max_abs": 1.1444091796875e-05, "max_row_relative_l2": 9.668032419085648e-08, "max_row_relative_linf": 1.7759003867467982e-07, "min_topk_overlap": 1.0, "shape": [16, 32000]}
{"bk": 64, "bq": 4, "error": "'float' object is not subscriptable", "group": 8, "kind": "error", "loop": 1, "pre": false, "stages": 2, "warps": 8}
{"kind": "numeric", "label": "{'bq': 4, 'bk': 64, 'warps': 8, 'pre': True, 'group': 8, 'loop': 1, 'stages': 2}", "max_abs": 1.1444091796875e-05, "max_row_relative_l2": 9.668032419085648e-08, "max_row_relative_linf": 1.7759003867467982e-07, "min_topk_overlap": 1.0, "shape": [16, 32000]}
{"bk": 64, "bq": 4, "error": "'float' object is not subscriptable", "group": 8, "kind": "error", "loop": 1, "pre": true, "stages": 2, "warps": 8}
