Generated patches/113-sm80-prefill-indexer.patch
{
  "status": "PASS",
  "patches": [
    "000-interface-compliance",
    "101-d1v12-on-base",
    "105-role-split-single-partial",
    "110-sm80-dsa-indexer",
    "111-sm80-fp8-moe-marlin",
    "112-sm80-indexer-kernels",
    "113-sm80-prefill-indexer",
    "120-sched-protect-chain",
    "130-async-tokenize"
  ],
  "py_compile": 3623,
  "deterministic": true,
  "base_unchanged": true,
  "full_reverse_exact": true,
  "decode_source_byte_exact": true,
  "fallback_source_byte_exact": true,
  "applied_equals_candidate": true,
  "base_files": 4680,
  "patch_sha256": "811ce2820e43257f14f5db12b467e341a2b1dd73b4109ff91e95d040fd0197ec"
}
