{"bf16_reduced_precision_reduction": true, "capability": [8, 0], "device": "NVIDIA A100-SXM4-80GB", "kind": "environment", "mode": "all", "oracle_sha256": "3ffe82c74402aed9ceb0ba6113209850cdc8c1b21eb8f36c330e895578bd103f", "seed": 43, "source_sha256": "3c0b20b4332b83449bbcdbaffbdfebc2cd6a7a16647d182904c84b41af6673f4", "test_sha256": "2d1f6406f6fe578aac58e618fbbf831b15abb26a02c23b9b062eb3f9c9c27d89", "torch": "2.13.0+cu130", "triton": "3.7.1"}
{"finite_bits_exact": 254, "kind": "fp8_bits", "nan_class_exact": 2, "tested": 256}
{"kind": "numeric", "label": "decode B=1 L=1024 N=1 ctx=B", "max_abs": 5.7220458984375e-06, "max_row_relative_l2": 7.274538660340113e-08, "max_row_relative_linf": 1.260661974811228e-07, "min_topk_overlap": 1.0, "shape": [1, 1041]}
{"kind": "numeric", "label": "decode B=1 L=1024 N=1 ctx=BN", "max_abs": 7.62939453125e-06, "max_row_relative_l2": 7.48255715166124e-08, "max_row_relative_linf": 1.49053704490143e-07, "min_topk_overlap": 1.0, "shape": [1, 1041]}
{"kind": "numeric", "label": "decode B=1 L=1024 N=2 ctx=B", "max_abs": 7.62939453125e-06, "max_row_relative_l2": 8.725493216843461e-08, "max_row_relative_linf": 1.197096395344488e-07, "min_topk_overlap": 1.0, "shape": [2, 1041]}
{"kind": "numeric", "label": "decode B=1 L=1024 N=2 ctx=BN", "max_abs": 5.7220458984375e-06, "max_row_relative_l2": 9.43274969245067e-08, "max_row_relative_linf": 1.3338231497073139e-07, "min_topk_overlap": 1.0, "shape": [2, 1041]}
{"kind": "numeric", "label": "decode B=1 L=32000 N=1 ctx=B", "max_abs": 1.1444091796875e-05, "max_row_relative_l2": 8.16107785794884e-08, "max_row_relative_linf": 1.3696360667836416e-07, "min_topk_overlap": 1.0, "shape": [1, 32017]}
{"kind": "numeric", "label": "decode B=1 L=32000 N=1 ctx=BN", "max_abs": 7.62939453125e-06, "max_row_relative_l2": 8.760698477772166e-08, "max_row_relative_linf": 1.7117848472025798e-07, "min_topk_overlap": 1.0, "shape": [1, 32017]}
{"kind": "numeric", "label": "decode B=1 L=32000 N=2 ctx=B", "max_abs": 1.1444091796875e-05, "max_row_relative_l2": 8.837357512447852e-08, "max_row_relative_linf": 1.6650774625759368e-07, "min_topk_overlap": 1.0, "shape": [2, 32017]}
{"kind": "numeric", "label": "decode B=1 L=32000 N=2 ctx=BN", "max_abs": 7.62939453125e-06, "max_row_relative_l2": 8.675234397514942e-08, "max_row_relative_linf": 1.2695970497134113e-07, "min_topk_overlap": 1.0, "shape": [2, 32017]}
{"kind": "numeric", "label": "decode B=1 L=190000 N=1 ctx=B", "max_abs": 7.62939453125e-06, "max_row_relative_l2": 8.917852767353907e-08, "max_row_relative_linf": 1.2583639374952327e-07, "min_topk_overlap": 1.0, "shape": [1, 190017]}
{"kind": "numeric", "label": "decode B=1 L=190000 N=1 ctx=BN", "max_abs": 1.52587890625e-05, "max_row_relative_l2": 7.052642558846856e-08, "max_row_relative_linf": 1.5982946877102222e-07, "min_topk_overlap": 1.0, "shape": [1, 190017]}
{"kind": "numeric", "label": "decode B=1 L=190000 N=2 ctx=B", "max_abs": 1.1444091796875e-05, "max_row_relative_l2": 8.512096627555366e-08, "max_row_relative_linf": 1.9096998471468396e-07, "min_topk_overlap": 1.0, "shape": [2, 190017]}
{"kind": "numeric", "label": "decode B=1 L=190000 N=2 ctx=BN", "max_abs": 1.1444091796875e-05, "max_row_relative_l2": 8.726239286716009e-08, "max_row_relative_linf": 2.0293644809044054e-07, "min_topk_overlap": 1.0, "shape": [2, 190017]}
{"kind": "numeric", "label": "decode B=6 L=1024 N=1 ctx=B", "max_abs": 1.52587890625e-05, "max_row_relative_l2": 8.360267145235412e-08, "max_row_relative_linf": 2.3824476613754086e-07, "min_topk_overlap": 1.0, "shape": [6, 1041]}
{"kind": "numeric", "label": "decode B=6 L=1024 N=1 ctx=BN", "max_abs": 5.7220458984375e-06, "max_row_relative_l2": 1.0815164586119863e-07, "max_row_relative_linf": 1.482747506997839e-07, "min_topk_overlap": 1.0, "shape": [6, 1041]}
{"kind": "numeric", "label": "decode B=6 L=1024 N=2 ctx=B", "max_abs": 7.62939453125e-06, "max_row_relative_l2": 9.0719481704582e-08, "max_row_relative_linf": 1.594141991745346e-07, "min_topk_overlap": 1.0, "shape": [12, 1041]}
{"kind": "numeric", "label": "decode B=6 L=1024 N=2 ctx=BN", "max_abs": 7.62939453125e-06, "max_row_relative_l2": 8.772727255745849e-08, "max_row_relative_linf": 1.673001861490775e-07, "min_topk_overlap": 1.0, "shape": [12, 1041]}
{"kind": "numeric", "label": "decode B=6 L=32000 N=1 ctx=B", "max_abs": 7.62939453125e-06, "max_row_relative_l2": 8.569715248540888e-08, "max_row_relative_linf": 1.5143237419579236e-07, "min_topk_overlap": 1.0, "shape": [6, 32017]}
{"kind": "numeric", "label": "decode B=6 L=32000 N=1 ctx=BN", "max_abs": 1.1444091796875e-05, "max_row_relative_l2": 9.84084564947807e-08, "max_row_relative_linf": 1.9052586708312447e-07, "min_topk_overlap": 1.0, "shape": [6, 32017]}
{"kind": "numeric", "label": "decode B=6 L=32000 N=2 ctx=B", "max_abs": 1.1444091796875e-05, "max_row_relative_l2": 9.439921910825433e-08, "max_row_relative_linf": 1.671810991865641e-07, "min_topk_overlap": 1.0, "shape": [12, 32017]}
{"kind": "numeric", "label": "decode B=6 L=32000 N=2 ctx=BN", "max_abs": 1.1444091796875e-05, "max_row_relative_l2": 9.008000745325262e-08, "max_row_relative_linf": 1.8734817786025815e-07, "min_topk_overlap": 1.0, "shape": [12, 32017]}
{"kind": "numeric", "label": "decode B=6 L=190000 N=1 ctx=B", "max_abs": 1.1444091796875e-05, "max_row_relative_l2": 9.601728123698194e-08, "max_row_relative_linf": 1.890258118919519e-07, "min_topk_overlap": 1.0, "shape": [6, 190017]}
{"kind": "numeric", "label": "decode B=6 L=190000 N=1 ctx=BN", "max_abs": 1.1444091796875e-05, "max_row_relative_l2": 8.993259825729183e-08, "max_row_relative_linf": 2.1653877979588287e-07, "min_topk_overlap": 1.0, "shape": [6, 190017]}
{"kind": "numeric", "label": "decode B=6 L=190000 N=2 ctx=B", "max_abs": 1.52587890625e-05, "max_row_relative_l2": 8.999886347282882e-08, "max_row_relative_linf": 2.3755957556659268e-07, "min_topk_overlap": 1.0, "shape": [12, 190017]}
{"kind": "numeric", "label": "decode B=6 L=190000 N=2 ctx=BN", "max_abs": 1.52587890625e-05, "max_row_relative_l2": 9.39572686320389e-08, "max_row_relative_linf": 1.9896427261301142e-07, "min_topk_overlap": 1.0, "shape": [12, 190017]}
{"kind": "numeric", "label": "decode B=32 L=1024 N=1 ctx=B", "max_abs": 1.1444091796875e-05, "max_row_relative_l2": 9.665887290566388e-08, "max_row_relative_linf": 2.1238004421775258e-07, "min_topk_overlap": 1.0, "shape": [32, 1041]}
{"kind": "numeric", "label": "decode B=32 L=1024 N=1 ctx=BN", "max_abs": 7.62939453125e-06, "max_row_relative_l2": 1.0136681538597259e-07, "max_row_relative_linf": 1.844219355007226e-07, "min_topk_overlap": 1.0, "shape": [32, 1041]}
{"kind": "numeric", "label": "decode B=32 L=1024 N=2 ctx=B", "max_abs": 1.1444091796875e-05, "max_row_relative_l2": 9.739089534832601e-08, "max_row_relative_linf": 2.1929831461875438e-07, "min_topk_overlap": 1.0, "shape": [64, 1041]}
{"kind": "numeric", "label": "decode B=32 L=1024 N=2 ctx=BN", "max_abs": 9.5367431640625e-06, "max_row_relative_l2": 9.639598630428736e-08, "max_row_relative_linf": 1.8691109460178268e-07, "min_topk_overlap": 1.0, "shape": [64, 1041]}
{"kind": "numeric", "label": "decode B=32 L=32000 N=1 ctx=B", "max_abs": 1.52587890625e-05, "max_row_relative_l2": 9.318585370010624e-08, "max_row_relative_linf": 1.897546013651663e-07, "min_topk_overlap": 1.0, "shape": [32, 32017]}
{"kind": "numeric", "label": "decode B=32 L=32000 N=1 ctx=BN", "max_abs": 1.52587890625e-05, "max_row_relative_l2": 9.594582195404655e-08, "max_row_relative_linf": 2.2701237867295276e-07, "min_topk_overlap": 1.0, "shape": [32, 32017]}
{"kind": "numeric", "label": "decode B=32 L=32000 N=2 ctx=B", "max_abs": 1.52587890625e-05, "max_row_relative_l2": 1.0028769992231901e-07, "max_row_relative_linf": 2.0592172234046302e-07, "min_topk_overlap": 1.0, "shape": [64, 32017]}
{"kind": "numeric", "label": "decode B=32 L=32000 N=2 ctx=BN", "max_abs": 1.1444091796875e-05, "max_row_relative_l2": 1.0174990450195764e-07, "max_row_relative_linf": 1.9360436454007868e-07, "min_topk_overlap": 1.0, "shape": [64, 32017]}
{"kind": "numeric", "label": "decode B=32 L=190000 N=1 ctx=B", "max_abs": 1.52587890625e-05, "max_row_relative_l2": 9.915179788322348e-08, "max_row_relative_linf": 2.092855879709532e-07, "min_topk_overlap": 1.0, "shape": [32, 190017]}
{"kind": "numeric", "label": "decode B=32 L=190000 N=1 ctx=BN", "max_abs": 1.52587890625e-05, "max_row_relative_l2": 9.51815266603262e-08, "max_row_relative_linf": 1.854706681569951e-07, "min_topk_overlap": 1.0, "shape": [32, 190017]}
{"kind": "numeric", "label": "decode B=32 L=190000 N=2 ctx=B", "max_abs": 1.52587890625e-05, "max_row_relative_l2": 9.391177258066818e-08, "max_row_relative_linf": 1.9319433874898095e-07, "min_topk_overlap": 1.0, "shape": [64, 190017]}
{"kind": "numeric", "label": "decode B=32 L=190000 N=2 ctx=BN", "max_abs": 1.52587890625e-05, "max_row_relative_l2": 9.534565492685942e-08, "max_row_relative_linf": 1.9039724463709717e-07, "min_topk_overlap": 1.0, "shape": [64, 190017]}
{"kind": "numeric", "label": "edge L=0 clean=False", "max_abs": 0.0, "max_row_relative_l2": 0.0, "max_row_relative_linf": 0.0, "min_topk_overlap": 1.0, "shape": [16, 17]}
{"kind": "numeric", "label": "edge L=0 clean=True", "max_abs": 0.0, "max_row_relative_l2": 0.0, "max_row_relative_linf": 0.0, "min_topk_overlap": 1.0, "shape": [16, 17]}
{"kind": "numeric", "label": "edge L=1 clean=False", "max_abs": 3.814697265625e-06, "max_row_relative_l2": 1.7677868413557007e-07, "max_row_relative_linf": 1.7677868413557007e-07, "min_topk_overlap": 1.0, "shape": [16, 18]}
{"kind": "numeric", "label": "edge L=1 clean=True", "max_abs": 3.814697265625e-06, "max_row_relative_l2": 1.7677868413557007e-07, "max_row_relative_linf": 1.7677868413557007e-07, "min_topk_overlap": 1.0, "shape": [16, 18]}
{"kind": "numeric", "label": "edge L=63 clean=False", "max_abs": 5.7220458984375e-06, "max_row_relative_l2": 2.539686079217063e-07, "max_row_relative_linf": 2.539686079217063e-07, "min_topk_overlap": 1.0, "shape": [16, 80]}
{"kind": "numeric", "label": "edge L=63 clean=True", "max_abs": 5.7220458984375e-06, "max_row_relative_l2": 2.539686079217063e-07, "max_row_relative_linf": 2.539686079217063e-07, "min_topk_overlap": 1.0, "shape": [16, 80]}
{"kind": "numeric", "label": "edge L=64 clean=False", "max_abs": 7.62939453125e-06, "max_row_relative_l2": 1.2313061859003938e-07, "max_row_relative_linf": 1.7110077976667526e-07, "min_topk_overlap": 1.0, "shape": [16, 81]}
{"kind": "numeric", "label": "edge L=64 clean=True", "max_abs": 7.62939453125e-06, "max_row_relative_l2": 1.2313061859003938e-07, "max_row_relative_linf": 1.7110077976667526e-07, "min_topk_overlap": 1.0, "shape": [16, 81]}
{"kind": "numeric", "label": "edge L=65 clean=False", "max_abs": 5.7220458984375e-06, "max_row_relative_l2": 2.676895576314564e-07, "max_row_relative_linf": 2.676895576314564e-07, "min_topk_overlap": 1.0, "shape": [16, 82]}
{"kind": "numeric", "label": "edge L=65 clean=True", "max_abs": 5.7220458984375e-06, "max_row_relative_l2": 2.676895576314564e-07, "max_row_relative_linf": 2.676895576314564e-07, "min_topk_overlap": 1.0, "shape": [16, 82]}
{"kind": "numeric", "label": "edge L=1025 clean=False", "max_abs": 7.62939453125e-06, "max_row_relative_l2": 1.2690011885752028e-07, "max_row_relative_linf": 1.3382923214066977e-07, "min_topk_overlap": 1.0, "shape": [16, 1042]}
{"kind": "numeric", "label": "edge L=1025 clean=True", "max_abs": 7.62939453125e-06, "max_row_relative_l2": 1.2690011885752028e-07, "max_row_relative_linf": 1.3382923214066977e-07, "min_topk_overlap": 1.0, "shape": [16, 1042]}
{"kind": "numeric", "label": "prefill nq=37 nk=1 clean=False", "max_abs": 3.814697265625e-06, "max_row_relative_l2": 1.8840062239178224e-06, "max_row_relative_linf": 1.8840062239178224e-06, "min_topk_overlap": 1.0, "shape": [37, 1]}
{"kind": "numeric", "label": "prefill nq=37 nk=1 clean=True", "max_abs": 2.86102294921875e-06, "max_row_relative_l2": 5.985785378470609e-07, "max_row_relative_linf": 5.985785378470609e-07, "min_topk_overlap": 1.0, "shape": [37, 1]}
{"kind": "numeric", "label": "prefill nq=37 nk=65 clean=False", "max_abs": 9.5367431640625e-06, "max_row_relative_l2": 1.355869727603931e-07, "max_row_relative_linf": 3.5016131505472003e-07, "min_topk_overlap": 1.0, "shape": [37, 65]}
{"kind": "numeric", "label": "prefill nq=37 nk=65 clean=True", "max_abs": 7.62939453125e-06, "max_row_relative_l2": 1.6159955862349307e-07, "max_row_relative_linf": 2.4458483949274523e-07, "min_topk_overlap": 1.0, "shape": [37, 65]}
{"kind": "numeric", "label": "prefill nq=37 nk=1024 clean=False", "max_abs": 1.1444091796875e-05, "max_row_relative_l2": 1.165460403740326e-07, "max_row_relative_linf": 2.358662953838575e-07, "min_topk_overlap": 1.0, "shape": [37, 1024]}
{"kind": "numeric", "label": "prefill nq=37 nk=1024 clean=True", "max_abs": 1.1444091796875e-05, "max_row_relative_l2": 1.250195964530576e-07, "max_row_relative_linf": 2.157684377834812e-07, "min_topk_overlap": 1.0, "shape": [37, 1024]}
{"kind": "numeric", "label": "prefill nq=37 nk=32000 clean=False", "max_abs": 2.288818359375e-05, "max_row_relative_l2": 1.2315854291955475e-07, "max_row_relative_linf": 2.5268295189562195e-07, "min_topk_overlap": 1.0, "shape": [37, 32000]}
{"kind": "numeric", "label": "prefill nq=37 nk=32000 clean=True", "max_abs": 1.52587890625e-05, "max_row_relative_l2": 1.1088652485113926e-07, "max_row_relative_linf": 2.470786739650066e-07, "min_topk_overlap": 1.0, "shape": [37, 32000]}
{"kind": "numeric", "label": "prefill nq=37 nk=190000 clean=False", "max_abs": 2.288818359375e-05, "max_row_relative_l2": 1.1418325129852747e-07, "max_row_relative_linf": 2.8615053793146217e-07, "min_topk_overlap": 1.0, "shape": [37, 190000]}
{"kind": "numeric", "label": "prefill nq=37 nk=190000 clean=True", "max_abs": 2.288818359375e-05, "max_row_relative_l2": 1.391638875247736e-07, "max_row_relative_linf": 2.786274535537814e-07, "min_topk_overlap": 0.99951171875, "shape": [37, 190000]}
{"kind": "numeric", "label": "decode scale=0.001", "max_abs": 5.820766091346741e-11, "max_row_relative_l2": 8.755197455911912e-08, "max_row_relative_linf": 1.879740807453345e-07, "min_topk_overlap": 1.0, "shape": [12, 32017]}
{"kind": "numeric", "label": "prefill scale=0.001", "max_abs": 7.275957614183426e-11, "max_row_relative_l2": 1.1916893072339008e-07, "max_row_relative_linf": 2.5826960836639046e-07, "min_topk_overlap": 1.0, "shape": [37, 32000]}
{"kind": "numeric", "label": "decode scale=30.0", "max_abs": 2.65234375, "max_row_relative_l2": 2.8812334562644537e-07, "max_row_relative_linf": 1.1184635695826728e-05, "min_topk_overlap": 1.0, "shape": [12, 32017]}
{"kind": "numeric", "label": "prefill scale=30.0", "max_abs": 0.078125, "max_row_relative_l2": 2.66578149421548e-06, "max_row_relative_linf": 2.66578149421548e-06, "min_topk_overlap": 1.0, "shape": [37, 32000]}
{"kind": "numeric", "label": "decode scale=100.0", "max_abs": 21.625, "max_row_relative_l2": 2.181946285872982e-07, "max_row_relative_linf": 7.660525625396986e-06, "min_topk_overlap": 1.0, "shape": [12, 32017]}
{"kind": "numeric", "label": "prefill scale=100.0", "max_abs": 2.375, "max_row_relative_l2": 3.718967036547838e-07, "max_row_relative_linf": 1.3384715202846564e-06, "min_topk_overlap": 1.0, "shape": [37, 32000]}
{"kind": "numeric", "label": "heads decode h=8", "max_abs": 3.814697265625e-06, "max_row_relative_l2": 5.390080204392689e-08, "max_row_relative_linf": 1.3860670833309996e-07, "min_topk_overlap": 1.0, "shape": [2, 1042]}
{"kind": "numeric", "label": "heads prefill h=8", "max_abs": 1.9073486328125e-06, "max_row_relative_l2": 5.371849454149924e-08, "max_row_relative_linf": 6.665714380460486e-08, "min_topk_overlap": 1.0, "shape": [9, 1025]}
{"kind": "numeric", "label": "heads decode h=16", "max_abs": 3.814697265625e-06, "max_row_relative_l2": 6.943225372424422e-08, "max_row_relative_linf": 1.176206438913141e-07, "min_topk_overlap": 1.0, "shape": [2, 1042]}
{"kind": "numeric", "label": "heads prefill h=16", "max_abs": 5.7220458984375e-06, "max_row_relative_l2": 3.432492690080835e-07, "max_row_relative_linf": 3.432492690080835e-07, "min_topk_overlap": 1.0, "shape": [9, 1025]}
{"kind": "numeric", "label": "heads decode h=64", "max_abs": 8.58306884765625e-06, "max_row_relative_l2": 1.0105421210937493e-07, "max_row_relative_linf": 1.551432973201372e-07, "min_topk_overlap": 1.0, "shape": [2, 1042]}
{"kind": "numeric", "label": "heads prefill h=64", "max_abs": 1.52587890625e-05, "max_row_relative_l2": 4.398996793497645e-07, "max_row_relative_linf": 4.398996793497645e-07, "min_topk_overlap": 1.0, "shape": [9, 1025]}
{"kind": "numeric", "label": "output shorter than context", "max_abs": 5.7220458984375e-06, "max_row_relative_l2": 1.190456515587357e-07, "max_row_relative_linf": 1.744803199699163e-07, "min_topk_overlap": 1.0, "shape": [12, 31]}
{"kind": "numeric", "label": "3D query", "max_abs": 3.814697265625e-06, "max_row_relative_l2": 9.356354979672687e-08, "max_row_relative_linf": 1.0175094899977921e-07, "min_topk_overlap": 1.0, "shape": [2, 82]}
{"kind": "numeric", "label": "graph decode step=0", "max_abs": 1.1444091796875e-05, "max_row_relative_l2": 8.51812060886914e-08, "max_row_relative_linf": 1.9321842614772322e-07, "min_topk_overlap": 1.0, "shape": [12, 32017]}
{"kind": "numeric", "label": "graph decode step=1", "max_abs": 7.62939453125e-06, "max_row_relative_l2": 8.951054297767769e-08, "max_row_relative_linf": 1.7731464652115392e-07, "min_topk_overlap": 1.0, "shape": [12, 32017]}
{"kind": "numeric", "label": "graph decode step=2", "max_abs": 0.0, "max_row_relative_l2": 0.0, "max_row_relative_linf": 0.0, "min_topk_overlap": 1.0, "shape": [12, 32017]}
{"eager_bit_exact": true, "kind": "graph", "name": "decode", "replays": 3}
{"kind": "numeric", "label": "graph decode_b step=0", "max_abs": 7.62939453125e-06, "max_row_relative_l2": 8.825582398230836e-08, "max_row_relative_linf": 1.5361709415628866e-07, "min_topk_overlap": 1.0, "shape": [12, 32017]}
{"kind": "numeric", "label": "graph decode_b step=1", "max_abs": 7.62939453125e-06, "max_row_relative_l2": 1.3355467842757207e-07, "max_row_relative_linf": 2.5167673811665736e-07, "min_topk_overlap": 1.0, "shape": [12, 32017]}
{"kind": "numeric", "label": "graph decode_b step=2", "max_abs": 0.0, "max_row_relative_l2": 0.0, "max_row_relative_linf": 0.0, "min_topk_overlap": 1.0, "shape": [12, 32017]}
{"eager_bit_exact": true, "kind": "graph", "name": "decode_b", "replays": 3}
{"kind": "numeric", "label": "graph prefill step=0", "max_abs": 1.9073486328125e-05, "max_row_relative_l2": 1.212597311450736e-07, "max_row_relative_linf": 2.8484760150604416e-07, "min_topk_overlap": 1.0, "shape": [37, 32000]}
{"kind": "numeric", "label": "graph prefill step=1", "max_abs": 7.62939453125e-06, "max_row_relative_l2": 1.434896717000811e-07, "max_row_relative_linf": 2.2001114530212362e-07, "min_topk_overlap": 1.0, "shape": [37, 32000]}
{"kind": "numeric", "label": "graph prefill step=2", "max_abs": 0.0, "max_row_relative_l2": 0.0, "max_row_relative_linf": 0.0, "min_topk_overlap": 1.0, "shape": [37, 32000]}
{"eager_bit_exact": true, "kind": "graph", "name": "prefill", "replays": 3}
{"kind": "numeric", "label": "graph prefill_dirty step=0", "max_abs": 1.52587890625e-05, "max_row_relative_l2": 1.1856268145038484e-07, "max_row_relative_linf": 2.7603306307355524e-07, "min_topk_overlap": 1.0, "shape": [37, 32000]}
{"kind": "numeric", "label": "graph prefill_dirty step=1", "max_abs": 2.288818359375e-05, "max_row_relative_l2": 1.212152227481056e-07, "max_row_relative_linf": 3.559401307029475e-07, "min_topk_overlap": 1.0, "shape": [37, 32000]}
{"kind": "numeric", "label": "graph prefill_dirty step=2", "max_abs": 1.9073486328125e-05, "max_row_relative_l2": 1.1811245315129781e-07, "max_row_relative_linf": 2.791077804431552e-07, "min_topk_overlap": 1.0, "shape": [37, 32000]}
{"eager_bit_exact": true, "kind": "graph", "name": "prefill_dirty", "replays": 3}
{"B": 6, "L": 32000, "N": 1, "kind": "bench", "name": "decode", "new_ms": 0.19654400646686554, "new_samples": [0.22310400009155273, 0.19788800179958344, 0.20656000077724457, 0.21167999505996704, 0.1895039975643158, 0.18940800428390503, 0.20019200444221497, 0.19164800643920898, 0.19088000059127808, 0.1884479969739914, 0.18729600310325623, 0.20214399695396423, 0.1955520063638687, 0.19148799777030945, 0.1910720020532608, 0.19753600656986237, 0.20476800203323364, 0.20556800067424774, 0.19404800236225128, 0.21315200626850128], "old_ms": 0.7443040013313293, "old_samples": [0.7995839715003967, 0.747327983379364, 0.7432000041007996, 0.741536021232605, 0.7417600154876709, 0.758080005645752, 0.7369920015335083, 0.7370880246162415, 0.7454079985618591, 0.7858560085296631], "speedup": 3.786958527564198}
{"B": 6, "L": 32000, "N": 1, "inner": 20, "kind": "bench", "name": "decode_graph", "new_ms": 0.11726399660110473, "new_samples": [0.11825120449066162, 0.11721760034561157, 0.11725599765777588, 0.11717439889907837, 0.11726720333099365, 0.11726399660110473, 0.11727360486984253], "old_ms": 0.5667727947235107, "old_samples": [0.569601583480835, 0.5666319847106933, 0.5669680118560791, 0.5667727947235107, 0.566703987121582, 0.5664400100708008, 0.5668511867523194], "speedup": 4.833306139577467}
{"B": 6, "L": 190000, "N": 1, "kind": "bench", "name": "decode", "new_ms": 0.7356320023536682, "new_samples": [0.7517439723014832, 0.7356160283088684, 0.7483199834823608, 0.7323520183563232, 0.7323520183563232, 0.7381759881973267, 0.7292799949645996, 0.7282559871673584, 0.7303680181503296, 0.7303360104560852, 0.7348799705505371, 0.7274559736251831, 0.735647976398468, 0.7326080203056335, 0.8466240167617798, 0.7788479924201965, 0.7894719839096069, 0.7813760042190552, 0.7553920149803162, 0.7574719786643982], "old_ms": 3.3073920011520386, "old_samples": [3.2600319385528564, 3.2393600940704346, 3.2587199211120605, 3.2943360805511475, 3.3204479217529297, 3.3289599418640137, 3.3496320247650146, 3.3450560569763184, 3.351167917251587, 3.274240016937256], "speedup": 4.49598711117784}
{"B": 6, "L": 190000, "N": 1, "inner": 20, "kind": "bench", "name": "decode_graph", "new_ms": 0.5396783828735352, "new_samples": [0.5398064136505127, 0.5396783828735352, 0.5389200210571289, 0.5410560131072998, 0.5390927791595459, 0.5397280216217041, 0.5393136024475098], "old_ms": 2.6893936157226563, "old_samples": [3.006096076965332, 2.6925487518310547, 2.69082088470459, 2.688376045227051, 2.6893936157226563, 2.688224029541016, 2.6885520935058596], "speedup": 4.9833265534982}
{"kind": "numeric", "label": "large prefill nq=8192 nk=32000 layout=causal", "max_abs": 3.0517578125e-05, "max_row_relative_l2": 1.3536907772504492e-07, "max_row_relative_linf": 4.024945496894361e-07, "min_topk_overlap": 0.99951171875, "shape": [8192, 32000]}
{"clean": true, "kind": "bench", "layout": "causal", "name": "prefill", "new_ms": 94.10697937011719, "new_samples": [94.53475189208984, 94.111328125, 94.10578918457031, 93.99987030029297, 94.10697937011719], "nk": 32000, "nq": 8192, "old_ms": 207.80563354492188, "old_samples": [273.2683410644531, 207.80563354492188, 207.6866912841797], "speedup": 2.2081851413765454}
{"kind": "numeric", "label": "large prefill nq=8192 nk=32000 layout=ragged", "max_abs": 2.288818359375e-05, "max_row_relative_l2": 2.1677507788808725e-07, "max_row_relative_linf": 4.081661870714015e-07, "min_topk_overlap": 1.0, "shape": [8192, 32000]}
{"clean": true, "kind": "bench", "layout": "ragged", "name": "prefill", "new_ms": 72.09091186523438, "new_samples": [72.54537963867188, 72.41449737548828, 72.09091186523438, 72.04278564453125, 71.93456268310547], "nk": 32000, "nq": 8192, "old_ms": 207.82485961914062, "old_samples": [207.82485961914062, 207.8509063720703, 207.79705810546875], "speedup": 2.8828163528801687}
{"kind": "numeric", "label": "large prefill nq=8192 nk=190000 layout=causal", "max_abs": 3.814697265625e-05, "max_row_relative_l2": 1.372610967109722e-07, "max_row_relative_linf": 4.2249325815646444e-07, "min_topk_overlap": 0.99951171875, "shape": [8192, 190000]}
{"clean": true, "kind": "bench", "layout": "causal", "name": "prefill", "new_ms": 623.87158203125, "new_samples": [623.7902221679688, 624.2807006835938, 623.6970825195312, 624.0388793945312, 623.87158203125], "nk": 190000, "nq": 8192, "old_ms": 1249.019775390625, "old_samples": [1248.9368896484375, 1249.019775390625, 1249.408447265625], "speedup": 2.0020462726062447}
{"kind": "numeric", "label": "large prefill nq=8192 nk=190000 layout=ragged", "max_abs": 3.0517578125e-05, "max_row_relative_l2": 1.3232492790393735e-07, "max_row_relative_linf": 4.099159411907749e-07, "min_topk_overlap": 0.99951171875, "shape": [8192, 190000]}
{"clean": true, "kind": "bench", "layout": "ragged", "name": "prefill", "new_ms": 424.1158142089844, "new_samples": [424.6362609863281, 424.1158142089844, 423.720458984375, 424.8473815917969, 423.8908996582031], "nk": 190000, "nq": 8192, "old_ms": 1248.857421875, "old_samples": [1248.764892578125, 1249.1585693359375, 1248.857421875], "speedup": 2.9446141361275004}
{"kind": "complete", "mode": "all", "status": "PASS"}
