{"baseline_sha256": "3c0b20b4332b83449bbcdbaffbdfebc2cd6a7a16647d182904c84b41af6673f4", "bf16_reduced_precision_reduction": true, "capability": [8, 0], "device": "NVIDIA A100-SXM4-80GB", "kind": "environment", "mode": "all", "oracle_sha256": "3ffe82c74402aed9ceb0ba6113209850cdc8c1b21eb8f36c330e895578bd103f", "reused_test_sha256": "2d1f6406f6fe578aac58e618fbbf831b15abb26a02c23b9b062eb3f9c9c27d89", "seed": 44, "source_sha256": "2c6302f7e9c5403d973bf2ee2bf6834926bb399679d802ef3ffaba39c23822d3", "test_sha256": "520cb0fbb187bf4632659a7ae6fd1f53bfbf0591c1c0b6c2c154fd78f671326a", "torch": "2.13.0+cu130", "triton": "3.7.1"}
{"kind": "reference", "name": "110"}
{"finite_bits_exact": 254, "kind": "fp8_bits", "nan_class_exact": 2, "tested": 256}
{"kind": "numeric", "label": "decode B=1 L=1024 N=1 ctx=B", "max_abs": 3.814697265625e-06, "max_row_relative_l2": 7.84974716339093e-08, "max_row_relative_linf": 9.088822849889766e-08, "min_topk_overlap": 1.0, "shape": [1, 1041]}
{"kind": "numeric", "label": "decode B=1 L=1024 N=1 ctx=BN", "max_abs": 7.62939453125e-06, "max_row_relative_l2": 6.802752494650122e-08, "max_row_relative_linf": 1.4052304209144495e-07, "min_topk_overlap": 1.0, "shape": [1, 1041]}
{"kind": "numeric", "label": "decode B=1 L=1024 N=2 ctx=B", "max_abs": 1.1444091796875e-05, "max_row_relative_l2": 7.441597205115613e-08, "max_row_relative_linf": 1.959912054871893e-07, "min_topk_overlap": 1.0, "shape": [2, 1041]}
{"kind": "numeric", "label": "decode B=1 L=1024 N=2 ctx=BN", "max_abs": 5.7220458984375e-06, "max_row_relative_l2": 8.686282626513275e-08, "max_row_relative_linf": 1.2388247228045657e-07, "min_topk_overlap": 1.0, "shape": [2, 1041]}
{"kind": "numeric", "label": "decode B=1 L=32000 N=1 ctx=B", "max_abs": 1.52587890625e-05, "max_row_relative_l2": 6.532533802783291e-08, "max_row_relative_linf": 1.6044138817505882e-07, "min_topk_overlap": 1.0, "shape": [1, 32017]}
{"kind": "numeric", "label": "decode B=1 L=32000 N=1 ctx=BN", "max_abs": 7.62939453125e-06, "max_row_relative_l2": 7.278306668467849e-08, "max_row_relative_linf": 1.221535796958051e-07, "min_topk_overlap": 1.0, "shape": [1, 32017]}
{"kind": "numeric", "label": "decode B=1 L=32000 N=2 ctx=B", "max_abs": 7.62939453125e-06, "max_row_relative_l2": 8.851065302906136e-08, "max_row_relative_linf": 1.2743603861053998e-07, "min_topk_overlap": 1.0, "shape": [2, 32017]}
{"kind": "numeric", "label": "decode B=1 L=32000 N=2 ctx=BN", "max_abs": 1.1444091796875e-05, "max_row_relative_l2": 7.116061340184388e-08, "max_row_relative_linf": 1.573011871869312e-07, "min_topk_overlap": 1.0, "shape": [2, 32017]}
{"kind": "numeric", "label": "decode B=1 L=190000 N=1 ctx=B", "max_abs": 7.62939453125e-06, "max_row_relative_l2": 7.712176142149474e-08, "max_row_relative_linf": 1.3936134735104133e-07, "min_topk_overlap": 1.0, "shape": [1, 190017]}
{"kind": "numeric", "label": "decode B=1 L=190000 N=1 ctx=BN", "max_abs": 1.52587890625e-05, "max_row_relative_l2": 7.485149211561293e-08, "max_row_relative_linf": 1.5704128486504487e-07, "min_topk_overlap": 1.0, "shape": [1, 190017]}
{"kind": "numeric", "label": "decode B=1 L=190000 N=2 ctx=B", "max_abs": 1.52587890625e-05, "max_row_relative_l2": 9.385487231838852e-08, "max_row_relative_linf": 1.8042526050976448e-07, "min_topk_overlap": 1.0, "shape": [2, 190017]}
{"kind": "numeric", "label": "decode B=1 L=190000 N=2 ctx=BN", "max_abs": 1.1444091796875e-05, "max_row_relative_l2": 8.724652644787056e-08, "max_row_relative_linf": 1.8802806778239756e-07, "min_topk_overlap": 1.0, "shape": [2, 190017]}
{"kind": "numeric", "label": "decode B=6 L=1024 N=1 ctx=B", "max_abs": 7.62939453125e-06, "max_row_relative_l2": 8.37468476788672e-08, "max_row_relative_linf": 1.4583009999569185e-07, "min_topk_overlap": 1.0, "shape": [6, 1041]}
{"kind": "numeric", "label": "decode B=6 L=1024 N=1 ctx=BN", "max_abs": 7.62939453125e-06, "max_row_relative_l2": 8.308995802508434e-08, "max_row_relative_linf": 1.3075877802748437e-07, "min_topk_overlap": 1.0, "shape": [6, 1041]}
{"kind": "numeric", "label": "decode B=6 L=1024 N=2 ctx=B", "max_abs": 5.7220458984375e-06, "max_row_relative_l2": 8.740999390965953e-08, "max_row_relative_linf": 1.3536603660213586e-07, "min_topk_overlap": 1.0, "shape": [12, 1041]}
{"kind": "numeric", "label": "decode B=6 L=1024 N=2 ctx=BN", "max_abs": 7.62939453125e-06, "max_row_relative_l2": 9.590645078105808e-08, "max_row_relative_linf": 1.675654885957556e-07, "min_topk_overlap": 1.0, "shape": [12, 1041]}
{"kind": "numeric", "label": "decode B=6 L=32000 N=1 ctx=B", "max_abs": 1.52587890625e-05, "max_row_relative_l2": 8.40350082853547e-08, "max_row_relative_linf": 1.7601115587240201e-07, "min_topk_overlap": 1.0, "shape": [6, 32017]}
{"kind": "numeric", "label": "decode B=6 L=32000 N=1 ctx=BN", "max_abs": 1.52587890625e-05, "max_row_relative_l2": 8.612285995468483e-08, "max_row_relative_linf": 1.6412816705724254e-07, "min_topk_overlap": 1.0, "shape": [6, 32017]}
{"kind": "numeric", "label": "decode B=6 L=32000 N=2 ctx=B", "max_abs": 1.1444091796875e-05, "max_row_relative_l2": 8.730324196903894e-08, "max_row_relative_linf": 1.8336834273213753e-07, "min_topk_overlap": 1.0, "shape": [12, 32017]}
{"kind": "numeric", "label": "decode B=6 L=32000 N=2 ctx=BN", "max_abs": 1.52587890625e-05, "max_row_relative_l2": 8.828936159943623e-08, "max_row_relative_linf": 1.7187292655762576e-07, "min_topk_overlap": 1.0, "shape": [12, 32017]}
{"kind": "numeric", "label": "decode B=6 L=190000 N=1 ctx=B", "max_abs": 1.52587890625e-05, "max_row_relative_l2": 9.268675427165363e-08, "max_row_relative_linf": 1.913693807864547e-07, "min_topk_overlap": 1.0, "shape": [6, 190017]}
{"kind": "numeric", "label": "decode B=6 L=190000 N=1 ctx=BN", "max_abs": 1.52587890625e-05, "max_row_relative_l2": 9.788397647980673e-08, "max_row_relative_linf": 1.8891044817337388e-07, "min_topk_overlap": 1.0, "shape": [6, 190017]}
{"kind": "numeric", "label": "decode B=6 L=190000 N=2 ctx=B", "max_abs": 1.52587890625e-05, "max_row_relative_l2": 8.994646805149387e-08, "max_row_relative_linf": 1.88677319101771e-07, "min_topk_overlap": 1.0, "shape": [12, 190017]}
{"kind": "numeric", "label": "decode B=6 L=190000 N=2 ctx=BN", "max_abs": 1.52587890625e-05, "max_row_relative_l2": 9.427759550817427e-08, "max_row_relative_linf": 2.121278441791219e-07, "min_topk_overlap": 1.0, "shape": [12, 190017]}
{"kind": "numeric", "label": "decode B=32 L=1024 N=1 ctx=B", "max_abs": 1.1444091796875e-05, "max_row_relative_l2": 9.593387062523107e-08, "max_row_relative_linf": 2.3635907098196185e-07, "min_topk_overlap": 1.0, "shape": [32, 1041]}
{"kind": "numeric", "label": "decode B=32 L=1024 N=1 ctx=BN", "max_abs": 1.1444091796875e-05, "max_row_relative_l2": 9.267720457728501e-08, "max_row_relative_linf": 2.1231052471648582e-07, "min_topk_overlap": 1.0, "shape": [32, 1041]}
{"kind": "numeric", "label": "decode B=32 L=1024 N=2 ctx=B", "max_abs": 1.52587890625e-05, "max_row_relative_l2": 9.496041286638501e-08, "max_row_relative_linf": 2.3545275951164513e-07, "min_topk_overlap": 1.0, "shape": [64, 1041]}
{"kind": "numeric", "label": "decode B=32 L=1024 N=2 ctx=BN", "max_abs": 1.52587890625e-05, "max_row_relative_l2": 9.89636461667942e-08, "max_row_relative_linf": 2.0538259093427769e-07, "min_topk_overlap": 1.0, "shape": [64, 1041]}
{"kind": "numeric", "label": "decode B=32 L=32000 N=1 ctx=B", "max_abs": 1.52587890625e-05, "max_row_relative_l2": 9.410054246927757e-08, "max_row_relative_linf": 1.9426579456194304e-07, "min_topk_overlap": 1.0, "shape": [32, 32017]}
{"kind": "numeric", "label": "decode B=32 L=32000 N=1 ctx=BN", "max_abs": 1.52587890625e-05, "max_row_relative_l2": 9.682408830258282e-08, "max_row_relative_linf": 1.760577816867226e-07, "min_topk_overlap": 1.0, "shape": [32, 32017]}
{"kind": "numeric", "label": "decode B=32 L=32000 N=2 ctx=B", "max_abs": 1.52587890625e-05, "max_row_relative_l2": 9.671553868884075e-08, "max_row_relative_linf": 2.2522532105995197e-07, "min_topk_overlap": 1.0, "shape": [64, 32017]}
{"kind": "numeric", "label": "decode B=32 L=32000 N=2 ctx=BN", "max_abs": 1.52587890625e-05, "max_row_relative_l2": 9.710877435509246e-08, "max_row_relative_linf": 2.2238126007323444e-07, "min_topk_overlap": 1.0, "shape": [64, 32017]}
{"kind": "numeric", "label": "decode B=32 L=190000 N=1 ctx=B", "max_abs": 1.52587890625e-05, "max_row_relative_l2": 9.635417796971524e-08, "max_row_relative_linf": 2.1400168748186843e-07, "min_topk_overlap": 1.0, "shape": [32, 190017]}
{"kind": "numeric", "label": "decode B=32 L=190000 N=1 ctx=BN", "max_abs": 1.52587890625e-05, "max_row_relative_l2": 9.930928257517735e-08, "max_row_relative_linf": 2.0189119709357328e-07, "min_topk_overlap": 1.0, "shape": [32, 190017]}
{"kind": "numeric", "label": "decode B=32 L=190000 N=2 ctx=B", "max_abs": 1.52587890625e-05, "max_row_relative_l2": 9.601745176723853e-08, "max_row_relative_linf": 2.2346401351569511e-07, "min_topk_overlap": 1.0, "shape": [64, 190017]}
{"kind": "numeric", "label": "decode B=32 L=190000 N=2 ctx=BN", "max_abs": 1.52587890625e-05, "max_row_relative_l2": 9.558521441022094e-08, "max_row_relative_linf": 2.134263752395782e-07, "min_topk_overlap": 1.0, "shape": [64, 190017]}
{"kind": "numeric", "label": "edge L=0 clean=False", "max_abs": 0.0, "max_row_relative_l2": 0.0, "max_row_relative_linf": 0.0, "min_topk_overlap": 1.0, "shape": [16, 17]}
{"kind": "numeric", "label": "edge L=0 clean=True", "max_abs": 0.0, "max_row_relative_l2": 0.0, "max_row_relative_linf": 0.0, "min_topk_overlap": 1.0, "shape": [16, 17]}
{"kind": "numeric", "label": "edge L=1 clean=False", "max_abs": 7.62939453125e-06, "max_row_relative_l2": 1.249977259476509e-07, "max_row_relative_linf": 1.249977259476509e-07, "min_topk_overlap": 1.0, "shape": [16, 18]}
{"kind": "numeric", "label": "edge L=1 clean=True", "max_abs": 7.62939453125e-06, "max_row_relative_l2": 1.249977259476509e-07, "max_row_relative_linf": 1.249977259476509e-07, "min_topk_overlap": 1.0, "shape": [16, 18]}
{"kind": "numeric", "label": "edge L=63 clean=False", "max_abs": 7.62939453125e-06, "max_row_relative_l2": 1.0753052492873394e-07, "max_row_relative_linf": 1.516214354069234e-07, "min_topk_overlap": 1.0, "shape": [16, 80]}
{"kind": "numeric", "label": "edge L=63 clean=True", "max_abs": 7.62939453125e-06, "max_row_relative_l2": 1.0753052492873394e-07, "max_row_relative_linf": 1.516214354069234e-07, "min_topk_overlap": 1.0, "shape": [16, 80]}
{"kind": "numeric", "label": "edge L=64 clean=False", "max_abs": 7.62939453125e-06, "max_row_relative_l2": 9.427946423556932e-08, "max_row_relative_linf": 1.6478196585012483e-07, "min_topk_overlap": 1.0, "shape": [16, 81]}
{"kind": "numeric", "label": "edge L=64 clean=True", "max_abs": 7.62939453125e-06, "max_row_relative_l2": 9.427946423556932e-08, "max_row_relative_linf": 1.6478196585012483e-07, "min_topk_overlap": 1.0, "shape": [16, 81]}
{"kind": "numeric", "label": "edge L=65 clean=False", "max_abs": 3.814697265625e-06, "max_row_relative_l2": 1.015855772834584e-07, "max_row_relative_linf": 1.2848710184698575e-07, "min_topk_overlap": 1.0, "shape": [16, 82]}
{"kind": "numeric", "label": "edge L=65 clean=True", "max_abs": 3.814697265625e-06, "max_row_relative_l2": 1.015855772834584e-07, "max_row_relative_linf": 1.2848710184698575e-07, "min_topk_overlap": 1.0, "shape": [16, 82]}
{"kind": "numeric", "label": "edge L=1025 clean=False", "max_abs": 1.1444091796875e-05, "max_row_relative_l2": 1.0143923390160126e-07, "max_row_relative_linf": 1.7850308609013155e-07, "min_topk_overlap": 1.0, "shape": [16, 1042]}
{"kind": "numeric", "label": "edge L=1025 clean=True", "max_abs": 1.1444091796875e-05, "max_row_relative_l2": 1.0143923390160126e-07, "max_row_relative_linf": 1.7850308609013155e-07, "min_topk_overlap": 1.0, "shape": [16, 1042]}
{"kind": "numeric", "label": "prefill nq=37 nk=1 clean=False", "max_abs": 2.86102294921875e-06, "max_row_relative_l2": 1.0914684480667347e-06, "max_row_relative_linf": 1.0914684480667347e-06, "min_topk_overlap": 1.0, "shape": [37, 1]}
{"kind": "numeric", "label": "prefill nq=37 nk=1 clean=True", "max_abs": 2.86102294921875e-06, "max_row_relative_l2": 4.6012371512915706e-07, "max_row_relative_linf": 4.6012371512915706e-07, "min_topk_overlap": 1.0, "shape": [37, 1]}
{"kind": "numeric", "label": "prefill nq=37 nk=65 clean=False", "max_abs": 1.1444091796875e-05, "max_row_relative_l2": 1.4410574067369453e-07, "max_row_relative_linf": 3.566383384168148e-07, "min_topk_overlap": 1.0, "shape": [37, 65]}
{"kind": "numeric", "label": "prefill nq=37 nk=65 clean=True", "max_abs": 8.52346420288086e-06, "max_row_relative_l2": 4.4204332994013384e-07, "max_row_relative_linf": 4.4204332994013384e-07, "min_topk_overlap": 1.0, "shape": [37, 65]}
{"kind": "numeric", "label": "prefill nq=37 nk=1024 clean=False", "max_abs": 1.1444091796875e-05, "max_row_relative_l2": 1.2923737813252956e-07, "max_row_relative_linf": 3.332897904329002e-07, "min_topk_overlap": 1.0, "shape": [37, 1024]}
{"kind": "numeric", "label": "prefill nq=37 nk=1024 clean=True", "max_abs": 1.1444091796875e-05, "max_row_relative_l2": 3.0697228226017614e-07, "max_row_relative_linf": 3.0697228226017614e-07, "min_topk_overlap": 1.0, "shape": [37, 1024]}
{"kind": "numeric", "label": "prefill nq=37 nk=32000 clean=False", "max_abs": 2.288818359375e-05, "max_row_relative_l2": 1.1482283923669456e-07, "max_row_relative_linf": 3.4491100109335093e-07, "min_topk_overlap": 1.0, "shape": [37, 32000]}
{"kind": "numeric", "label": "prefill nq=37 nk=32000 clean=True", "max_abs": 1.52587890625e-05, "max_row_relative_l2": 4.5906503487458394e-07, "max_row_relative_linf": 4.5906503487458394e-07, "min_topk_overlap": 1.0, "shape": [37, 32000]}
{"kind": "numeric", "label": "prefill nq=37 nk=190000 clean=False", "max_abs": 1.9073486328125e-05, "max_row_relative_l2": 1.1710424985267309e-07, "max_row_relative_linf": 2.6170368983002845e-07, "min_topk_overlap": 1.0, "shape": [37, 190000]}
{"kind": "numeric", "label": "prefill nq=37 nk=190000 clean=True", "max_abs": 2.288818359375e-05, "max_row_relative_l2": 9.131063620770874e-07, "max_row_relative_linf": 9.131063620770874e-07, "min_topk_overlap": 1.0, "shape": [37, 190000]}
{"kind": "numeric", "label": "decode scale=0.001", "max_abs": 5.820766091346741e-11, "max_row_relative_l2": 9.295685288179811e-08, "max_row_relative_linf": 2.1279261375184433e-07, "min_topk_overlap": 1.0, "shape": [12, 32017]}
{"kind": "numeric", "label": "prefill scale=0.001", "max_abs": 8.731149137020111e-11, "max_row_relative_l2": 1.1526527998739766e-07, "max_row_relative_linf": 2.81056657058798e-07, "min_topk_overlap": 1.0, "shape": [37, 32000]}
{"kind": "numeric", "label": "decode scale=30.0", "max_abs": 2.44140625, "max_row_relative_l2": 3.6640236089624523e-07, "max_row_relative_linf": 1.044974214892136e-05, "min_topk_overlap": 1.0, "shape": [12, 32017]}
{"kind": "numeric", "label": "prefill scale=30.0", "max_abs": 0.0625, "max_row_relative_l2": 1.1776896968740402e-07, "max_row_relative_linf": 2.5159653205264476e-07, "min_topk_overlap": 1.0, "shape": [37, 32000]}
{"kind": "numeric", "label": "decode scale=100.0", "max_abs": 0.5, "max_row_relative_l2": 9.142299717268543e-08, "max_row_relative_linf": 1.849613084914381e-07, "min_topk_overlap": 1.0, "shape": [12, 32017]}
{"kind": "numeric", "label": "prefill scale=100.0", "max_abs": 0.625, "max_row_relative_l2": 2.6926520035885915e-07, "max_row_relative_linf": 2.6926520035885915e-07, "min_topk_overlap": 1.0, "shape": [37, 32000]}
{"kind": "numeric", "label": "heads decode h=8", "max_abs": 3.814697265625e-06, "max_row_relative_l2": 5.376210054919284e-08, "max_row_relative_linf": 1.1414763179118381e-07, "min_topk_overlap": 1.0, "shape": [2, 1042]}
{"kind": "numeric", "label": "heads prefill h=8", "max_abs": 1.9073486328125e-06, "max_row_relative_l2": 1.0614433421096692e-07, "max_row_relative_linf": 1.0614433421096692e-07, "min_topk_overlap": 1.0, "shape": [9, 1025]}
{"kind": "numeric", "label": "heads decode h=16", "max_abs": 5.7220458984375e-06, "max_row_relative_l2": 8.264302664429124e-08, "max_row_relative_linf": 1.3912327290199755e-07, "min_topk_overlap": 1.0, "shape": [2, 1042]}
{"kind": "numeric", "label": "heads prefill h=16", "max_abs": 5.7220458984375e-06, "max_row_relative_l2": 9.308000414876005e-08, "max_row_relative_linf": 1.5375429995856393e-07, "min_topk_overlap": 1.0, "shape": [9, 1025]}
{"kind": "numeric", "label": "heads decode h=64", "max_abs": 1.52587890625e-05, "max_row_relative_l2": 8.5383412340434e-08, "max_row_relative_linf": 2.2688683998239867e-07, "min_topk_overlap": 1.0, "shape": [2, 1042]}
{"kind": "numeric", "label": "heads prefill h=64", "max_abs": 1.52587890625e-05, "max_row_relative_l2": 1.0045810086012352e-06, "max_row_relative_linf": 1.0045810086012352e-06, "min_topk_overlap": 1.0, "shape": [9, 1025]}
{"kind": "numeric", "label": "output shorter than context", "max_abs": 7.62939453125e-06, "max_row_relative_l2": 1.1226975260569816e-07, "max_row_relative_linf": 2.1079505074794724e-07, "min_topk_overlap": 1.0, "shape": [12, 31]}
{"kind": "numeric", "label": "3D query", "max_abs": 3.814697265625e-06, "max_row_relative_l2": 1.2729736909022904e-07, "max_row_relative_linf": 1.7461742629620858e-07, "min_topk_overlap": 1.0, "shape": [2, 82]}
{"kind": "numeric", "label": "graph decode step=0", "max_abs": 1.52587890625e-05, "max_row_relative_l2": 8.859721845055901e-08, "max_row_relative_linf": 1.8353520658820344e-07, "min_topk_overlap": 1.0, "shape": [12, 32017]}
{"kind": "numeric", "label": "graph decode step=1", "max_abs": 7.62939453125e-06, "max_row_relative_l2": 1.0015323681500377e-07, "max_row_relative_linf": 1.6539119940262026e-07, "min_topk_overlap": 1.0, "shape": [12, 32017]}
{"kind": "numeric", "label": "graph decode step=2", "max_abs": 0.0, "max_row_relative_l2": 0.0, "max_row_relative_linf": 0.0, "min_topk_overlap": 1.0, "shape": [12, 32017]}
{"eager_bit_exact": true, "kind": "graph", "name": "decode", "replays": 3}
{"kind": "numeric", "label": "graph decode_b step=0", "max_abs": 7.62939453125e-06, "max_row_relative_l2": 9.240121556786107e-08, "max_row_relative_linf": 2.18479257796389e-07, "min_topk_overlap": 1.0, "shape": [12, 32017]}
{"kind": "numeric", "label": "graph decode_b step=1", "max_abs": 3.814697265625e-06, "max_row_relative_l2": 9.702829828484028e-08, "max_row_relative_linf": 1.528452600041419e-07, "min_topk_overlap": 1.0, "shape": [12, 32017]}
{"kind": "numeric", "label": "graph decode_b step=2", "max_abs": 0.0, "max_row_relative_l2": 0.0, "max_row_relative_linf": 0.0, "min_topk_overlap": 1.0, "shape": [12, 32017]}
{"eager_bit_exact": true, "kind": "graph", "name": "decode_b", "replays": 3}
{"kind": "numeric", "label": "graph prefill step=0", "max_abs": 2.288818359375e-05, "max_row_relative_l2": 1.2652161274218088e-07, "max_row_relative_linf": 2.6062434699269943e-07, "min_topk_overlap": 1.0, "shape": [37, 32000]}
{"kind": "numeric", "label": "graph prefill step=1", "max_abs": 6.67572021484375e-06, "max_row_relative_l2": 1.7137119812105084e-07, "max_row_relative_linf": 3.3082366712733347e-07, "min_topk_overlap": 1.0, "shape": [37, 32000]}
{"kind": "numeric", "label": "graph prefill step=2", "max_abs": 0.0, "max_row_relative_l2": 0.0, "max_row_relative_linf": 0.0, "min_topk_overlap": 1.0, "shape": [37, 32000]}
{"eager_bit_exact": true, "kind": "graph", "name": "prefill", "replays": 3}
{"kind": "numeric", "label": "graph prefill_dirty step=0", "max_abs": 2.288818359375e-05, "max_row_relative_l2": 1.1751746598065438e-07, "max_row_relative_linf": 3.0282851071206096e-07, "min_topk_overlap": 1.0, "shape": [37, 32000]}
{"kind": "numeric", "label": "graph prefill_dirty step=1", "max_abs": 2.288818359375e-05, "max_row_relative_l2": 1.1475732719645748e-07, "max_row_relative_linf": 3.0184136790012417e-07, "min_topk_overlap": 1.0, "shape": [37, 32000]}
{"kind": "numeric", "label": "graph prefill_dirty step=2", "max_abs": 1.9073486328125e-05, "max_row_relative_l2": 1.1157231938341283e-07, "max_row_relative_linf": 2.589455903034832e-07, "min_topk_overlap": 1.0, "shape": [37, 32000]}
{"eager_bit_exact": true, "kind": "graph", "name": "prefill_dirty", "replays": 3}
{"kind": "reference", "name": "112"}
{"finite_bits_exact": 254, "kind": "fp8_bits", "nan_class_exact": 2, "tested": 256}
{"kind": "numeric", "label": "decode B=1 L=1024 N=1 ctx=B", "max_abs": 0.0, "max_row_relative_l2": 0.0, "max_row_relative_linf": 0.0, "min_topk_overlap": 1.0, "shape": [1, 1041]}
{"kind": "numeric", "label": "decode B=1 L=1024 N=1 ctx=BN", "max_abs": 0.0, "max_row_relative_l2": 0.0, "max_row_relative_linf": 0.0, "min_topk_overlap": 1.0, "shape": [1, 1041]}
{"kind": "numeric", "label": "decode B=1 L=1024 N=2 ctx=B", "max_abs": 0.0, "max_row_relative_l2": 0.0, "max_row_relative_linf": 0.0, "min_topk_overlap": 1.0, "shape": [2, 1041]}
{"kind": "numeric", "label": "decode B=1 L=1024 N=2 ctx=BN", "max_abs": 0.0, "max_row_relative_l2": 0.0, "max_row_relative_linf": 0.0, "min_topk_overlap": 1.0, "shape": [2, 1041]}
{"kind": "numeric", "label": "decode B=1 L=32000 N=1 ctx=B", "max_abs": 0.0, "max_row_relative_l2": 0.0, "max_row_relative_linf": 0.0, "min_topk_overlap": 1.0, "shape": [1, 32017]}
{"kind": "numeric", "label": "decode B=1 L=32000 N=1 ctx=BN", "max_abs": 0.0, "max_row_relative_l2": 0.0, "max_row_relative_linf": 0.0, "min_topk_overlap": 1.0, "shape": [1, 32017]}
{"kind": "numeric", "label": "decode B=1 L=32000 N=2 ctx=B", "max_abs": 0.0, "max_row_relative_l2": 0.0, "max_row_relative_linf": 0.0, "min_topk_overlap": 1.0, "shape": [2, 32017]}
{"kind": "numeric", "label": "decode B=1 L=32000 N=2 ctx=BN", "max_abs": 0.0, "max_row_relative_l2": 0.0, "max_row_relative_linf": 0.0, "min_topk_overlap": 1.0, "shape": [2, 32017]}
{"kind": "numeric", "label": "decode B=1 L=190000 N=1 ctx=B", "max_abs": 0.0, "max_row_relative_l2": 0.0, "max_row_relative_linf": 0.0, "min_topk_overlap": 1.0, "shape": [1, 190017]}
{"kind": "numeric", "label": "decode B=1 L=190000 N=1 ctx=BN", "max_abs": 0.0, "max_row_relative_l2": 0.0, "max_row_relative_linf": 0.0, "min_topk_overlap": 1.0, "shape": [1, 190017]}
{"kind": "numeric", "label": "decode B=1 L=190000 N=2 ctx=B", "max_abs": 0.0, "max_row_relative_l2": 0.0, "max_row_relative_linf": 0.0, "min_topk_overlap": 1.0, "shape": [2, 190017]}
{"kind": "numeric", "label": "decode B=1 L=190000 N=2 ctx=BN", "max_abs": 0.0, "max_row_relative_l2": 0.0, "max_row_relative_linf": 0.0, "min_topk_overlap": 1.0, "shape": [2, 190017]}
{"kind": "numeric", "label": "decode B=6 L=1024 N=1 ctx=B", "max_abs": 0.0, "max_row_relative_l2": 0.0, "max_row_relative_linf": 0.0, "min_topk_overlap": 1.0, "shape": [6, 1041]}
{"kind": "numeric", "label": "decode B=6 L=1024 N=1 ctx=BN", "max_abs": 0.0, "max_row_relative_l2": 0.0, "max_row_relative_linf": 0.0, "min_topk_overlap": 1.0, "shape": [6, 1041]}
{"kind": "numeric", "label": "decode B=6 L=1024 N=2 ctx=B", "max_abs": 0.0, "max_row_relative_l2": 0.0, "max_row_relative_linf": 0.0, "min_topk_overlap": 1.0, "shape": [12, 1041]}
{"kind": "numeric", "label": "decode B=6 L=1024 N=2 ctx=BN", "max_abs": 0.0, "max_row_relative_l2": 0.0, "max_row_relative_linf": 0.0, "min_topk_overlap": 1.0, "shape": [12, 1041]}
{"kind": "numeric", "label": "decode B=6 L=32000 N=1 ctx=B", "max_abs": 0.0, "max_row_relative_l2": 0.0, "max_row_relative_linf": 0.0, "min_topk_overlap": 1.0, "shape": [6, 32017]}
{"kind": "numeric", "label": "decode B=6 L=32000 N=1 ctx=BN", "max_abs": 0.0, "max_row_relative_l2": 0.0, "max_row_relative_linf": 0.0, "min_topk_overlap": 1.0, "shape": [6, 32017]}
{"kind": "numeric", "label": "decode B=6 L=32000 N=2 ctx=B", "max_abs": 0.0, "max_row_relative_l2": 0.0, "max_row_relative_linf": 0.0, "min_topk_overlap": 1.0, "shape": [12, 32017]}
{"kind": "numeric", "label": "decode B=6 L=32000 N=2 ctx=BN", "max_abs": 0.0, "max_row_relative_l2": 0.0, "max_row_relative_linf": 0.0, "min_topk_overlap": 1.0, "shape": [12, 32017]}
{"kind": "numeric", "label": "decode B=6 L=190000 N=1 ctx=B", "max_abs": 0.0, "max_row_relative_l2": 0.0, "max_row_relative_linf": 0.0, "min_topk_overlap": 1.0, "shape": [6, 190017]}
{"kind": "numeric", "label": "decode B=6 L=190000 N=1 ctx=BN", "max_abs": 0.0, "max_row_relative_l2": 0.0, "max_row_relative_linf": 0.0, "min_topk_overlap": 1.0, "shape": [6, 190017]}
{"kind": "numeric", "label": "decode B=6 L=190000 N=2 ctx=B", "max_abs": 0.0, "max_row_relative_l2": 0.0, "max_row_relative_linf": 0.0, "min_topk_overlap": 1.0, "shape": [12, 190017]}
{"kind": "numeric", "label": "decode B=6 L=190000 N=2 ctx=BN", "max_abs": 0.0, "max_row_relative_l2": 0.0, "max_row_relative_linf": 0.0, "min_topk_overlap": 1.0, "shape": [12, 190017]}
{"kind": "numeric", "label": "decode B=32 L=1024 N=1 ctx=B", "max_abs": 0.0, "max_row_relative_l2": 0.0, "max_row_relative_linf": 0.0, "min_topk_overlap": 1.0, "shape": [32, 1041]}
{"kind": "numeric", "label": "decode B=32 L=1024 N=1 ctx=BN", "max_abs": 0.0, "max_row_relative_l2": 0.0, "max_row_relative_linf": 0.0, "min_topk_overlap": 1.0, "shape": [32, 1041]}
{"kind": "numeric", "label": "decode B=32 L=1024 N=2 ctx=B", "max_abs": 0.0, "max_row_relative_l2": 0.0, "max_row_relative_linf": 0.0, "min_topk_overlap": 1.0, "shape": [64, 1041]}
{"kind": "numeric", "label": "decode B=32 L=1024 N=2 ctx=BN", "max_abs": 0.0, "max_row_relative_l2": 0.0, "max_row_relative_linf": 0.0, "min_topk_overlap": 1.0, "shape": [64, 1041]}
{"kind": "numeric", "label": "decode B=32 L=32000 N=1 ctx=B", "max_abs": 0.0, "max_row_relative_l2": 0.0, "max_row_relative_linf": 0.0, "min_topk_overlap": 1.0, "shape": [32, 32017]}
{"kind": "numeric", "label": "decode B=32 L=32000 N=1 ctx=BN", "max_abs": 0.0, "max_row_relative_l2": 0.0, "max_row_relative_linf": 0.0, "min_topk_overlap": 1.0, "shape": [32, 32017]}
{"kind": "numeric", "label": "decode B=32 L=32000 N=2 ctx=B", "max_abs": 0.0, "max_row_relative_l2": 0.0, "max_row_relative_linf": 0.0, "min_topk_overlap": 1.0, "shape": [64, 32017]}
{"kind": "numeric", "label": "decode B=32 L=32000 N=2 ctx=BN", "max_abs": 0.0, "max_row_relative_l2": 0.0, "max_row_relative_linf": 0.0, "min_topk_overlap": 1.0, "shape": [64, 32017]}
{"kind": "numeric", "label": "decode B=32 L=190000 N=1 ctx=B", "max_abs": 0.0, "max_row_relative_l2": 0.0, "max_row_relative_linf": 0.0, "min_topk_overlap": 1.0, "shape": [32, 190017]}
{"kind": "numeric", "label": "decode B=32 L=190000 N=1 ctx=BN", "max_abs": 0.0, "max_row_relative_l2": 0.0, "max_row_relative_linf": 0.0, "min_topk_overlap": 1.0, "shape": [32, 190017]}
{"kind": "numeric", "label": "decode B=32 L=190000 N=2 ctx=B", "max_abs": 0.0, "max_row_relative_l2": 0.0, "max_row_relative_linf": 0.0, "min_topk_overlap": 1.0, "shape": [64, 190017]}
{"kind": "numeric", "label": "decode B=32 L=190000 N=2 ctx=BN", "max_abs": 0.0, "max_row_relative_l2": 0.0, "max_row_relative_linf": 0.0, "min_topk_overlap": 1.0, "shape": [64, 190017]}
{"kind": "numeric", "label": "edge L=0 clean=False", "max_abs": 0.0, "max_row_relative_l2": 0.0, "max_row_relative_linf": 0.0, "min_topk_overlap": 1.0, "shape": [16, 17]}
{"kind": "numeric", "label": "edge L=0 clean=True", "max_abs": 0.0, "max_row_relative_l2": 0.0, "max_row_relative_linf": 0.0, "min_topk_overlap": 1.0, "shape": [16, 17]}
{"kind": "numeric", "label": "edge L=1 clean=False", "max_abs": 0.0, "max_row_relative_l2": 0.0, "max_row_relative_linf": 0.0, "min_topk_overlap": 1.0, "shape": [16, 18]}
{"kind": "numeric", "label": "edge L=1 clean=True", "max_abs": 0.0, "max_row_relative_l2": 0.0, "max_row_relative_linf": 0.0, "min_topk_overlap": 1.0, "shape": [16, 18]}
{"kind": "numeric", "label": "edge L=63 clean=False", "max_abs": 0.0, "max_row_relative_l2": 0.0, "max_row_relative_linf": 0.0, "min_topk_overlap": 1.0, "shape": [16, 80]}
{"kind": "numeric", "label": "edge L=63 clean=True", "max_abs": 0.0, "max_row_relative_l2": 0.0, "max_row_relative_linf": 0.0, "min_topk_overlap": 1.0, "shape": [16, 80]}
{"kind": "numeric", "label": "edge L=64 clean=False", "max_abs": 0.0, "max_row_relative_l2": 0.0, "max_row_relative_linf": 0.0, "min_topk_overlap": 1.0, "shape": [16, 81]}
{"kind": "numeric", "label": "edge L=64 clean=True", "max_abs": 0.0, "max_row_relative_l2": 0.0, "max_row_relative_linf": 0.0, "min_topk_overlap": 1.0, "shape": [16, 81]}
{"kind": "numeric", "label": "edge L=65 clean=False", "max_abs": 0.0, "max_row_relative_l2": 0.0, "max_row_relative_linf": 0.0, "min_topk_overlap": 1.0, "shape": [16, 82]}
{"kind": "numeric", "label": "edge L=65 clean=True", "max_abs": 0.0, "max_row_relative_l2": 0.0, "max_row_relative_linf": 0.0, "min_topk_overlap": 1.0, "shape": [16, 82]}
{"kind": "numeric", "label": "edge L=1025 clean=False", "max_abs": 0.0, "max_row_relative_l2": 0.0, "max_row_relative_linf": 0.0, "min_topk_overlap": 1.0, "shape": [16, 1042]}
{"kind": "numeric", "label": "edge L=1025 clean=True", "max_abs": 0.0, "max_row_relative_l2": 0.0, "max_row_relative_linf": 0.0, "min_topk_overlap": 1.0, "shape": [16, 1042]}
{"kind": "numeric", "label": "prefill nq=37 nk=1 clean=False", "max_abs": 0.0, "max_row_relative_l2": 0.0, "max_row_relative_linf": 0.0, "min_topk_overlap": 1.0, "shape": [37, 1]}
{"kind": "numeric", "label": "prefill nq=37 nk=1 clean=True", "max_abs": 0.0, "max_row_relative_l2": 0.0, "max_row_relative_linf": 0.0, "min_topk_overlap": 1.0, "shape": [37, 1]}
{"kind": "numeric", "label": "prefill nq=37 nk=65 clean=False", "max_abs": 0.0, "max_row_relative_l2": 0.0, "max_row_relative_linf": 0.0, "min_topk_overlap": 1.0, "shape": [37, 65]}
{"kind": "numeric", "label": "prefill nq=37 nk=65 clean=True", "max_abs": 0.0, "max_row_relative_l2": 0.0, "max_row_relative_linf": 0.0, "min_topk_overlap": 1.0, "shape": [37, 65]}
{"kind": "numeric", "label": "prefill nq=37 nk=1024 clean=False", "max_abs": 7.62939453125e-06, "max_row_relative_l2": 9.612295315264419e-08, "max_row_relative_linf": 1.8316281114039157e-07, "min_topk_overlap": 1.0, "shape": [37, 1024]}
{"kind": "numeric", "label": "prefill nq=37 nk=1024 clean=True", "max_abs": 1.1444091796875e-05, "max_row_relative_l2": 1.5893013483037066e-07, "max_row_relative_linf": 2.2264973154051404e-07, "min_topk_overlap": 1.0, "shape": [37, 1024]}
{"kind": "numeric", "label": "prefill nq=37 nk=32000 clean=False", "max_abs": 1.52587890625e-05, "max_row_relative_l2": 9.501236064579643e-08, "max_row_relative_linf": 2.3265994286703062e-07, "min_topk_overlap": 1.0, "shape": [37, 32000]}
{"kind": "numeric", "label": "prefill nq=37 nk=32000 clean=True", "max_abs": 1.52587890625e-05, "max_row_relative_l2": 9.9628522320927e-08, "max_row_relative_linf": 2.1011899775658094e-07, "min_topk_overlap": 1.0, "shape": [37, 32000]}
{"kind": "numeric", "label": "prefill nq=37 nk=190000 clean=False", "max_abs": 1.52587890625e-05, "max_row_relative_l2": 9.950068147190905e-08, "max_row_relative_linf": 1.9234946080359805e-07, "min_topk_overlap": 1.0, "shape": [37, 190000]}
{"kind": "numeric", "label": "prefill nq=37 nk=190000 clean=True", "max_abs": 1.52587890625e-05, "max_row_relative_l2": 1.1786245579514798e-07, "max_row_relative_linf": 1.8719011052326096e-07, "min_topk_overlap": 1.0, "shape": [37, 190000]}
{"kind": "numeric", "label": "decode scale=0.001", "max_abs": 0.0, "max_row_relative_l2": 0.0, "max_row_relative_linf": 0.0, "min_topk_overlap": 1.0, "shape": [12, 32017]}
{"kind": "numeric", "label": "prefill scale=0.001", "max_abs": 8.731149137020111e-11, "max_row_relative_l2": 9.372495668458214e-08, "max_row_relative_linf": 2.282211113424637e-07, "min_topk_overlap": 1.0, "shape": [37, 32000]}
{"kind": "numeric", "label": "decode scale=30.0", "max_abs": 0.0, "max_row_relative_l2": 0.0, "max_row_relative_linf": 0.0, "min_topk_overlap": 1.0, "shape": [12, 32017]}
{"kind": "numeric", "label": "prefill scale=30.0", "max_abs": 0.17578125, "max_row_relative_l2": 3.955808551836526e-07, "max_row_relative_linf": 6.396607545866573e-07, "min_topk_overlap": 1.0, "shape": [37, 32000]}
{"kind": "numeric", "label": "decode scale=100.0", "max_abs": 0.0, "max_row_relative_l2": 0.0, "max_row_relative_linf": 0.0, "min_topk_overlap": 1.0, "shape": [12, 32017]}
{"kind": "numeric", "label": "prefill scale=100.0", "max_abs": 28.25, "max_row_relative_l2": 4.224062877256074e-07, "max_row_relative_linf": 9.129024874710012e-06, "min_topk_overlap": 1.0, "shape": [37, 32000]}
{"kind": "numeric", "label": "heads decode h=8", "max_abs": 0.0, "max_row_relative_l2": 0.0, "max_row_relative_linf": 0.0, "min_topk_overlap": 1.0, "shape": [2, 1042]}
{"kind": "numeric", "label": "heads prefill h=8", "max_abs": 0.0, "max_row_relative_l2": 0.0, "max_row_relative_linf": 0.0, "min_topk_overlap": 1.0, "shape": [9, 1025]}
{"kind": "numeric", "label": "heads decode h=16", "max_abs": 0.0, "max_row_relative_l2": 0.0, "max_row_relative_linf": 0.0, "min_topk_overlap": 1.0, "shape": [2, 1042]}
{"kind": "numeric", "label": "heads prefill h=16", "max_abs": 0.0, "max_row_relative_l2": 0.0, "max_row_relative_linf": 0.0, "min_topk_overlap": 1.0, "shape": [9, 1025]}
{"kind": "numeric", "label": "heads decode h=64", "max_abs": 0.0, "max_row_relative_l2": 0.0, "max_row_relative_linf": 0.0, "min_topk_overlap": 1.0, "shape": [2, 1042]}
{"kind": "numeric", "label": "heads prefill h=64", "max_abs": 0.0, "max_row_relative_l2": 0.0, "max_row_relative_linf": 0.0, "min_topk_overlap": 1.0, "shape": [9, 1025]}
{"kind": "numeric", "label": "output shorter than context", "max_abs": 0.0, "max_row_relative_l2": 0.0, "max_row_relative_linf": 0.0, "min_topk_overlap": 1.0, "shape": [12, 31]}
{"kind": "numeric", "label": "3D query", "max_abs": 0.0, "max_row_relative_l2": 0.0, "max_row_relative_linf": 0.0, "min_topk_overlap": 1.0, "shape": [2, 82]}
{"kind": "numeric", "label": "graph decode step=0", "max_abs": 0.0, "max_row_relative_l2": 0.0, "max_row_relative_linf": 0.0, "min_topk_overlap": 1.0, "shape": [12, 32017]}
{"kind": "numeric", "label": "graph decode step=1", "max_abs": 0.0, "max_row_relative_l2": 0.0, "max_row_relative_linf": 0.0, "min_topk_overlap": 1.0, "shape": [12, 32017]}
{"kind": "numeric", "label": "graph decode step=2", "max_abs": 0.0, "max_row_relative_l2": 0.0, "max_row_relative_linf": 0.0, "min_topk_overlap": 1.0, "shape": [12, 32017]}
{"eager_bit_exact": true, "kind": "graph", "name": "decode", "replays": 3}
{"kind": "numeric", "label": "graph decode_b step=0", "max_abs": 0.0, "max_row_relative_l2": 0.0, "max_row_relative_linf": 0.0, "min_topk_overlap": 1.0, "shape": [12, 32017]}
{"kind": "numeric", "label": "graph decode_b step=1", "max_abs": 0.0, "max_row_relative_l2": 0.0, "max_row_relative_linf": 0.0, "min_topk_overlap": 1.0, "shape": [12, 32017]}
{"kind": "numeric", "label": "graph decode_b step=2", "max_abs": 0.0, "max_row_relative_l2": 0.0, "max_row_relative_linf": 0.0, "min_topk_overlap": 1.0, "shape": [12, 32017]}
{"eager_bit_exact": true, "kind": "graph", "name": "decode_b", "replays": 3}
{"kind": "numeric", "label": "graph prefill step=0", "max_abs": 1.52587890625e-05, "max_row_relative_l2": 9.667765965559738e-08, "max_row_relative_linf": 2.1385167769949476e-07, "min_topk_overlap": 1.0, "shape": [37, 32000]}
{"kind": "numeric", "label": "graph prefill step=1", "max_abs": 5.7220458984375e-06, "max_row_relative_l2": 1.345265303598353e-07, "max_row_relative_linf": 1.8962299463964882e-07, "min_topk_overlap": 1.0, "shape": [37, 32000]}
{"kind": "numeric", "label": "graph prefill step=2", "max_abs": 0.0, "max_row_relative_l2": 0.0, "max_row_relative_linf": 0.0, "min_topk_overlap": 1.0, "shape": [37, 32000]}
{"eager_bit_exact": true, "kind": "graph", "name": "prefill", "replays": 3}
{"kind": "numeric", "label": "graph prefill_dirty step=0", "max_abs": 1.52587890625e-05, "max_row_relative_l2": 1.0655809745685474e-07, "max_row_relative_linf": 2.3103871171770152e-07, "min_topk_overlap": 1.0, "shape": [37, 32000]}
{"kind": "numeric", "label": "graph prefill_dirty step=1", "max_abs": 1.52587890625e-05, "max_row_relative_l2": 1.0040395181931672e-07, "max_row_relative_linf": 2.4068316406555823e-07, "min_topk_overlap": 1.0, "shape": [37, 32000]}
{"kind": "numeric", "label": "graph prefill_dirty step=2", "max_abs": 1.52587890625e-05, "max_row_relative_l2": 1.0261264549171756e-07, "max_row_relative_linf": 1.984312376634989e-07, "min_topk_overlap": 1.0, "shape": [37, 32000]}
{"eager_bit_exact": true, "kind": "graph", "name": "prefill_dirty", "replays": 3}
{"kind": "numeric", "label": "extra nq=1 nk=17 h=32 clean=False vs 110", "max_abs": 3.814697265625e-06, "max_row_relative_l2": 9.953323143463422e-08, "max_row_relative_linf": 1.416279218346972e-07, "min_topk_overlap": 1.0, "shape": [1, 17]}
{"kind": "numeric", "label": "extra nq=1 nk=17 h=32 clean=False vs 112", "max_abs": 0.0, "max_row_relative_l2": 0.0, "max_row_relative_linf": 0.0, "min_topk_overlap": 1.0, "shape": [1, 17]}
{"kind": "numeric", "label": "extra nq=1 nk=17 h=32 clean=True vs 110", "max_abs": 4.76837158203125e-07, "max_row_relative_l2": 5.6987627061744206e-08, "max_row_relative_linf": 6.257666029796383e-08, "min_topk_overlap": 1.0, "shape": [1, 17]}
{"kind": "numeric", "label": "extra nq=1 nk=17 h=32 clean=True vs 112", "max_abs": 0.0, "max_row_relative_l2": 0.0, "max_row_relative_linf": 0.0, "min_topk_overlap": 1.0, "shape": [1, 17]}
{"kind": "numeric", "label": "extra nq=3 nk=129 h=32 clean=False vs 110", "max_abs": 5.7220458984375e-06, "max_row_relative_l2": 1.1440069869195213e-07, "max_row_relative_linf": 2.221901382881697e-07, "min_topk_overlap": 1.0, "shape": [3, 129]}
{"kind": "numeric", "label": "extra nq=3 nk=129 h=32 clean=False vs 112", "max_abs": 0.0, "max_row_relative_l2": 0.0, "max_row_relative_linf": 0.0, "min_topk_overlap": 1.0, "shape": [3, 129]}
{"kind": "numeric", "label": "extra nq=3 nk=129 h=32 clean=True vs 110", "max_abs": 3.814697265625e-06, "max_row_relative_l2": 1.2944025229444378e-07, "max_row_relative_linf": 1.564078928595336e-07, "min_topk_overlap": 1.0, "shape": [3, 129]}
{"kind": "numeric", "label": "extra nq=3 nk=129 h=32 clean=True vs 112", "max_abs": 0.0, "max_row_relative_l2": 0.0, "max_row_relative_linf": 0.0, "min_topk_overlap": 1.0, "shape": [3, 129]}
{"kind": "numeric", "label": "extra nq=7 nk=513 h=32 clean=False vs 110", "max_abs": 7.62939453125e-06, "max_row_relative_l2": 1.1656164389250989e-07, "max_row_relative_linf": 1.9522151717410452e-07, "min_topk_overlap": 1.0, "shape": [7, 513]}
{"kind": "numeric", "label": "extra nq=7 nk=513 h=32 clean=False vs 112", "max_abs": 0.0, "max_row_relative_l2": 0.0, "max_row_relative_linf": 0.0, "min_topk_overlap": 1.0, "shape": [7, 513]}
{"kind": "numeric", "label": "extra nq=7 nk=513 h=32 clean=True vs 110", "max_abs": 5.7220458984375e-06, "max_row_relative_l2": 1.0942204653474619e-07, "max_row_relative_linf": 1.591177891668849e-07, "min_topk_overlap": 1.0, "shape": [7, 513]}
{"kind": "numeric", "label": "extra nq=7 nk=513 h=32 clean=True vs 112", "max_abs": 0.0, "max_row_relative_l2": 0.0, "max_row_relative_linf": 0.0, "min_topk_overlap": 1.0, "shape": [7, 513]}
{"kind": "numeric", "label": "extra nq=31 nk=1023 h=32 clean=False vs 110", "max_abs": 1.52587890625e-05, "max_row_relative_l2": 1.1070762440112958e-07, "max_row_relative_linf": 2.473780966738559e-07, "min_topk_overlap": 1.0, "shape": [31, 1023]}
{"kind": "numeric", "label": "extra nq=31 nk=1023 h=32 clean=False vs 112", "max_abs": 0.0, "max_row_relative_l2": 0.0, "max_row_relative_linf": 0.0, "min_topk_overlap": 1.0, "shape": [31, 1023]}
{"kind": "numeric", "label": "extra nq=31 nk=1023 h=32 clean=True vs 110", "max_abs": 1.1444091796875e-05, "max_row_relative_l2": 5.129620035404514e-07, "max_row_relative_linf": 5.129620035404514e-07, "min_topk_overlap": 1.0, "shape": [31, 1023]}
{"kind": "numeric", "label": "extra nq=31 nk=1023 h=32 clean=True vs 112", "max_abs": 0.0, "max_row_relative_l2": 0.0, "max_row_relative_linf": 0.0, "min_topk_overlap": 1.0, "shape": [31, 1023]}
{"kind": "numeric", "label": "extra nq=127 nk=4097 h=32 clean=False vs 110", "max_abs": 1.9073486328125e-05, "max_row_relative_l2": 1.2219258849199832e-07, "max_row_relative_linf": 3.5767911299444677e-07, "min_topk_overlap": 1.0, "shape": [127, 4097]}
{"kind": "numeric", "label": "extra nq=127 nk=4097 h=32 clean=False vs 112", "max_abs": 1.52587890625e-05, "max_row_relative_l2": 1.0309187103985096e-07, "max_row_relative_linf": 2.0455571814181894e-07, "min_topk_overlap": 1.0, "shape": [127, 4097]}
{"kind": "numeric", "label": "extra nq=127 nk=4097 h=32 clean=True vs 110", "max_abs": 1.52587890625e-05, "max_row_relative_l2": 1.6974448158180167e-07, "max_row_relative_linf": 3.31341482251446e-07, "min_topk_overlap": 1.0, "shape": [127, 4097]}
{"kind": "numeric", "label": "extra nq=127 nk=4097 h=32 clean=True vs 112", "max_abs": 1.1444091796875e-05, "max_row_relative_l2": 1.1030127922140309e-07, "max_row_relative_linf": 2.0219027874190942e-07, "min_topk_overlap": 1.0, "shape": [127, 4097]}
{"kind": "numeric", "label": "extra nq=129 nk=95000 h=32 clean=False vs 110", "max_abs": 2.288818359375e-05, "max_row_relative_l2": 1.3035793244853267e-07, "max_row_relative_linf": 2.7709228334060754e-07, "min_topk_overlap": 1.0, "shape": [129, 95000]}
{"kind": "numeric", "label": "extra nq=129 nk=95000 h=32 clean=False vs 112", "max_abs": 1.52587890625e-05, "max_row_relative_l2": 1.0186838750314564e-07, "max_row_relative_linf": 2.1996444843352947e-07, "min_topk_overlap": 1.0, "shape": [129, 95000]}
{"kind": "numeric", "label": "extra nq=129 nk=95000 h=32 clean=True vs 110", "max_abs": 2.288818359375e-05, "max_row_relative_l2": 3.3138397270704445e-07, "max_row_relative_linf": 3.3138397270704445e-07, "min_topk_overlap": 1.0, "shape": [129, 95000]}
{"kind": "numeric", "label": "extra nq=129 nk=95000 h=32 clean=True vs 112", "max_abs": 1.52587890625e-05, "max_row_relative_l2": 2.0829932623200875e-07, "max_row_relative_linf": 2.0829932623200875e-07, "min_topk_overlap": 1.0, "shape": [129, 95000]}
{"kind": "numeric", "label": "extra nq=65 nk=1025 h=7 clean=False vs 110", "max_abs": 3.814697265625e-06, "max_row_relative_l2": 5.8764342725226015e-08, "max_row_relative_linf": 1.5563581712285668e-07, "min_topk_overlap": 1.0, "shape": [65, 1025]}
{"kind": "numeric", "label": "extra nq=65 nk=1025 h=7 clean=False vs 112", "max_abs": 0.0, "max_row_relative_l2": 0.0, "max_row_relative_linf": 0.0, "min_topk_overlap": 1.0, "shape": [65, 1025]}
{"kind": "numeric", "label": "extra nq=65 nk=1025 h=7 clean=True vs 110", "max_abs": 3.814697265625e-06, "max_row_relative_l2": 6.066883884159324e-08, "max_row_relative_linf": 1.574995565079007e-07, "min_topk_overlap": 1.0, "shape": [65, 1025]}
{"kind": "numeric", "label": "extra nq=65 nk=1025 h=7 clean=True vs 112", "max_abs": 0.0, "max_row_relative_l2": 0.0, "max_row_relative_linf": 0.0, "min_topk_overlap": 1.0, "shape": [65, 1025]}
{"kind": "numeric", "label": "extra nq=19 nk=1025 h=33 clean=False vs 110", "max_abs": 1.1444091796875e-05, "max_row_relative_l2": 1.295706795190199e-07, "max_row_relative_linf": 2.1806096128784702e-07, "min_topk_overlap": 1.0, "shape": [19, 1025]}
{"kind": "numeric", "label": "extra nq=19 nk=1025 h=33 clean=False vs 112", "max_abs": 0.0, "max_row_relative_l2": 0.0, "max_row_relative_linf": 0.0, "min_topk_overlap": 1.0, "shape": [19, 1025]}
{"kind": "numeric", "label": "extra nq=19 nk=1025 h=33 clean=True vs 110", "max_abs": 7.62939453125e-06, "max_row_relative_l2": 3.568621025351604e-07, "max_row_relative_linf": 3.568621025351604e-07, "min_topk_overlap": 1.0, "shape": [19, 1025]}
{"kind": "numeric", "label": "extra nq=19 nk=1025 h=33 clean=True vs 112", "max_abs": 0.0, "max_row_relative_l2": 0.0, "max_row_relative_linf": 0.0, "min_topk_overlap": 1.0, "shape": [19, 1025]}
{"kind": "numeric", "label": "extra nq=4097 nk=65 h=32 clean=False vs 110", "max_abs": 2.288818359375e-05, "max_row_relative_l2": 1.957624675696934e-07, "max_row_relative_linf": 4.4153190970064315e-07, "min_topk_overlap": 1.0, "shape": [4097, 65]}
{"kind": "numeric", "label": "extra nq=4097 nk=65 h=32 clean=False vs 112", "max_abs": 0.0, "max_row_relative_l2": 0.0, "max_row_relative_linf": 0.0, "min_topk_overlap": 1.0, "shape": [4097, 65]}
{"kind": "numeric", "label": "extra nq=4097 nk=65 h=32 clean=True vs 110", "max_abs": 1.52587890625e-05, "max_row_relative_l2": 2.9596341732940346e-07, "max_row_relative_linf": 4.617001820861333e-07, "min_topk_overlap": 1.0, "shape": [4097, 65]}
{"kind": "numeric", "label": "extra nq=4097 nk=65 h=32 clean=True vs 112", "max_abs": 0.0, "max_row_relative_l2": 0.0, "max_row_relative_linf": 0.0, "min_topk_overlap": 1.0, "shape": [4097, 65]}
{"kind": "numeric", "label": "extra graph clean=False step=0", "max_abs": 1.52587890625e-05, "max_row_relative_l2": 1.1613168027224674e-07, "max_row_relative_linf": 2.673647259143763e-07, "min_topk_overlap": 1.0, "shape": [129, 4097]}
{"kind": "numeric", "label": "extra graph clean=False step=1", "max_abs": 1.52587890625e-05, "max_row_relative_l2": 1.2591790721216967e-07, "max_row_relative_linf": 3.5154457123098837e-07, "min_topk_overlap": 1.0, "shape": [129, 4097]}
{"kind": "numeric", "label": "extra graph clean=False step=2", "max_abs": 1.1444091796875e-05, "max_row_relative_l2": 1.1833465407562471e-07, "max_row_relative_linf": 3.3954003697544977e-07, "min_topk_overlap": 1.0, "shape": [129, 4097]}
{"eager_bit_exact": true, "kind": "graph", "name": "extra clean=False", "replays": 3}
{"kind": "numeric", "label": "extra graph clean=True step=0", "max_abs": 1.52587890625e-05, "max_row_relative_l2": 1.2604907340119098e-07, "max_row_relative_linf": 3.0879030532560137e-07, "min_topk_overlap": 1.0, "shape": [129, 4097]}
{"kind": "numeric", "label": "extra graph clean=True step=1", "max_abs": 3.814697265625e-06, "max_row_relative_l2": 3.9568240026710555e-05, "max_row_relative_linf": 3.9568240026710555e-05, "min_topk_overlap": 1.0, "shape": [129, 4097]}
{"kind": "numeric", "label": "extra graph clean=True step=2", "max_abs": 0.0, "max_row_relative_l2": 0.0, "max_row_relative_linf": 0.0, "min_topk_overlap": 1.0, "shape": [129, 4097]}
{"eager_bit_exact": true, "kind": "graph", "name": "extra clean=True", "replays": 3}
{"kind": "numeric", "label": "large causal nq=8192 nk=32000 versus 110", "max_abs": 2.288818359375e-05, "max_row_relative_l2": 1.3517586694433703e-07, "max_row_relative_linf": 4.272865226084832e-07, "min_topk_overlap": 1.0, "shape": [8192, 32000]}
{"kind": "numeric", "label": "large causal nq=8192 nk=32000 versus 112", "max_abs": 2.288818359375e-05, "max_row_relative_l2": 1.110679619387156e-07, "max_row_relative_linf": 2.6400655883662694e-07, "min_topk_overlap": 0.99951171875, "shape": [8192, 32000]}
{"clean": true, "kind": "bench", "layout": "causal", "name": "prefill", "new_effective_tflops": 142.47138289407172, "new_ms": 15.073087692260742, "nk": 32000, "nq": 8192, "old_effective_tflops": 22.829763209624165, "old_ms": 94.0650863647461, "samples": {"112": [94.05785369873047, 93.9964828491211, 94.38963317871094, 94.12614440917969, 93.98467254638672, 94.0650863647461, 94.40595245361328], "113": [15.64185619354248, 15.774880409240723, 15.100576400756836, 14.896191596984863, 15.073087692260742, 14.979488372802734, 14.877663612365723]}, "speedup": 6.240598362142064, "valid_pair_fraction": 0.872015625, "valid_pair_tflops": 124.23727199898825}
{"kind": "numeric", "label": "large ragged nq=8192 nk=32000 versus 110", "max_abs": 3.0517578125e-05, "max_row_relative_l2": 1.3827650491293753e-07, "max_row_relative_linf": 3.87579888183609e-07, "min_topk_overlap": 0.99951171875, "shape": [8192, 32000]}
{"kind": "numeric", "label": "large ragged nq=8192 nk=32000 versus 112", "max_abs": 2.288818359375e-05, "max_row_relative_l2": 2.3140164273627306e-07, "max_row_relative_linf": 2.548332247442886e-07, "min_topk_overlap": 0.99951171875, "shape": [8192, 32000]}
{"clean": true, "kind": "bench", "layout": "ragged", "name": "prefill", "new_effective_tflops": 184.30476091085814, "new_ms": 11.65180778503418, "nk": 32000, "nq": 8192, "old_effective_tflops": 29.895626492859673, "old_ms": 71.83270263671875, "samples": {"112": [71.83270263671875, 71.79203033447266, 71.7709732055664, 71.97036743164062, 71.88444519042969, 71.77244567871094, 71.84899139404297], "113": [11.65180778503418, 11.65231990814209, 11.6845121383667, 11.718751907348633, 11.640128135681152, 11.645695686340332, 11.648863792419434]}, "speedup": 6.1649405793478795, "valid_pair_fraction": 0.4999528465270996, "valid_pair_tflops": 92.14368984588005}
{"kind": "numeric", "label": "large causal nq=8192 nk=95000 versus 110", "max_abs": 3.814697265625e-05, "max_row_relative_l2": 1.349332450217844e-07, "max_row_relative_linf": 3.937740586934524e-07, "min_topk_overlap": 0.99951171875, "shape": [8192, 95000]}
{"kind": "numeric", "label": "large causal nq=8192 nk=95000 versus 112", "max_abs": 2.288818359375e-05, "max_row_relative_l2": 1.0994612154036076e-07, "max_row_relative_linf": 2.6739081704363343e-07, "min_topk_overlap": 1.0, "shape": [8192, 95000]}
{"clean": true, "kind": "bench", "layout": "causal", "name": "prefill", "new_effective_tflops": 132.79749535495128, "new_ms": 48.007999420166016, "nk": 95000, "nq": 8192, "old_effective_tflops": 20.857099283698677, "old_ms": 305.667724609375, "samples": {"112": [305.477783203125, 305.8570251464844, 305.57464599609375, 305.8707275390625, 306.0042419433594, 305.66290283203125, 305.667724609375], "113": [47.932926177978516, 47.83433532714844, 48.052608489990234, 47.920127868652344, 48.032833099365234, 48.007999420166016, 48.32838439941406]}, "speedup": 6.3670165035241535, "valid_pair_fraction": 0.9568894736842105, "valid_pair_tflops": 127.07252543678072}
{"kind": "numeric", "label": "large ragged nq=8192 nk=95000 versus 110", "max_abs": 3.0517578125e-05, "max_row_relative_l2": 1.7322082612736267e-07, "max_row_relative_linf": 4.158346484928188e-07, "min_topk_overlap": 0.99951171875, "shape": [8192, 95000]}
{"kind": "numeric", "label": "large ragged nq=8192 nk=95000 versus 112", "max_abs": 2.288818359375e-05, "max_row_relative_l2": 1.2542560057227092e-07, "max_row_relative_linf": 2.615423682073015e-07, "min_topk_overlap": 0.99951171875, "shape": [8192, 95000]}
{"clean": true, "kind": "bench", "layout": "ragged", "name": "prefill", "new_effective_tflops": 182.272443425404, "new_ms": 34.976993560791016, "nk": 95000, "nq": 8192, "old_effective_tflops": 29.896849308183732, "old_ms": 213.24461364746094, "samples": {"112": [213.07289123535156, 213.19354248046875, 213.24461364746094, 213.20509338378906, 214.04092407226562, 213.54885864257812, 213.3317108154297], "113": [34.92287826538086, 34.91708755493164, 34.97590255737305, 34.976993560791016, 36.24675369262695, 36.08467102050781, 35.34422302246094]}, "speedup": 6.096710778667575, "valid_pair_fraction": 0.5008160734477796, "valid_pair_tflops": 91.28496941404337}
{"kind": "numeric", "label": "large causal nq=8192 nk=190000 versus 110", "max_abs": 3.814697265625e-05, "max_row_relative_l2": 1.4057658859201183e-07, "max_row_relative_linf": 4.376093443170248e-07, "min_topk_overlap": 0.99951171875, "shape": [8192, 190000]}
{"kind": "numeric", "label": "large causal nq=8192 nk=190000 versus 112", "max_abs": 2.288818359375e-05, "max_row_relative_l2": 1.0940889438870727e-07, "max_row_relative_linf": 2.6467859015610884e-07, "min_topk_overlap": 0.99951171875, "shape": [8192, 190000]}
{"clean": true, "kind": "bench", "layout": "causal", "name": "prefill", "new_effective_tflops": 130.10061542033924, "new_ms": 98.00633239746094, "nk": 190000, "nq": 8192, "old_effective_tflops": 20.43914859818989, "old_ms": 623.8363647460938, "samples": {"112": [623.7957153320312, 624.3934936523438, 624.0099487304688, 623.72119140625, 623.8363647460938, 623.8406372070312, 623.7149658203125], "113": [98.00633239746094, 98.15856170654297, 98.07929229736328, 98.59040069580078, 97.93484497070312, 97.90115356445312, 97.77545928955078]}, "speedup": 6.365265891352298, "valid_pair_fraction": 0.9784447368421053, "valid_pair_tflops": 127.29626241794978}
{"kind": "numeric", "label": "large ragged nq=8192 nk=190000 versus 110", "max_abs": 3.0517578125e-05, "max_row_relative_l2": 2.1300925823197758e-07, "max_row_relative_linf": 4.853086466027889e-07, "min_topk_overlap": 0.99951171875, "shape": [8192, 190000]}
{"kind": "numeric", "label": "large ragged nq=8192 nk=190000 versus 112", "max_abs": 2.288818359375e-05, "max_row_relative_l2": 1.1628782203843002e-07, "max_row_relative_linf": 2.618002952203824e-07, "min_topk_overlap": 0.99951171875, "shape": [8192, 190000]}
{"clean": true, "kind": "bench", "layout": "ragged", "name": "prefill", "new_effective_tflops": 181.29203588090766, "new_ms": 70.33229064941406, "nk": 190000, "nq": 8192, "old_effective_tflops": 29.915461919094426, "old_ms": 426.223876953125, "samples": {"112": [426.27532958984375, 426.1772155761719, 426.2191467285156, 426.223876953125, 426.24224853515625, 426.1922302246094, 426.5190124511719], "113": [70.3611831665039, 70.53507232666016, 70.33229064941406, 70.32463836669922, 70.28486633300781, 70.28294372558594, 70.52745819091797]}, "speedup": 6.060144963537824, "valid_pair_fraction": 0.5022507240696957, "valid_pair_tflops": 91.05405628925513}
{"bit_exact": true, "kind": "bench", "name": "decode_eager", "new_ms": 0.1676959991455078, "nk": 32000, "old_ms": 0.17076800018548965, "samples": {"112": [0.20319999754428864, 0.17209599912166595, 0.16729600727558136, 0.20588800311088562, 0.18438400328159332, 0.16944000124931335, 0.1671999990940094, 0.16575999557971954, 0.18384000658988953, 0.17734399437904358, 0.16761599481105804, 0.1653120070695877, 0.16486400365829468, 0.17632000148296356, 0.17635199427604675, 0.1658560037612915, 0.1653120070695877, 0.16707199811935425, 0.1751679927110672, 0.17718400061130524], "113": [0.1682559996843338, 0.20720000565052032, 0.16867199540138245, 0.16713599860668182, 0.16617600619792938, 0.16441600024700165, 0.18000000715255737, 0.177279993891716, 0.16617600619792938, 0.1658879965543747, 0.2054399996995926, 0.1810240000486374, 0.1777919977903366, 0.16707199811935425, 0.16499200463294983, 0.16499200463294983, 0.1767680048942566, 0.16889600455760956, 0.16604800522327423, 0.16499200463294983]}}
{"bit_exact": true, "kind": "bench", "name": "decode_graph", "new_ms": 0.09621599912643433, "nk": 32000, "old_ms": 0.09616479873657227, "samples": {"112": [0.09627360105514526, 0.09613599777221679, 0.09616479873657227, 0.09604960083961486, 0.09608960151672363, 0.09655200242996216, 0.09629759788513184], "113": [0.09654880166053773, 0.09653279781341553, 0.09621599912643433, 0.09604960083961486, 0.0962448000907898, 0.09619359970092774, 0.09610880017280579]}}
{"bit_exact": true, "kind": "bench", "name": "decode_eager", "new_ms": 0.6554079949855804, "nk": 190000, "old_ms": 0.6191039979457855, "samples": {"112": [0.6564480066299438, 0.6169919967651367, 0.6142399907112122, 0.6191999912261963, 0.6139839887619019, 0.6161919832229614, 0.6156799793243408, 0.6166399717330933, 0.62745600938797, 0.6247040033340454, 0.6190080046653748, 0.6158400177955627, 0.6210880279541016, 0.623583972454071, 0.6132799983024597, 0.6198400259017944, 0.6214079856872559, 0.6146559715270996, 0.6481279730796814, 60.2391357421875], "113": [0.7041919827461243, 0.6583359837532043, 0.6522240042686462, 0.6555839776992798, 0.6481279730796814, 0.65801602602005, 0.6527040004730225, 0.6451519727706909, 0.658847987651825, 0.6568959951400757, 0.651423990726471, 0.652351975440979, 0.654304027557373, 0.6743680238723755, 0.6544319987297058, 0.6552320122718811, 0.65801602602005, 0.6568319797515869, 0.6569920182228088, 0.6503679752349854]}}
{"bit_exact": true, "kind": "bench", "name": "decode_graph", "new_ms": 0.540172815322876, "nk": 190000, "old_ms": 0.5410304069519043, "samples": {"112": [0.5400015830993652, 0.540342378616333, 0.5439104080200196, 0.5405200004577637, 0.5410304069519043, 0.5441967964172363, 0.5417312145233154], "113": [0.5393727779388428, 0.5402863979339599, 0.540172815322876, 0.5401360034942627, 0.5444240093231201, 0.5438271999359131, 0.5387856006622315]}}
{"kind": "complete", "mode": "all", "status": "PASS"}
