Generated patches/113-sm80-prefill-indexer.patch
{
  "status": "PASS",
  "patches": [
    "000-interface-compliance",
    "101-d1v12-on-base",
    "105-role-split-single-partial",
    "110-sm80-dsa-indexer",
    "111-sm80-fp8-moe-marlin",
    "112-sm80-indexer-kernels",
    "113-sm80-prefill-indexer",
    "140-kda-dual-snapshot",
    "120-sched-protect-chain",
    "130-async-tokenize",
    "150-startup-warmup"
  ],
  "py_compile": 3629,
  "deterministic": true,
  "base_unchanged": true,
  "full_reverse_exact": true,
  "decode_source_byte_exact": true,
  "fallback_source_byte_exact": true,
  "runtime_shapes_and_strides": true,
  "applied_equals_candidate": true,
  "base_files": 4680,
  "patch_sha256": "1f4d3a7b458bb77192e626013826d30c1e4f4b51279a78fbd66a1e446990ec17"
}
