Generated patches/112-sm80-indexer-kernels.patch
{
  "status": "PASS",
  "patches": [
    "000-interface-compliance",
    "101-d1v12-on-base",
    "105-role-split-single-partial",
    "110-sm80-dsa-indexer",
    "111-sm80-fp8-moe-marlin",
    "112-sm80-indexer-kernels",
    "120-sched-protect-chain",
    "130-async-tokenize"
  ],
  "py_compile": 3623,
  "deterministic": true,
  "base_unchanged": true,
  "full_reverse_exact": true,
  "applied_equals_candidate": true,
  "base_files": 4680,
  "patch_sha256": "342a4cc9ad8cf8a9eda2c0f0df83aa2a2e8e5bc18495961c43d18f5f6cf63735"
}
