Generated patches/160-nextn-sm80.patch
{
  "status": "PASS",
  "patches": [
    "000-interface-compliance",
    "101-d1v12-on-base",
    "105-role-split-single-partial",
    "110-sm80-dsa-indexer",
    "111-sm80-fp8-moe-marlin",
    "112-sm80-indexer-kernels",
    "113-sm80-prefill-indexer",
    "140-kda-dual-snapshot",
    "120-sched-protect-chain",
    "130-async-tokenize",
    "150-startup-warmup",
    "160-nextn-sm80"
  ],
  "python_source_files": 3624,
  "python_tools": 8,
  "deterministic": true,
  "applied_equals_candidate": true,
  "full_reverse_exact": true,
  "base_unchanged": true,
  "patch_sha256": "3547ff7d6d583b5ca19e0474a9ed0bd3fff3a355d5298868ee9f83ee96000a40"
}
