{"device": "NVIDIA A100-SXM4-80GB", "torch": "2.13.0+cu130", "triton": "3.7.1", "persistent": false, "cache": "/sjtu/linhang/arena/cache/T46/cold1", "initial_cache_files": 1}
{"case": "112-fallback-first", "seconds": 7.542345307767391, "jit_misses": 1, "bench_calls": 0, "compiled": 1, "disk_hits": 0, "cache_files_added": 8, "cache_files_changed": 0}
{"case": "113-prefill-first", "seconds": 3.5776559319347143, "jit_misses": 3, "bench_calls": 0, "compiled": 3, "disk_hits": 0, "cache_files_added": 24, "cache_files_changed": 0}
{"case": "113-clean-false-first", "seconds": 0.5923591963946819, "jit_misses": 3, "bench_calls": 0, "compiled": 3, "disk_hits": 0, "cache_files_added": 24, "cache_files_changed": 0}
{"case": "112-decode-6-first", "seconds": 0.8790394756942987, "jit_misses": 1, "bench_calls": 0, "compiled": 1, "disk_hits": 0, "cache_files_added": 8, "cache_files_changed": 0}
{"case": "112-decode-7-first", "seconds": 0.010118534788489342, "jit_misses": 0, "bench_calls": 0, "compiled": 0, "disk_hits": 0, "cache_files_added": 0, "cache_files_changed": 0}
{"case": "112-decode-17-first", "seconds": 0.009985113516449928, "jit_misses": 0, "bench_calls": 0, "compiled": 0, "disk_hits": 0, "cache_files_added": 0, "cache_files_changed": 0}
{"case": "112-decode-32-first", "seconds": 0.009884636849164963, "jit_misses": 0, "bench_calls": 0, "compiled": 0, "disk_hits": 0, "cache_files_added": 0, "cache_files_changed": 0}
/sjtu/linhang/arena/env/sgl/lib/python3.12/site-packages/triton/language/core.py:2284: UserWarning: tl.make_block_ptr is deprecated. Use TensorDescriptor or tl.make_tensor_descriptor instead.
  warn("tl.make_block_ptr is deprecated. Use TensorDescriptor or tl.make_tensor_descriptor instead.")
{"case": "kda-65-first", "seconds": 149.855652121827, "jit_misses": 49, "bench_calls": 48, "compiled": 49, "disk_hits": 0, "cache_files_added": 393, "cache_files_changed": 0}
{"case": "kda-600-first", "seconds": 0.39922504127025604, "jit_misses": 0, "bench_calls": 0, "compiled": 0, "disk_hits": 0, "cache_files_added": 0, "cache_files_changed": 0}
{"case": "kda-2049-first", "seconds": 146.50158957578242, "jit_misses": 55, "bench_calls": 54, "compiled": 55, "disk_hits": 0, "cache_files_added": 443, "cache_files_changed": 0}
{"case": "kda-8192-first", "seconds": 0.5639564637094736, "jit_misses": 0, "bench_calls": 0, "compiled": 0, "disk_hits": 0, "cache_files_added": 0, "cache_files_changed": 0}
{"case": "kda-8257-first", "seconds": 3.404118824750185, "jit_misses": 1, "bench_calls": 0, "compiled": 1, "disk_hits": 0, "cache_files_added": 8, "cache_files_changed": 0}
{"case": "112-fallback-repeat", "seconds": 0.7088401801884174, "jit_misses": 0, "bench_calls": 0, "compiled": 0, "disk_hits": 0, "cache_files_added": 0, "cache_files_changed": 0}
{"case": "113-prefill-repeat", "seconds": 0.7824852373450994, "jit_misses": 0, "bench_calls": 0, "compiled": 0, "disk_hits": 0, "cache_files_added": 0, "cache_files_changed": 0}
{"case": "113-clean-false-repeat", "seconds": 0.7942863013595343, "jit_misses": 0, "bench_calls": 0, "compiled": 0, "disk_hits": 0, "cache_files_added": 0, "cache_files_changed": 0}
{"case": "112-decode-6-repeat", "seconds": 0.7932407464832067, "jit_misses": 0, "bench_calls": 0, "compiled": 0, "disk_hits": 0, "cache_files_added": 0, "cache_files_changed": 0}
{"case": "112-decode-7-repeat", "seconds": 0.7919893246144056, "jit_misses": 0, "bench_calls": 0, "compiled": 0, "disk_hits": 0, "cache_files_added": 0, "cache_files_changed": 0}
{"case": "112-decode-17-repeat", "seconds": 0.7984720356762409, "jit_misses": 0, "bench_calls": 0, "compiled": 0, "disk_hits": 0, "cache_files_added": 0, "cache_files_changed": 0}
{"case": "112-decode-32-repeat", "seconds": 0.17631862312555313, "jit_misses": 0, "bench_calls": 0, "compiled": 0, "disk_hits": 0, "cache_files_added": 0, "cache_files_changed": 0}
{"case": "kda-65-repeat", "seconds": 0.17702102661132812, "jit_misses": 0, "bench_calls": 0, "compiled": 0, "disk_hits": 0, "cache_files_added": 0, "cache_files_changed": 0}
{"case": "kda-600-repeat", "seconds": 0.178358543664217, "jit_misses": 0, "bench_calls": 0, "compiled": 0, "disk_hits": 0, "cache_files_added": 0, "cache_files_changed": 0}
{"case": "kda-2049-repeat", "seconds": 0.17745557613670826, "jit_misses": 0, "bench_calls": 0, "compiled": 0, "disk_hits": 0, "cache_files_added": 0, "cache_files_changed": 0}
{"case": "kda-8192-repeat", "seconds": 0.17887850478291512, "jit_misses": 0, "bench_calls": 0, "compiled": 0, "disk_hits": 0, "cache_files_added": 0, "cache_files_changed": 0}
{"case": "kda-8257-repeat", "seconds": 0.17838432267308235, "jit_misses": 0, "bench_calls": 0, "compiled": 0, "disk_hits": 0, "cache_files_added": 0, "cache_files_changed": 0}
{"case": "113-novel-nq-601", "seconds": 0.8194459099322557, "jit_misses": 2, "bench_calls": 0, "compiled": 2, "disk_hits": 0, "cache_files_added": 16, "cache_files_changed": 0}
Traceback (most recent call last):
  File "/sjtu/linhang/arena/code/T46/test_warmup_cache_150.py", line 142, in <module>
    main()
  File "/sjtu/linhang/arena/code/T46/test_warmup_cache_150.py", line 133, in main
    Path('observed_keys_persistent.json' if args.persistent else 'observed_keys_cold.json').write_text(json.dumps(observed,indent=2,default=str)+'\n')
                                                                                                       ^^^^^^^^^^^^^^^^^^^^^^^^^^^^^^^^^^^^^^^^^
  File "/sjtu/linhang/arena/env/sgl/lib/python3.12/json/__init__.py", line 238, in dumps
    **kw).encode(obj)
          ^^^^^^^^^^^
  File "/sjtu/linhang/arena/env/sgl/lib/python3.12/json/encoder.py", line 202, in encode
    chunks = list(chunks)
             ^^^^^^^^^^^^
  File "/sjtu/linhang/arena/env/sgl/lib/python3.12/json/encoder.py", line 430, in _iterencode
    yield from _iterencode_list(o, _current_indent_level)
  File "/sjtu/linhang/arena/env/sgl/lib/python3.12/json/encoder.py", line 326, in _iterencode_list
    yield from chunks
  File "/sjtu/linhang/arena/env/sgl/lib/python3.12/json/encoder.py", line 406, in _iterencode_dict
    yield from chunks
  File "/sjtu/linhang/arena/env/sgl/lib/python3.12/json/encoder.py", line 406, in _iterencode_dict
    yield from chunks
  File "/sjtu/linhang/arena/env/sgl/lib/python3.12/json/encoder.py", line 377, in _iterencode_dict
    raise TypeError(f'keys must be str, int, float, bool or None, '
TypeError: keys must be str, int, float, bool or None, not tuple
