LEVEL N=14 status=VALID formal_est=FAIL tpot_mean=0.0159 tpot_p95=0.0442 | fast_intra:0.9439(8/59) overall_intra:1.2348(13/62) turn_start:9.3101(0/4) chain_start:54.5926(12/8) | failed=['chain_start(<=30s)']
CI_DIAGNOSTIC primary=clopper_pearson organizer_method=unknown {"diagnostic_only": true, "primary_method": "clopper_pearson", "organizer_method_unknown": true, "sensitive_ttft_gates": [], "all_gates_pass_by_method": {"clopper_pearson": false, "wilson": false, "wald": false}}
== raw_s1-dev-longchain-lite_N14_1790242656.jsonl: 1123 requests, wall 2825 s, 1793 prefill batches logged in the window
prefill batches >=8192 new tokens: 9; of these with requests decoding and an EMPTY queue: 3 (33%)
prefill new tokens in window: 5.27M

== TPOT: 0/1123 requests > 0.10 s/token (0.0%); mean 0.0159, p95 0.0442
  output tokens [0,100): 0/21 over (0%)
  output tokens [100,300): 0/269 over (0%)
  output tokens [300,1000): 0/605 over (0%)
  output tokens [1000,inf): 0/228 over (0%)
  prompt tokens [0,16384): 0/17 over (0%)
  prompt tokens [16384,65536): 0/620 over (0%)
  prompt tokens [65536,131072): 0/360 over (0%)
  prompt tokens [131072,inf): 0/126 over (0%)
  worst minutes (first token, UTC): 09:37 0/4, 09:38 0/28, 09:39 0/37, 09:40 0/41, 09:41 0/29

== TTFT gate overs (harness buckets)
  fast_intra: 8/958 over | recv-to-exec p50 9.4s exec-to-first p50 0.7s | frozen excess >4096 (not verified cache loss) 3
  overall_intra: 13/1008 over | recv-to-exec p50 7.4s exec-to-first p50 0.7s | frozen excess >4096 (not verified cache loss) 4
  turn_start: 0/29 over
  chain_start: 12/86 over | recv-to-exec p50 40.6s exec-to-first p50 4.4s | frozen excess >4096 (not verified cache loss) 6

wrote 33 rows to /workspace/Agentic_science_challenge/evidence/L058-official_a_longchain_lite_n14/N14/badcases.csv
EVIDENCE /workspace/Agentic_science_challenge/evidence/L058-official_a_longchain_lite_n14/N14 exit_code=1
