000-interface-compliance
patching file srt/entrypoints/http_server.py
Hunk #2 succeeded at 928 (offset -10 lines).
Hunk #3 succeeded at 1005 (offset -10 lines).
patching file srt/managers/tokenizer_control_mixin.py
Hunk #1 succeeded at 305 (offset 3 lines).

101-d1v12-on-base
patching file srt/managers/schedule_policy.py

110-sm80-dsa-indexer
patching file srt/layers/attention/dsa_backend.py
patching file srt/layers/attention/dsa/dsa_indexer.py
patching file srt/layers/attention/dsa/dsa_indexer_kpool.py
patching file srt/layers/attention/dsa/kpool_fp8_index.py
patching file kernels/ops/attention/dsa/triton_kernel.py
patching file srt/layers/attention/dsa/sm80_deep_gemm.py
patching file kernels/ops/attention/dsa/ax_soft_fp8.py

111-sm80-fp8-moe-marlin
patching file srt/layers/moe/fused_moe_triton/fused_marlin_moe.py
patching file srt/layers/moe/moe_runner/marlin.py
patching file srt/layers/quantization/fp8.py
patching file srt/layers/quantization/marlin_utils_fp8.py
