trees built (fuzz=0)
=== bcg170sc 11:50:30 --cuda-graph-backend-prefill breakable --enable-attn-tp-input-scattered
ready=1 after ~90s
correctness rc=0
/sjtu/linhang/arena/runs/T52b/kit/devbox_bcg_check.sh: line 48: 1476525 Killed                  PYTHONPATH=$SRC:/sjtu/linhang/arena/cache/T48/deps setsid $PY -m sglang.launch_server $COMMON $EXTRA > $O/server.log 2>&1
graph=True prefill lines: 51  total prefill lines: 51
=== eager170sc 11:52:11 --cuda-graph-backend-prefill disabled --enable-attn-tp-input-scattered
ready=1 after ~75s
correctness rc=0
/sjtu/linhang/arena/runs/T52b/kit/devbox_bcg_check.sh: line 48: 1478056 Killed                  PYTHONPATH=$SRC:/sjtu/linhang/arena/cache/T48/deps setsid $PY -m sglang.launch_server $COMMON $EXTRA > $O/server.log 2>&1
graph=True prefill lines: 0  total prefill lines: 51
=== bcg170 11:53:42 --cuda-graph-backend-prefill breakable
ready=1 after ~85s
correctness rc=0
/sjtu/linhang/arena/runs/T52b/kit/devbox_bcg_check.sh: line 48: 1479422 Killed                  PYTHONPATH=$SRC:/sjtu/linhang/arena/cache/T48/deps setsid $PY -m sglang.launch_server $COMMON $EXTRA > $O/server.log 2>&1
graph=True prefill lines: 51  total prefill lines: 51
=== eager170 11:55:18 --cuda-graph-backend-prefill disabled
ready=1 after ~75s
correctness rc=0
/sjtu/linhang/arena/runs/T52b/kit/devbox_bcg_check.sh: line 48: 1480866 Killed                  PYTHONPATH=$SRC:/sjtu/linhang/arena/cache/T48/deps setsid $PY -m sglang.launch_server $COMMON $EXTRA > $O/server.log 2>&1
graph=True prefill lines: 0  total prefill lines: 51
SUMMARY {"n": 22, "first_token_same": 22, "all_tokens_identical": 22, "max_first_top5_lp_diff": 0.1058664321899414, "max_lp_diff_common_prefix": 0.06719636917114258}
SUMMARY {"n": 22, "first_token_same": 22, "all_tokens_identical": 22, "max_first_top5_lp_diff": 0.27726268768310547, "max_lp_diff_common_prefix": 0.14142298698425293}
SUMMARY {"n": 22, "first_token_same": 22, "all_tokens_identical": 22, "max_first_top5_lp_diff": 0.15042591094970703, "max_lp_diff_common_prefix": 0.14530861377716064}
ALLDONE
trees built (fuzz=0)
=== bcg170 11:56:54 --cuda-graph-backend-prefill breakable
ready=1 after ~80s
correctness rc=0
/sjtu/linhang/arena/runs/T52b/kit/devbox_bcg_check.sh: line 48: 1482269 Killed                  PYTHONPATH=$SRC:/sjtu/linhang/arena/cache/T48/deps setsid $PY -m sglang.launch_server $COMMON $EXTRA > $O/server.log 2>&1
graph=True prefill lines: 51  total prefill lines: 51
=== eager170 11:58:25 --cuda-graph-backend-prefill disabled
ready=1 after ~60s
correctness rc=0
/sjtu/linhang/arena/runs/T52b/kit/devbox_bcg_check.sh: line 48: 1483171 Killed                  PYTHONPATH=$SRC:/sjtu/linhang/arena/cache/T48/deps setsid $PY -m sglang.launch_server $COMMON $EXTRA > $O/server.log 2>&1
graph=True prefill lines: 0  total prefill lines: 51
SUMMARY {"n": 22, "first_token_same": 22, "all_tokens_identical": 22, "max_first_top5_lp_diff": 0.21874618530273438, "max_lp_diff_common_prefix": 0.00038160476833581924}
ALLDONE
DONE rc=0
