EXPERIMENT formal_A_longchain_lite_N14 chains=64 requests=1123 no_profiler
DATA_SHA a48f5490f984632149b49a2c2565cf8bea030985c6917938d2fc1cd86e1b4571 bodies/s1-dev-longchain-lite.jsonl.gz
DATA_SHA 8f54f08bdd6c2cc81cedc66f1461a87c941d70f130bb7c4f411aadbe919f9bdb chains.jsonl
DATA_SHA cfaaa05d8acda995059eb897e5455921bc4055f9179544c512fb5347486a5482 cohort.json
DATA_SHA 1b97ec81571ef40e6e25667cc826283d431824551483e1706eeb73dc26a62380 event-plans.jsonl
DATA_SHA 5009e7a4f362dda6eb70a4309e11a04db29efe70f0acc8348e5bec7435603165 provenance.jsonl
DATA_SHA f92caac90cc004e68eef0d8f8d7466104a50a5fea1e128162eef0cd9d6cacd35 requests.jsonl
DATA_SHA 37710ea9ef8436ee2f0317ce479cee4ca7ec3218e085b9c2da19955bb70a6ff7 samples/s1-dev-longchain-lite.jsonl
DATA_SHA de80367d4a15efe25f91c81fdbe9475552e31c01275e080913b510610ca432a7 subset-selection.json
DATA_READY s1-dev-longchain-lite 64 1123 f5ef90c6218b260f
1e61a387557c087417d24f9981627789c6988e0a7a516e75f8a98d2bd362c6e3  /tmp/ax/verify_kit/level_verdict.py
8ac02956bece026b4f463548df3ead42b6e9b57774764c72015cc6b3ca0c36d6  /tmp/ax/verify_kit/run_dev_checked.py
ecbcd6c81d6921939a74d5f7919ccfaee8fa837d6310afb5c3cfa5753c81384f  /tmp/ax/verify_kit/score_formal.py
cc81cfcb4f9a90505127f64f64a05c08f09f81ba8f283ba61e87352960c55057  /tmp/ax/verify_kit/metrics_sampler.py
4e5fdbd479b22ba05173ddeb71b30c108b4bca0fb57993eb0ab91746275b783f  /tmp/ax/s1/s1-dev/run_dev.py
f915d3851d9dc92d6501d6033c71d8e9adf85e7fc4ab62db675928727577f109  /tmp/ax/bin/scripts/pod/lib.sh
bb173d61a37e8cb8ad3338a37cacbefce4ceb82fba810bde9cabf465ac72652e  /tmp/ax/bin/scripts/pod/jobs/dev_ladder_template.sh
000-interface-compliance.patch: OK
101-role-boundary-split.patch: OK
106-defer-chunk-on-no-kv.patch: OK
110-sm80-dsa-indexer.patch: OK
111-sm80-fp8-moe-marlin.patch: OK
114-indexer-row-shard.patch: OK
120-sched-protect-chain.patch: OK
121-sched-cap-while-decoding.patch: OK
130-async-tokenize.patch: OK
140-kda-dual-snapshot.patch: OK
150-startup-warmup.patch: OK
160-nextn-sm80.patch: OK
170-glm-bcg-prefill.patch: OK
src off_a_longchain_lite_n14: 000-interface-compliance.patch 101-role-boundary-split.patch 106-defer-chunk-on-no-kv.patch 110-sm80-dsa-indexer.patch 111-sm80-fp8-moe-marlin.patch 114-indexer-row-shard.patch 120-sched-protect-chain.patch 121-sched-cap-while-decoding.patch 130-async-tokenize.patch 140-kda-dual-snapshot.patch 150-startup-warmup.patch 160-nextn-sm80.patch 170-glm-bcg-prefill.patch sig=5a359e41c183750a
ENGINE_READY after 155s
ENGINE_STARTED: off_a_longchain_lite_n14 5a359e41c183750a | --schedule-policy lpm --dsa-prefill-backend tilelang --dsa-decode-backend tilelang --kv-cache-dtype bfloat16 --linear-attn-backend triton --linear-attn-verify-backend triton --speculative-algorithm NEXTN --speculative-draft-model-path /mnt/models --speculative-num-steps 3 --speculative-eagle-topk 1 --speculative-num-draft-tokens 4 --max-running-requests 32 --cuda-graph-max-bs 32 --prefill-decode-interval 2 | NCCL_VERSION=2.28.3-1 SGLANG_ARENA_ROLE_BOUNDARY_TOKEN_IDS=154827,154829 SGLANG_AX_ASYNC_TOKENIZE=0 SGLANG_AX_INDEXER_ROW_SHARD=1 SGLANG_AX_KDA_DUAL_SNAPSHOT=0 SGLANG_AX_SCHED_COLD_CAP=4096 SGLANG_AX_SCHED_PROTECT=1 SGLANG_AX_SCHED_SHORT_TOKENS=8192 SGLANG_MAMBA_SSM_DTYPE=float32 SGLANG_OPT_DEEPGEMM_HC_PRENORM=0 SGLANG_OPT_FUSED_KDA_VERIFY=0 
[2026-09-24 09:06:42 TP5] KV Cache is allocated. dtype: torch.bfloat16, #tokens: 1036288, KV size: 1.12 GB
[2026-09-24 09:07:00 TP0] max_total_num_tokens=1036288, chunked_prefill_size=8192, max_prefill_tokens=16384, max_running_requests=32, context_len=1048576, available_gpu_mem=14.08 GB
PATCH_SHA e0d7924989ebb538e331110f4458ccd4e95a0bfa3cbd87dfb8324ac0328960f6  000-interface-compliance.patch
PATCH_SHA 0f6ee401c8bafd6d3c62f18a33545e1a777140eb9df53774029b60ae0a3694e0  101-role-boundary-split.patch
PATCH_SHA a2c9f92d8a0abc96eaec515e6afa216a8ffa98037431748c1e0f846b66a03174  106-defer-chunk-on-no-kv.patch
PATCH_SHA 6a592ffc62b655c91672d2c31d76d2ecf9bbc3526a6f86f95ff28907522c5360  110-sm80-dsa-indexer.patch
PATCH_SHA 67e358bb9e52da343f0848b6fe96c778e6473efcd32f9df450213c6dcfb7d26a  111-sm80-fp8-moe-marlin.patch
PATCH_SHA 70c078d01b17c3d1051e18f31253dd0beab0f58b642599978d4630fcd7352a9c  114-indexer-row-shard.patch
PATCH_SHA ef1744b3a51c2ee87fc0ceb858a04cca078c4720ad50b16ff7498a1b0ee7eb1a  120-sched-protect-chain.patch
PATCH_SHA dee943778854ba4d19c804fcee9070338e9f6eb51529b30d658b13e8c0f5faa0  121-sched-cap-while-decoding.patch
PATCH_SHA d48bf2a2d8a4c4daf68981aefdbc1646cf2d36b986ebf610f41e377a60ba2380  130-async-tokenize.patch
PATCH_SHA 1fcb1ca8c6502b7c8a58f32c16bf34dbf3431d159cd649fdbf1b658ce7c2ff35  140-kda-dual-snapshot.patch
PATCH_SHA 3d53476f8d94262e55241bb2295e3b9b96fb0ffc243469aaef9541d4169f20af  150-startup-warmup.patch
PATCH_SHA 3547ff7d6d583b5ca19e0474a9ed0bd3fff3a355d5298868ee9f83ee96000a40  160-nextn-sm80.patch
PATCH_SHA 48eeac6b956102d4394ace56e6fbbed343082b060b9aefd9548f73cc644320d5  170-glm-bcg-prefill.patch
PRECHECK (info only) kv_tokens=1036288 patches=000-interface-compliance.patch,101-role-boundary-split.patch,106-defer-chunk-on-no-kv.patch,110-sm80-dsa-indexer.patch,111-sm80-fp8-moe-marlin.patch,114-indexer-row-shard.patch,120-sched-protect-chain.patch,121-sched-cap-while-decoding.patch,130-async-tokenize.patch,140-kda-dual-snapshot.patch,150-startup-warmup.patch,160-nextn-sm80.patch,170-glm-bcg-prefill.patch args=[--kv-cache-dtype bfloat16 --linear-attn-backend triton --linear-attn-verify-backend triton --speculative-algorithm NEXTN --speculative-draft-model-path /mnt/models --speculative-num-steps 3 --speculative-eagle-topk 1 --speculative-num-draft-tokens 4 --max-running-requests 32 --cuda-graph-max-bs 32 --prefill-decode-interval 2] env=[SGLANG_AX_KDA_DUAL_SNAPSHOT=0 SGLANG_AX_SCHED_PROTECT=1 SGLANG_AX_SCHED_SHORT_TOKENS=8192 SGLANG_AX_ASYNC_TOKENIZE=0 SGLANG_MAMBA_SSM_DTYPE=float32 SGLANG_OPT_FUSED_KDA_VERIFY=0 SGLANG_AX_INDEXER_ROW_SHARD=1 SGLANG_AX_SCHED_COLD_CAP=4096]
LEVEL N=14 status=VALID formal_est=FAIL tpot_mean=0.0159 tpot_p95=0.0442 | fast_intra:0.9439(8/59) overall_intra:1.2348(13/62) turn_start:9.3101(0/4) chain_start:54.5926(12/8) | failed=['chain_start(<=30s)']
CI_DIAGNOSTIC primary=clopper_pearson organizer_method=unknown {"diagnostic_only": true, "primary_method": "clopper_pearson", "organizer_method_unknown": true, "sensitive_ttft_gates": [], "all_gates_pass_by_method": {"clopper_pearson": false, "wilson": false, "wald": false}}
INFO N=14   gpu3 util avg 83%
LADDER stop at N=14 (estimated FAIL); see individual levels for any earlier pass
