  物化 1/1 分片，已得 722/722
[transformers] PyTorch was not found. Models won't be available and only tokenizers, configuration and file/data utilities can be used.
[transformers] You are using a model of type `glm5_next` to instantiate a model of type ``. This may be expected if you are loading a checkpoint that shares a subset of the architecture (e.g., loading a `sam2_video` checkpoint into `Sam2Model`), but is otherwise not supported and can yield errors. Please verify that the checkpoint is compatible with the model you are instantiating.
rendered 100
rendered 200
rendered 300
rendered 400
rendered 500
rendered 600
rendered 700
{
  "n": 722,
  "followups": 411,
  "rendered_lengths_match": 722,
  "fast_n": 328,
  "fast_over3": 10,
  "short_slow_n": 22,
  "frozen_positive_loss": 913499,
  "true_positive_loss": 863336,
  "aligned_loss": 850432,
  "frozen_overestimate": 50163,
  "overestimated_pairs": 6,
  "loss_gt64": 168
}
batches 1733 offset 0 anchors 346
