37e9002368390fefc92621ea8b18f73e86429596
{"event": "start", "mode": "marlin", "ms": [128, 2048, 8192, 16384], "torch": "2.13.0+cu130", "gpu": "NVIDIA A100-SXM4-80GB", "commit": "37e9002368390fefc92621ea8b18f73e86429596", "fused_marlin_moe_sha256": "c33fc53e551572f2"}
{"event": "weights", "q13_sum": -2929102.5, "s13_sum": 23.2553321182495, "q2_sum": 113434.578125, "s2_sum": 11.64063765341416}
Your GPU does not have native support for FP8 computation but FP8 quantization is being used. Weight-only FP8 compression will be used leveraging the Marlin kernel. This may degrade performance for compute-heavy workloads.
{"event": "marlin_layers_built", "s": 0.4, "weight_bytes": 923320320}
{"event": "numerics", "rows": 64, "marlin": 0.006116, "c6": 0.006116, "c6_bitwise_vs_marlin": true, "neg_gate_up_scale_swap_marlin": 0.1664, "neg_gate_up_scale_swap_c6": 0.1664, "neg_expert_shift_scale_marlin": 0.1716, "neg_expert_shift_scale_c6": 0.1716, "marlin_repeat_bitwise": false}
{"event": "bitwise", "M": 128, "seed": 0, "unfixed_align_rows_differing": 1, "marlin_repeat": true, "c6_poisoned": true, "c6_after_nan_prefill": true, "local_copy_zeros": true, "nan_in_poisoned": false, "finite_base": true}
{"event": "bitwise", "M": 128, "seed": 1, "unfixed_align_rows_differing": 9, "marlin_repeat": true, "c6_poisoned": true, "c6_after_nan_prefill": true, "local_copy_zeros": true, "nan_in_poisoned": false, "finite_base": true}
{"event": "bitwise", "M": 128, "seed": 2, "unfixed_align_rows_differing": 3, "marlin_repeat": true, "c6_poisoned": true, "c6_after_nan_prefill": true, "local_copy_zeros": true, "nan_in_poisoned": false, "finite_base": true}
{"event": "bitwise", "M": 2048, "seed": 0, "unfixed_align_rows_differing": 58, "marlin_repeat": true, "c6_poisoned": true, "c6_after_nan_prefill": true, "local_copy_zeros": true, "nan_in_poisoned": false, "finite_base": true}
{"event": "bitwise", "M": 2048, "seed": 1, "unfixed_align_rows_differing": 63, "marlin_repeat": true, "c6_poisoned": true, "c6_after_nan_prefill": true, "local_copy_zeros": true, "nan_in_poisoned": false, "finite_base": true}
{"event": "bitwise", "M": 2048, "seed": 2, "unfixed_align_rows_differing": 69, "marlin_repeat": true, "c6_poisoned": true, "c6_after_nan_prefill": true, "local_copy_zeros": true, "nan_in_poisoned": false, "finite_base": true}
{"event": "bitwise", "M": 8192, "seed": 0, "unfixed_align_rows_differing": 294, "marlin_repeat": true, "c6_poisoned": true, "c6_after_nan_prefill": true, "local_copy_zeros": true, "nan_in_poisoned": false, "finite_base": true}
{"event": "bitwise", "M": 8192, "seed": 1, "unfixed_align_rows_differing": 263, "marlin_repeat": true, "c6_poisoned": true, "c6_after_nan_prefill": true, "local_copy_zeros": true, "nan_in_poisoned": false, "finite_base": true}
{"event": "bitwise", "M": 8192, "seed": 2, "unfixed_align_rows_differing": 425, "marlin_repeat": true, "c6_poisoned": true, "c6_after_nan_prefill": true, "local_copy_zeros": true, "nan_in_poisoned": false, "finite_base": true}
{"event": "bitwise", "M": 16384, "seed": 0, "unfixed_align_rows_differing": 408, "marlin_repeat": true, "c6_poisoned": true, "c6_after_nan_prefill": true, "local_copy_zeros": true, "nan_in_poisoned": false, "finite_base": true}
{"event": "bitwise", "M": 16384, "seed": 1, "unfixed_align_rows_differing": 430, "marlin_repeat": true, "c6_poisoned": true, "c6_after_nan_prefill": true, "local_copy_zeros": true, "nan_in_poisoned": false, "finite_base": true}
{"event": "bitwise", "M": 16384, "seed": 2, "unfixed_align_rows_differing": 431, "marlin_repeat": true, "c6_poisoned": true, "c6_after_nan_prefill": true, "local_copy_zeros": true, "nan_in_poisoned": false, "finite_base": true}
{"event": "time", "M": 128, "cand": "marlin", "ms": 0.7031, "tflops": 10.3, "samples": [0.7063, 0.7031, 0.704, 0.6846, 0.6826], "peak_gb": 0.017}
{"event": "time", "M": 128, "cand": "c6_empty", "ms": 0.6645, "tflops": 10.9, "samples": [0.6645, 0.6648, 0.6637, 0.6647, 0.664], "peak_gb": 0.017}
{"event": "time", "M": 128, "cand": "marlin", "ms": 0.6785, "tflops": 10.7, "samples": [0.6785, 0.6785, 0.6793, 0.6796, 0.678], "peak_gb": 0.017}
{"event": "time", "M": 128, "cand": "c6_empty", "ms": 0.6655, "tflops": 10.9, "samples": [0.665, 0.666, 0.6655, 0.6629, 0.6674], "peak_gb": 0.017}
{"event": "breakdown", "M": 128, "cache13": "zeros", "align+ws": 0.0127, "alloc(+zero)": 0.0101, "gemm1": 0.3916, "act(clamp torch)": 0.0278, "gemm2": 0.2327, "sum_reduce": 0.0124, "total": 0.6873}
{"event": "breakdown", "M": 128, "cache13": "empty", "align+ws": 0.0128, "alloc(+zero)": 0.0036, "gemm1": 0.3858, "act(clamp torch)": 0.0267, "gemm2": 0.234, "sum_reduce": 0.0126, "total": 0.6755}
{"event": "standalone", "M": 128, "moe_sum_reduce_ms": 0.0068, "sum_reduce_GBps": 1536.0, "zeros_cache13_ms": 0.0098, "cache13_GB": 0.009}
{"event": "time", "M": 2048, "cand": "marlin", "ms": 1.4942, "tflops": 77.6, "samples": [1.4829, 1.4935, 1.4942, 1.4971, 1.4984], "peak_gb": 0.198}
{"event": "time", "M": 2048, "cand": "c6_empty", "ms": 1.4254, "tflops": 81.4, "samples": [1.4092, 1.4195, 1.4254, 1.4301, 1.4267], "peak_gb": 0.198}
{"event": "time", "M": 2048, "cand": "marlin", "ms": 1.5071, "tflops": 76.9, "samples": [1.5091, 1.5071, 1.5026, 1.5073, 1.5057], "peak_gb": 0.198}
{"event": "time", "M": 2048, "cand": "c6_empty", "ms": 1.4248, "tflops": 81.4, "samples": [1.4165, 1.4238, 1.426, 1.4248, 1.4296], "peak_gb": 0.198}
{"event": "breakdown", "M": 2048, "cache13": "zeros", "align+ws": 0.0285, "alloc(+zero)": 0.0787, "gemm1": 0.7142, "act(clamp torch)": 0.089, "gemm2": 0.5034, "sum_reduce": 0.1031, "total": 1.5168}
{"event": "breakdown", "M": 2048, "cache13": "empty", "align+ws": 0.0275, "alloc(+zero)": 0.0037, "gemm1": 0.7072, "act(clamp torch)": 0.0888, "gemm2": 0.5027, "sum_reduce": 0.1018, "total": 1.4316}
{"event": "standalone", "M": 2048, "moe_sum_reduce_ms": 0.1024, "sum_reduce_GBps": 1638.0, "zeros_cache13_ms": 0.0833, "cache13_GB": 0.151}
{"event": "time", "M": 8192, "cand": "marlin", "ms": 5.8138, "tflops": 79.8, "samples": [5.7829, 5.8173, 5.8133, 5.8138, 5.8168], "peak_gb": 0.793}
{"event": "time", "M": 8192, "cand": "c6_empty", "ms": 5.5271, "tflops": 83.9, "samples": [5.5115, 5.5167, 5.5499, 5.5271, 5.5439], "peak_gb": 0.793}
{"event": "time", "M": 8192, "cand": "marlin", "ms": 5.8139, "tflops": 79.8, "samples": [5.8053, 5.8077, 5.8202, 5.8139, 5.815], "peak_gb": 0.793}
{"event": "time", "M": 8192, "cand": "c6_empty", "ms": 5.5309, "tflops": 83.9, "samples": [5.5125, 5.527, 5.5371, 5.5518, 5.5309], "peak_gb": 0.793}
{"event": "breakdown", "M": 8192, "cache13": "zeros", "align+ws": 0.0717, "alloc(+zero)": 0.3048, "gemm1": 2.9732, "act(clamp torch)": 0.3442, "gemm2": 1.7365, "sum_reduce": 0.3872, "total": 5.8176}
{"event": "breakdown", "M": 8192, "cache13": "empty", "align+ws": 0.0719, "alloc(+zero)": 0.0037, "gemm1": 2.966, "act(clamp torch)": 0.3469, "gemm2": 1.7542, "sum_reduce": 0.388, "total": 5.5307}
{"event": "standalone", "M": 8192, "moe_sum_reduce_ms": 0.3865, "sum_reduce_GBps": 1736.0, "zeros_cache13_ms": 0.3218, "cache13_GB": 0.604}
{"event": "time", "M": 16384, "cand": "marlin", "ms": 11.3727, "tflops": 81.6, "samples": [11.351, 11.3727, 11.3699, 11.4141, 11.4018], "peak_gb": 1.586}
{"event": "time", "M": 16384, "cand": "c6_empty", "ms": 10.7839, "tflops": 86.0, "samples": [10.7708, 10.7839, 10.7809, 10.8176, 10.7966], "peak_gb": 1.586}
{"event": "time", "M": 16384, "cand": "marlin", "ms": 11.3829, "tflops": 81.5, "samples": [11.3776, 11.3829, 11.3821, 11.3849, 11.3837], "peak_gb": 1.586}
{"event": "time", "M": 16384, "cand": "c6_empty", "ms": 10.8103, "tflops": 85.8, "samples": [10.794, 10.8127, 10.8103, 10.8262, 10.8012], "peak_gb": 1.586}
{"event": "breakdown", "M": 16384, "cache13": "zeros", "align+ws": 0.1317, "alloc(+zero)": 0.6305, "gemm1": 5.93, "act(clamp torch)": 0.6633, "gemm2": 3.2737, "sum_reduce": 0.7636, "total": 11.3929}
{"event": "breakdown", "M": 16384, "cache13": "empty", "align+ws": 0.134, "alloc(+zero)": 0.0037, "gemm1": 5.926, "act(clamp torch)": 0.6692, "gemm2": 3.3294, "sum_reduce": 0.7653, "total": 10.8276}
{"event": "standalone", "M": 16384, "moe_sum_reduce_ms": 0.7661, "sum_reduce_GBps": 1752.0, "zeros_cache13_ms": 0.6399, "cache13_GB": 1.208}
{"event": "done", "mode": "marlin"}
