37e9002368390fefc92621ea8b18f73e86429596
{"event": "start", "mode": "extra", "ms": [128, 2048, 8192, 16384], "torch": "2.13.0+cu130", "gpu": "NVIDIA A100-SXM4-80GB", "commit": "37e9002368390fefc92621ea8b18f73e86429596", "fused_marlin_moe_sha256": "c33fc53e551572f2"}
{"event": "weights", "q13_sum": -2929102.5, "s13_sum": 23.2553321182495, "q2_sum": 113434.578125, "s2_sum": 11.64063765341416}
Your GPU does not have native support for FP8 computation but FP8 quantization is being used. Weight-only FP8 compression will be used leveraging the Marlin kernel. This may degrade performance for compute-heavy workloads.
{"event": "first_call_warm_cache", "cand": "hum_idx", "s": 64.16, "profile": "alt0/first_call_profile.txt"}
{"event": "humming_tuning", "configs": {"indexed": [[0, 1, {"block_shape": [16, 64, 256], "warp_shape": [16, 64, 32], "use_stream_k": true, "use_f16_accum": false, "num_sms": 36, "num_stages": 5, "num_ctas_per_sm": 1, "num_write_splits": 1}], [1, 2, {"block_shape": [16, 64, 256], "warp_shape": [16, 64, 32], "use_stream_k": true, "use_f16_accum": false, "num_sms": 72, "num_stages": 5, "num_ctas_per_sm": 1, "num_write_splits": 1}], [2, 8, {"block_shape": [16, 64, 256], "warp_shape": [16, 64, 32], "use_stream_k": true, "use_f16_accum": false, "num_sms": 108, "num_stages": 5, "num_ctas_per_sm": 1, "num_write_splits": 1}], [8, 16, {"block_shape": [16, 128, 128], "warp_shape": [16, 64, 32], "use_stream_k": true, "use_f16_accum": false, "num_sms": 108, "num_stages": 5, "num_ctas_per_sm": 1, "num_write_splits": 1}], [16, 64, {"block_shape": [16, 256, 64], "warp_shape": [16, 64, 32], "use_stream_k": true, "use_f16_accum": false, "num_sms": 108, "num_stages": 5, "num_ctas_per_sm": 1, "num_write_splits": 1}], [64, 4160, {"block_shape": [16, 256, 128], "warp_shape": [16, 64, 64], "use_stream_k": true, "use_f16_accum": false, "num_sms": 108, "num_stages": 4, "num_ctas_per_sm": 1, "num_write_splits": 1}], [4160, 8320, {"block_shape": [32, 256, 64], "warp_shape": [16, 64, 64], "use_stream_k": true, "use_f16_accum": false, "num_sms": 108, "num_stages": 5, "num_ctas_per_sm": 1, "num_write_splits": 1}], [8320, 12480, {"block_shape": [48, 256, 128], "warp_shape": [48, 64, 64], "use_stream_k": true, "use_f16_accum": false, "num_sms": 108, "num_stages": 3, "num_ctas_per_sm": 1, "num_write_splits": 1}], [12480, 16896, {"block_shape": [64, 256, 64], "warp_shape": [32, 64, 64], "use_stream_k": true, "use_f16_accum": false, "num_sms": 108, "num_stages": 5, "num_ctas_per_sm": 1, "num_write_splits": 1}], [16896, 25216, {"block_shape": [96, 256, 64], "warp_shape": [48, 64, 64], "use_stream_k": true, "use_f16_accum": false, "num_sms": 108, "num_stages": 5, "num_ctas_per_sm": 1, "num_write_splits": 1}], [25216, 33536, {"block_shape": [128, 256, 64], "warp_shape": [64, 64, 64], "use_stream_k": true, "use_f16_accum": false, "num_sms": 108, "num_stages": 4, "num_ctas_per_sm": 1, "num_write_splits": 1}], [33536, 50176, {"block_shape": [64, 256, 64], "warp_shape": [32, 64, 64], "use_stream_k": true, "use_f16_accum": false, "num_sms": 108, "num_stages": 5, "num_ctas_per_sm": 1, "num_write_splits": 1}], [50176, 1073741824, {"block_shape": [128, 256, 64], "warp_shape": [64, 64, 64], "use_stream_k": true, "use_f16_accum": false, "num_sms": 108, "num_stages": 4, "num_ctas_per_sm": 1, "num_write_splits": 1}]]}, "w2": {"indexed": [[0, 1, {"block_shape": [16, 64, 256], "warp_shape": [16, 64, 32], "use_stream_k": false, "use_f16_accum": false, "num_sms": 22, "num_stages": 5, "num_ctas_per_sm": 1, "num_write_splits": 1}], [1, 2, {"block_shape": [16, 128, 128], "warp_shape": [16, 64, 32], "use_stream_k": false, "use_f16_accum": false, "num_sms": 43, "num_stages": 5, "num_ctas_per_sm": 1, "num_write_splits": 1}], [2, 4, {"block_shape": [16, 256, 64], "warp_shape": [16, 64, 32], "use_stream_k": false, "use_f16_accum": false, "num_sms": 86, "num_stages": 5, "num_ctas_per_sm": 1, "num_write_splits": 1}], [4, 64, {"block_shape": [16, 256, 64], "warp_shape": [16, 64, 32], "use_stream_k": false, "use_f16_accum": false, "num_sms": 108, "num_stages": 5, "num_ctas_per_sm": 1, "num_write_splits": 1}], [64, 4160, {"block_shape": [16, 256, 128], "warp_shape": [16, 64, 64], "use_stream_k": false, "use_f16_accum": false, "num_sms": 108, "num_stages": 4, "num_ctas_per_sm": 1, "num_write_splits": 1}], [4160, 8320, {"block_shape": [32, 256, 64], "warp_shape": [16, 64, 64], "use_stream_k": false, "use_f16_accum": false, "num_sms": 108, "num_stages": 5, "num_ctas_per_sm": 1, "num_write_splits": 1}], [8320, 12480, {"block_shape": [48, 256, 128], "warp_shape": [48, 64, 64], "use_stream_k": false, "use_f16_accum": false, "num_sms": 108, "num_stages": 3, "num_ctas_per_sm": 1, "num_write_splits": 1}], [12480, 16896, {"block_shape": [64, 256, 64], "warp_shape": [32, 64, 64], "use_stream_k": false, "use_f16_accum": false, "num_sms": 108, "num_stages": 5, "num_ctas_per_sm": 1, "num_write_splits": 1}], [16896, 25216, {"block_shape": [96, 256, 64], "warp_shape": [48, 64, 64], "use_stream_k": false, "use_f16_accum": false, "num_sms": 108, "num_stages": 5, "num_ctas_per_sm": 1, "num_write_splits": 1}], [25216, 33536, {"block_shape": [128, 256, 64], "warp_shape": [64, 64, 64], "use_stream_k": false, "use_f16_accum": false, "num_sms": 108, "num_stages": 4, "num_ctas_per_sm": 1, "num_write_splits": 1}], [33536, 50176, {"block_shape": [64, 256, 64], "warp_shape": [32, 64, 64], "use_stream_k": false, "use_f16_accum": false, "num_sms": 108, "num_stages": 5, "num_ctas_per_sm": 1, "num_write_splits": 1}], [50176, 1073741824, {"block_shape": [128, 256, 64], "warp_shape": [64, 64, 64], "use_stream_k": false, "use_f16_accum": false, "num_sms": 108, "num_stages": 4, "num_ctas_per_sm": 1, "num_write_splits": 1}]]}}
{"event": "numerics_bigM", "M": 64, "rows": "first 64 of 64", "marlin": 0.006123, "c6_empty": 0.006123, "m172_c6": 0.006123, "hum_idx": 0.006167, "hum_grp": 0.006957, "m172_c6_bitwise_vs_marlin": true}
{"event": "numerics_bigM", "M": 128, "rows": "first 64 of 128", "marlin": 0.006123, "c6_empty": 0.006123, "m172_c6": 0.006123, "hum_idx": 0.006171, "hum_grp": 0.006992, "m172_c6_bitwise_vs_marlin": true}
{"event": "numerics_bigM", "M": 2048, "rows": "first 64 of 2048", "marlin": 0.006166, "c6_empty": 0.006166, "m172_c6": 0.006166, "hum_idx": 0.006097, "hum_grp": 0.006905, "m172_c6_bitwise_vs_marlin": true}
{"event": "numerics_bigM", "M": 8192, "rows": "first 64 of 8192", "marlin": 0.006142, "c6_empty": 0.006142, "m172_c6": 0.006142, "hum_idx": 0.005922, "hum_grp": 0.006644, "m172_c6_bitwise_vs_marlin": true}
{"event": "numerics_bigM", "M": 16384, "rows": "first 64 of 16384", "marlin": 0.006109, "c6_empty": 0.006109, "m172_c6": 0.006109, "hum_idx": 0.005728, "hum_grp": 0.006648, "m172_c6_bitwise_vs_marlin": true}
{"event": "time", "M": 32, "cand": "marlin", "ms": 0.4325, "tflops": 4.2, "samples": [0.4479, 0.4325, 0.4347, 0.4323, 0.4301], "graph_ms": 0.3995, "graph_samples": [0.3996, 0.3987, 0.3997, 0.3992, 0.3995]}
{"event": "time", "M": 32, "cand": "hum_idx", "ms": 0.5421, "tflops": 3.3, "samples": [0.5884, 0.5567, 0.5421, 0.5216, 0.533], "graph_ms": 0.3484, "graph_samples": [0.3478, 0.3477, 0.3488, 0.3488, 0.3484]}
{"event": "time", "M": 32, "cand": "marlin", "ms": 0.4399, "tflops": 4.1, "samples": [0.4412, 0.4331, 0.4399, 0.4436, 0.4305], "graph_ms": 0.3764, "graph_samples": [0.3772, 0.3764, 0.3764, 0.3767, 0.3762]}
{"event": "time", "M": 32, "cand": "hum_idx", "ms": 0.5332, "tflops": 3.4, "samples": [0.5503, 0.5424, 0.5273, 0.5332, 0.525], "graph_ms": 0.3473, "graph_samples": [0.3473, 0.3484, 0.3467, 0.3469, 0.3477]}
{"event": "time", "M": 64, "cand": "marlin", "ms": 0.5648, "tflops": 6.4, "samples": [0.5646, 0.567, 0.5636, 0.567, 0.5648], "graph_ms": 0.538, "graph_samples": [0.5377, 0.538, 0.5387, 0.5391, 0.5369]}
{"event": "time", "M": 64, "cand": "hum_idx", "ms": 0.5299, "tflops": 6.8, "samples": [0.5579, 0.5406, 0.5299, 0.5284, 0.524], "graph_ms": 0.4922, "graph_samples": [0.492, 0.4919, 0.4922, 0.4928, 0.4934]}
{"event": "time", "M": 64, "cand": "marlin", "ms": 0.5653, "tflops": 6.4, "samples": [0.5653, 0.5651, 0.5669, 0.5664, 0.5653], "graph_ms": 0.5381, "graph_samples": [0.5379, 0.5393, 0.538, 0.5388, 0.5381]}
{"event": "time", "M": 64, "cand": "hum_idx", "ms": 0.5247, "tflops": 6.9, "samples": [0.5438, 0.5261, 0.5242, 0.5247, 0.52], "graph_ms": 0.4915, "graph_samples": [0.4914, 0.4915, 0.4925, 0.4912, 0.4926]}
{"event": "time", "M": 2048, "cand": "marlin", "ms": 1.4997, "tflops": 77.3, "samples": [1.4848, 1.4927, 1.4997, 1.5018, 1.5093], "peak_gb": 0.198}
{"event": "time", "M": 2048, "cand": "m172_c6", "ms": 1.3511, "tflops": 85.8, "samples": [1.3409, 1.3503, 1.3517, 1.3541, 1.3511], "peak_gb": 0.189}
{"event": "time", "M": 2048, "cand": "hum_idx", "ms": 1.3121, "tflops": 88.4, "samples": [1.2983, 1.3038, 1.3121, 1.3221, 1.3258], "peak_gb": 0.168}
{"event": "time", "M": 2048, "cand": "marlin", "ms": 1.5059, "tflops": 77.0, "samples": [1.511, 1.5059, 1.5049, 1.5063, 1.5048], "peak_gb": 0.198}
{"event": "time", "M": 2048, "cand": "m172_c6", "ms": 1.3537, "tflops": 85.7, "samples": [1.3436, 1.3538, 1.3537, 1.3521, 1.3541], "peak_gb": 0.189}
{"event": "time", "M": 2048, "cand": "hum_idx", "ms": 1.3179, "tflops": 88.0, "samples": [1.2956, 1.3102, 1.3179, 1.3279, 1.3322], "peak_gb": 0.168}
{"event": "time", "M": 8192, "cand": "marlin", "ms": 5.7954, "tflops": 80.0, "samples": [5.7952, 5.8032, 5.8021, 5.7954, 5.7938], "peak_gb": 0.793}
{"event": "time", "M": 8192, "cand": "m172_c6", "ms": 5.2468, "tflops": 88.4, "samples": [5.2194, 5.2332, 5.249, 5.2684, 5.2468], "peak_gb": 0.709}
{"event": "time", "M": 8192, "cand": "hum_idx", "ms": 3.4972, "tflops": 132.6, "samples": [3.4962, 3.496, 3.4972, 3.5221, 3.5373], "peak_gb": 0.672}
{"event": "time", "M": 8192, "cand": "marlin", "ms": 5.8062, "tflops": 79.9, "samples": [5.7937, 5.8062, 5.7883, 5.8069, 5.8141], "peak_gb": 0.793}
{"event": "time", "M": 8192, "cand": "m172_c6", "ms": 5.2544, "tflops": 88.3, "samples": [5.2331, 5.2544, 5.2591, 5.2492, 5.2577], "peak_gb": 0.709}
{"event": "time", "M": 8192, "cand": "hum_idx", "ms": 3.5036, "tflops": 132.4, "samples": [3.5036, 3.4971, 3.503, 3.5217, 3.5391], "peak_gb": 0.672}
{"event": "time", "M": 16384, "cand": "marlin", "ms": 11.3649, "tflops": 81.6, "samples": [11.3465, 11.3418, 11.3779, 11.3649, 11.3826], "peak_gb": 1.586}
{"event": "time", "M": 16384, "cand": "m172_c6", "ms": 10.2505, "tflops": 90.5, "samples": [10.2163, 10.2491, 10.2851, 10.2505, 10.2544], "peak_gb": 1.418}
{"event": "time", "M": 16384, "cand": "hum_idx", "ms": 6.8901, "tflops": 134.6, "samples": [6.876, 6.869, 6.8901, 6.9331, 6.9197], "peak_gb": 1.343}
{"event": "time", "M": 16384, "cand": "marlin", "ms": 11.3716, "tflops": 81.6, "samples": [11.3693, 11.3716, 11.3643, 11.3767, 11.3866], "peak_gb": 1.586}
{"event": "time", "M": 16384, "cand": "m172_c6", "ms": 10.2664, "tflops": 90.4, "samples": [10.2772, 10.2294, 10.2914, 10.2597, 10.2664], "peak_gb": 1.418}
{"event": "time", "M": 16384, "cand": "hum_idx", "ms": 6.9003, "tflops": 134.4, "samples": [6.8937, 6.897, 6.9221, 6.9003, 6.9075], "peak_gb": 1.343}
{"event": "done", "mode": "extra"}
