OK new_s0: 7 patches
IDENTICAL (4686 files)
--- A (0923a)
OK new_a: 13 patches
IDENTICAL (4690 files)
--- DCP
OK new_dcp: 7 patches
IDENTICAL (4683 files)
IDENTICAL (4686 files)
1 files differ (4680 files)
== final check with committed patch files (2026-09-23T18:25:48Z)
S0: IDENTICAL (4686 files)
0923a: IDENTICAL (4690 files)
DCP: IDENTICAL (4683 files)
036 S0+114: IDENTICAL (4686 files)
S0 + 114-indexer-row-shard: applies
S0 + 115-dcp-sm80: applies
S0 + 121-sched-cap-while-decoding: applies
S0 + 130-async-tokenize: applies
S0 + 150-startup-warmup: applies
S0 + 160-nextn-sm80: applies
S0 + 170-glm-bcg-prefill: applies
e0d7924989ebb538e331110f4458ccd4e95a0bfa3cbd87dfb8324ac0328960f6 000-interface-compliance.patch
0f6ee401c8bafd6d3c62f18a33545e1a777140eb9df53774029b60ae0a3694e0 101-role-boundary-split.patch
a2c9f92d8a0abc96eaec515e6afa216a8ffa98037431748c1e0f846b66a03174 106-defer-chunk-on-no-kv.patch
6a592ffc62b655c91672d2c31d76d2ecf9bbc3526a6f86f95ff28907522c5360 110-sm80-dsa-indexer.patch
67e358bb9e52da343f0848b6fe96c778e6473efcd32f9df450213c6dcfb7d26a 111-sm80-fp8-moe-marlin.patch
70c078d01b17c3d1051e18f31253dd0beab0f58b642599978d4630fcd7352a9c 114-indexer-row-shard.patch
723bb71e7808567a5401b9347bee9db6d0e6233ac9d42ddf8a96fc95a57343a6 115-dcp-sm80.patch
ef1744b3a51c2ee87fc0ceb858a04cca078c4720ad50b16ff7498a1b0ee7eb1a 120-sched-protect-chain.patch
dee943778854ba4d19c804fcee9070338e9f6eb51529b30d658b13e8c0f5faa0 121-sched-cap-while-decoding.patch
d48bf2a2d8a4c4daf68981aefdbc1646cf2d36b986ebf610f41e377a60ba2380 130-async-tokenize.patch
1fcb1ca8c6502b7c8a58f32c16bf34dbf3431d159cd649fdbf1b658ce7c2ff35 140-kda-dual-snapshot.patch
3d53476f8d94262e55241bb2295e3b9b96fb0ffc243469aaef9541d4169f20af 150-startup-warmup.patch
3547ff7d6d583b5ca19e0474a9ed0bd3fff3a355d5298868ee9f83ee96000a40 160-nextn-sm80.patch
48eeac6b956102d4394ace56e6fbbed343082b060b9aefd9548f73cc644320d5 170-glm-bcg-prefill.patch
