MODEL C6 fcfs stock: ceiling=6 first_fail=10 ['fast_intra(uncached_expected<=4096,<=3s)', 'overall_intra(<=5s)', 'turn_start(<=15s)']
MODEL C6 fcfs role_conservative: ceiling=6 first_fail=10 ['fast_intra(uncached_expected<=4096,<=3s)', 'overall_intra(<=5s)']
MODEL C6 spf stock: ceiling=14 first_fail=18 ['fast_intra(uncached_expected<=4096,<=3s)', 'overall_intra(<=5s)']
MODEL C6 spf role_conservative: ceiling=10 first_fail=14 ['fast_intra(uncached_expected<=4096,<=3s)']
MODEL C6 spf-upstream stock: ceiling=14 first_fail=18 ['fast_intra(uncached_expected<=4096,<=3s)', 'overall_intra(<=5s)']
MODEL C6 spf-upstream role_conservative: ceiling=10 first_fail=14 ['fast_intra(uncached_expected<=4096,<=3s)']
MODEL C6 hrrn stock: ceiling=6 first_fail=10 ['fast_intra(uncached_expected<=4096,<=3s)', 'overall_intra(<=5s)']
MODEL C6 hrrn role_conservative: ceiling=6 first_fail=10 ['fast_intra(uncached_expected<=4096,<=3s)', 'overall_intra(<=5s)']
MODEL C6 lpm stock: ceiling=2 first_fail=6 ['fast_intra(uncached_expected<=4096,<=3s)']
MODEL C6 lpm role_conservative: ceiling=6 first_fail=10 ['fast_intra(uncached_expected<=4096,<=3s)', 'overall_intra(<=5s)']
MODEL C17 fcfs stock: ceiling=6 first_fail=10 ['fast_intra(uncached_expected<=4096,<=3s)', 'overall_intra(<=5s)']
MODEL C17 fcfs role_conservative: ceiling=6 first_fail=10 ['fast_intra(uncached_expected<=4096,<=3s)', 'overall_intra(<=5s)']
MODEL C17 spf stock: ceiling=14 first_fail=18 ['fast_intra(uncached_expected<=4096,<=3s)']
MODEL C17 spf role_conservative: ceiling=14 first_fail=18 ['fast_intra(uncached_expected<=4096,<=3s)']
MODEL C17 spf-upstream stock: ceiling=14 first_fail=18 ['fast_intra(uncached_expected<=4096,<=3s)']
MODEL C17 spf-upstream role_conservative: ceiling=14 first_fail=18 ['fast_intra(uncached_expected<=4096,<=3s)']
MODEL C17 hrrn stock: ceiling=6 first_fail=10 ['fast_intra(uncached_expected<=4096,<=3s)', 'overall_intra(<=5s)']
MODEL C17 hrrn role_conservative: ceiling=6 first_fail=10 ['fast_intra(uncached_expected<=4096,<=3s)', 'overall_intra(<=5s)']
MODEL C17 lpm stock: ceiling=6 first_fail=10 ['fast_intra(uncached_expected<=4096,<=3s)', 'overall_intra(<=5s)']
MODEL C17 lpm role_conservative: ceiling=6 first_fail=10 ['fast_intra(uncached_expected<=4096,<=3s)', 'overall_intra(<=5s)']
MODEL C18 fcfs stock: ceiling=6 first_fail=10 ['fast_intra(uncached_expected<=4096,<=3s)', 'overall_intra(<=5s)']
MODEL C18 fcfs role_conservative: ceiling=6 first_fail=10 ['fast_intra(uncached_expected<=4096,<=3s)', 'overall_intra(<=5s)']
MODEL C18 spf stock: ceiling=14 first_fail=18 ['fast_intra(uncached_expected<=4096,<=3s)']
MODEL C18 spf role_conservative: ceiling=14 first_fail=18 ['fast_intra(uncached_expected<=4096,<=3s)']
MODEL C18 spf-upstream stock: ceiling=14 first_fail=18 ['fast_intra(uncached_expected<=4096,<=3s)']
MODEL C18 spf-upstream role_conservative: ceiling=14 first_fail=18 ['fast_intra(uncached_expected<=4096,<=3s)']
MODEL C18 hrrn stock: ceiling=6 first_fail=10 ['fast_intra(uncached_expected<=4096,<=3s)', 'overall_intra(<=5s)']
MODEL C18 hrrn role_conservative: ceiling=6 first_fail=10 ['fast_intra(uncached_expected<=4096,<=3s)', 'overall_intra(<=5s)']
MODEL C18 lpm stock: ceiling=6 first_fail=10 ['fast_intra(uncached_expected<=4096,<=3s)', 'overall_intra(<=5s)']
MODEL C18 lpm role_conservative: ceiling=6 first_fail=10 ['fast_intra(uncached_expected<=4096,<=3s)', 'overall_intra(<=5s)']
MODEL C19 fcfs stock: ceiling=6 first_fail=10 ['fast_intra(uncached_expected<=4096,<=3s)', 'overall_intra(<=5s)']
MODEL C19 fcfs role_conservative: ceiling=6 first_fail=10 ['fast_intra(uncached_expected<=4096,<=3s)', 'overall_intra(<=5s)']
MODEL C19 spf stock: ceiling=14 first_fail=18 ['fast_intra(uncached_expected<=4096,<=3s)', 'overall_intra(<=5s)']
MODEL C19 spf role_conservative: ceiling=10 first_fail=14 ['fast_intra(uncached_expected<=4096,<=3s)']
MODEL C19 spf-upstream stock: ceiling=14 first_fail=18 ['fast_intra(uncached_expected<=4096,<=3s)', 'overall_intra(<=5s)']
MODEL C19 spf-upstream role_conservative: ceiling=10 first_fail=14 ['fast_intra(uncached_expected<=4096,<=3s)']
MODEL C19 hrrn stock: ceiling=6 first_fail=10 ['fast_intra(uncached_expected<=4096,<=3s)', 'overall_intra(<=5s)']
MODEL C19 hrrn role_conservative: ceiling=6 first_fail=10 ['fast_intra(uncached_expected<=4096,<=3s)', 'overall_intra(<=5s)', 'turn_start(<=15s)']
MODEL C19 lpm stock: ceiling=6 first_fail=10 ['fast_intra(uncached_expected<=4096,<=3s)', 'overall_intra(<=5s)']
MODEL C19 lpm role_conservative: ceiling=6 first_fail=10 ['fast_intra(uncached_expected<=4096,<=3s)', 'overall_intra(<=5s)']
MODEL C31 fcfs stock: ceiling=6 first_fail=10 ['fast_intra(uncached_expected<=4096,<=3s)', 'overall_intra(<=5s)']
MODEL C31 fcfs role_conservative: ceiling=6 first_fail=10 ['fast_intra(uncached_expected<=4096,<=3s)', 'overall_intra(<=5s)']
MODEL C31 spf stock: ceiling=14 first_fail=18 ['fast_intra(uncached_expected<=4096,<=3s)']
MODEL C31 spf role_conservative: ceiling=14 first_fail=18 ['fast_intra(uncached_expected<=4096,<=3s)']
MODEL C31 spf-upstream stock: ceiling=14 first_fail=18 ['fast_intra(uncached_expected<=4096,<=3s)']
MODEL C31 spf-upstream role_conservative: ceiling=14 first_fail=18 ['fast_intra(uncached_expected<=4096,<=3s)']
MODEL C31 hrrn stock: ceiling=6 first_fail=10 ['fast_intra(uncached_expected<=4096,<=3s)', 'overall_intra(<=5s)']
MODEL C31 hrrn role_conservative: ceiling=6 first_fail=10 ['fast_intra(uncached_expected<=4096,<=3s)', 'overall_intra(<=5s)']
MODEL C31 lpm stock: ceiling=6 first_fail=10 ['fast_intra(uncached_expected<=4096,<=3s)', 'overall_intra(<=5s)']
MODEL C31 lpm role_conservative: ceiling=6 first_fail=10 ['fast_intra(uncached_expected<=4096,<=3s)', 'overall_intra(<=5s)']
MODEL C42 fcfs stock: ceiling=6 first_fail=10 ['fast_intra(uncached_expected<=4096,<=3s)', 'overall_intra(<=5s)']
MODEL C42 fcfs role_conservative: ceiling=6 first_fail=10 ['fast_intra(uncached_expected<=4096,<=3s)', 'overall_intra(<=5s)']
MODEL C42 spf stock: ceiling=18 first_fail=22 ['fast_intra(uncached_expected<=4096,<=3s)', 'chain_start(<=30s)']
MODEL C42 spf role_conservative: ceiling=18 first_fail=22 ['fast_intra(uncached_expected<=4096,<=3s)']
MODEL C42 spf-upstream stock: ceiling=18 first_fail=22 ['fast_intra(uncached_expected<=4096,<=3s)', 'chain_start(<=30s)']
MODEL C42 spf-upstream role_conservative: ceiling=18 first_fail=22 ['fast_intra(uncached_expected<=4096,<=3s)']
MODEL C42 hrrn stock: ceiling=6 first_fail=10 ['fast_intra(uncached_expected<=4096,<=3s)', 'overall_intra(<=5s)']
MODEL C42 hrrn role_conservative: ceiling=6 first_fail=10 ['fast_intra(uncached_expected<=4096,<=3s)', 'overall_intra(<=5s)']
MODEL C42 lpm stock: ceiling=6 first_fail=10 ['fast_intra(uncached_expected<=4096,<=3s)', 'overall_intra(<=5s)']
MODEL C42 lpm role_conservative: ceiling=6 first_fail=10 ['fast_intra(uncached_expected<=4096,<=3s)', 'overall_intra(<=5s)']
MODEL C43 fcfs stock: ceiling=6 first_fail=10 ['fast_intra(uncached_expected<=4096,<=3s)', 'overall_intra(<=5s)']
MODEL C43 fcfs role_conservative: ceiling=6 first_fail=10 ['fast_intra(uncached_expected<=4096,<=3s)', 'overall_intra(<=5s)']
MODEL C43 spf stock: ceiling=18 first_fail=22 ['fast_intra(uncached_expected<=4096,<=3s)', 'chain_start(<=30s)']
MODEL C43 spf role_conservative: ceiling=14 first_fail=18 ['fast_intra(uncached_expected<=4096,<=3s)']
MODEL C43 spf-upstream stock: ceiling=18 first_fail=22 ['fast_intra(uncached_expected<=4096,<=3s)', 'chain_start(<=30s)']
MODEL C43 spf-upstream role_conservative: ceiling=14 first_fail=18 ['fast_intra(uncached_expected<=4096,<=3s)']
MODEL C43 hrrn stock: ceiling=6 first_fail=10 ['fast_intra(uncached_expected<=4096,<=3s)', 'overall_intra(<=5s)']
MODEL C43 hrrn role_conservative: ceiling=6 first_fail=10 ['fast_intra(uncached_expected<=4096,<=3s)', 'overall_intra(<=5s)']
MODEL C43 lpm stock: ceiling=6 first_fail=10 ['fast_intra(uncached_expected<=4096,<=3s)', 'overall_intra(<=5s)']
MODEL C43 lpm role_conservative: ceiling=6 first_fail=10 ['fast_intra(uncached_expected<=4096,<=3s)', 'overall_intra(<=5s)']
