test_dev_gates_reused_exactly_and_tpot_is_separate (test_sim_closed_loop.CacheAndScoringTests) ... ok
test_f24_frozen_proxy_and_clipping (test_sim_closed_loop.CacheAndScoringTests) ... ok
test_formal_mix_exact_counts_determinism_and_profile_identity (test_sim_closed_loop.CacheAndScoringTests) ... ok
test_frozen_fast_gate_does_not_follow_actual_cache_miss (test_sim_closed_loop.CacheAndScoringTests) ... ok
test_ladder_reports_nonmonotonicity_and_first_binding_gate (test_sim_closed_loop.CacheAndScoringTests) ... ok
test_order_statistic_threshold_equality_and_missing_samples (test_sim_closed_loop.CacheAndScoringTests) ... ok
test_output_budget_source_and_measured_profiles (test_sim_closed_loop.CacheAndScoringTests) ... ok
test_phase_gate_first_request_wins_over_turn_start (test_sim_closed_loop.CacheAndScoringTests) ... ok
test_small_formal_mix_replays_with_whatif_labels (test_sim_closed_loop.CacheAndScoringTests) ... ok
test_supplied_cache_counts_used_exactly_missing_and_bad_are_errors (test_sim_closed_loop.CacheAndScoringTests) ... ok
test_cli_rejects_readonly_output_directory (test_sim_closed_loop.InputIntegrationTests) ... ok
test_cli_writes_raw_and_sweep_without_harness_mutation (test_sim_closed_loop.InputIntegrationTests) ... ok
test_invalid_engine_parameters (test_sim_closed_loop.InputIntegrationTests) ... ok
test_real_cohort_order_gate_counts_and_cap (test_sim_closed_loop.InputIntegrationTests) ... ok
test_chunk_budget_conservation_and_closed_loop_concurrency (test_sim_closed_loop.ReplayTests) ... ok
test_decode_batch_changes_when_short_request_finishes (test_sim_closed_loop.ReplayTests) ... ok
test_decode_coalescing_matches_literal_forward_events (test_sim_closed_loop.ReplayTests) ... ok
test_decode_curve_interpolates_and_clamps (test_sim_closed_loop.ReplayTests) ... ok
test_engine_running_cap_is_separate_from_N (test_sim_closed_loop.ReplayTests) ... ok
test_fixed_overhead_charged_once_per_shared_forward (test_sim_closed_loop.ReplayTests) ... ok
test_frontend_delay_is_in_ttft_and_feedback (test_sim_closed_loop.ReplayTests) ... ok
test_gap_below_cap_and_disabled_are_identical (test_sim_closed_loop.ReplayTests) ... ok
test_gap_rounding_exact_last_nonzero_remainder (test_sim_closed_loop.ReplayTests) ... ok
test_prefill_decode_interval_allows_decode_between_chunks (test_sim_closed_loop.ReplayTests) ... ok
test_prefill_length_penalty (test_sim_closed_loop.ReplayTests) ... ok
test_prefill_stalls_existing_decode_and_is_in_tpot (test_sim_closed_loop.ReplayTests) ... ok
test_serial_requests_and_chain_queue_use_finish_plus_gap (test_sim_closed_loop.ReplayTests) ... ok
test_single_token_and_zero_uncached_still_need_forward (test_sim_closed_loop.ReplayTests) ... ok
test_spf_short_waiter_bypasses_long_continuation (test_sim_closed_loop.ReplayTests) ... ok
test_workers_claim_chains_when_free_not_round_robin (test_sim_closed_loop.ReplayTests) ... ok
test_candidates_are_deterministic_and_supplied_values_preserved (test_sim_envelope_fit.EnvelopeTests) ... ok
test_canonical_stress_once_filter_passing_n_not_n_at_slo (test_sim_envelope_fit.EnvelopeTests) ... ok
test_decode_base_speedup_degeneracy_preserves_whole_replay (test_sim_envelope_fit.EnvelopeTests) ... ok
test_decode_speedup_amortizes_compute_only_including_curve (test_sim_envelope_fit.EnvelopeTests) ... ok
test_fit_cli_actual_formal_mix_and_readonly_input_hashes (test_sim_envelope_fit.EnvelopeTests) ... ok
test_invalid_or_absent_prior_does_not_silently_fit (test_sim_envelope_fit.EnvelopeTests) ... ok
test_missing_fit_anchor_and_unevaluable_metric_rejected (test_sim_envelope_fit.EnvelopeTests) ... ok
test_null_card_and_nested_fallback (test_sim_envelope_fit.EnvelopeTests) ... ok
test_real_public_counts_and_f35_medians (test_sim_envelope_fit.EnvelopeTests) ... ok
test_residual_sign_log_symmetry_and_band_equality (test_sim_envelope_fit.EnvelopeTests) ... ok
test_ttft_first_requires_earlier_pass_and_no_cobinding_tpot (test_sim_envelope_fit.EnvelopeTests) ... ok

----------------------------------------------------------------------
Ran 41 tests in 2.169s

OK
