{
  "execution_status": "COMPLETED",
  "evaluation_status": "FAIL",
  "ALL_PASS": false,
  "gates": {
    "coverage=100%": true,
    "harness_data==0": true,
    "harness_render==0": true,
    "engine_error<1%": true,
    "infra_error<1%": true,
    "gated_phases_have_samples": true,
    "fast_intra(uncached_expected<=4096,<=3s)": false,
    "overall_intra(<=5s)": false,
    "turn_start(<=15s)": true,
    "chain_start(<=30s)": true
  },
  "measurement_contract": {
    "server_ttft_coverage=100%": true,
    "required_for_lane": false,
    "strict_ttft_basis": false,
    "auto_enabled_by_lane": false,
    "ttft_basis_no_conflict": true
  },
  "coverage": 1.0,
  "reference_metrics": {
    "note": "解释性能的参考指标；**不各自构成 SLO 硬门**。硬门见 rep['gates']。",
    "not_slo_gates": true,
    "rpm": 35.586510774200754,
    "avg_active_occupancy": 7.323674230871553,
    "configured_N_slots": 10,
    "cache_hit_ratio": {
      "p50": 0.9178801256286926,
      "p90": 0.9843034877497296,
      "p95": 0.9889135750092107,
      "p99": 0.9957730011691699
    },
    "cache_hit_ratio_p50": 0.9178801256286926,
    "wall_s": 1217.3151865005493,
    "wall_min": 20.28858644167582,
    "completed_requests": 722,
    "dispatched_requests": 722
  }
}

判定：FAIL
报告 /tmp/ax/runs/045r-cal_offB_n10/N10/report_dev-combined-v1_N10_1790219279.json
      /tmp/ax/runs/045r-cal_offB_n10/N10/report_dev-combined-v1_N10_1790219279.md
