MODEL OUTPUT C6 dev fcfs stock: strict first=6 ['fast_intra(uncached_expected<=4096,<=3s)', 'overall_intra(<=5s)', 'turn_start(<=15s)', 'chain_start(<=30s)']; estimated first=6 ['fast_intra(uncached_expected<=4096,<=3s)', 'overall_intra(<=5s)']
MODEL OUTPUT C6 dev spf-upstream stock: strict first=6 ['fast_intra(uncached_expected<=4096,<=3s)', 'chain_start(<=30s)']; estimated first=10 ['tpot_p95<=0.10', 'fast_intra(uncached_expected<=4096,<=3s)', 'overall_intra(<=5s)']
MODEL OUTPUT C6 dev spf-upstream role_conservative: strict first=6 ['fast_intra(uncached_expected<=4096,<=3s)', 'chain_start(<=30s)']; estimated first=10 ['tpot_p95<=0.10', 'fast_intra(uncached_expected<=4096,<=3s)', 'overall_intra(<=5s)', 'chain_start(<=30s)']
MODEL OUTPUT C6 dev edf stock: strict first=6 ['fast_intra(uncached_expected<=4096,<=3s)', 'overall_intra(<=5s)', 'chain_start(<=30s)']; estimated first=6 ['fast_intra(uncached_expected<=4096,<=3s)']
MODEL OUTPUT C6 dev edf role_conservative: strict first=6 ['fast_intra(uncached_expected<=4096,<=3s)', 'overall_intra(<=5s)', 'chain_start(<=30s)']; estimated first=6 ['fast_intra(uncached_expected<=4096,<=3s)']
MODEL OUTPUT C6 dev least-slack stock: strict first=6 ['fast_intra(uncached_expected<=4096,<=3s)', 'overall_intra(<=5s)', 'chain_start(<=30s)']; estimated first=6 ['fast_intra(uncached_expected<=4096,<=3s)', 'overall_intra(<=5s)']
MODEL OUTPUT C6 dev edf-chain-weighted stock: strict first=6 ['fast_intra(uncached_expected<=4096,<=3s)', 'overall_intra(<=5s)', 'chain_start(<=30s)']; estimated first=6 ['fast_intra(uncached_expected<=4096,<=3s)']
MODEL OUTPUT C6 dev edf-chain-weighted role_conservative: strict first=6 ['fast_intra(uncached_expected<=4096,<=3s)', 'overall_intra(<=5s)', 'chain_start(<=30s)']; estimated first=6 ['fast_intra(uncached_expected<=4096,<=3s)', 'chain_start(<=30s)']
MODEL OUTPUT C17 dev fcfs stock: strict first=6 ['fast_intra(uncached_expected<=4096,<=3s)', 'overall_intra(<=5s)', 'turn_start(<=15s)', 'chain_start(<=30s)']; estimated first=6 ['fast_intra(uncached_expected<=4096,<=3s)', 'overall_intra(<=5s)']
MODEL OUTPUT C17 dev spf-upstream stock: strict first=6 ['chain_start(<=30s)']; estimated first=10 ['tpot_p95<=0.10', 'fast_intra(uncached_expected<=4096,<=3s)', 'chain_start(<=30s)']
MODEL OUTPUT C17 dev spf-upstream role_conservative: strict first=6 ['chain_start(<=30s)']; estimated first=10 ['tpot_p95<=0.10', 'fast_intra(uncached_expected<=4096,<=3s)', 'chain_start(<=30s)']
MODEL OUTPUT C17 dev edf stock: strict first=6 ['fast_intra(uncached_expected<=4096,<=3s)', 'overall_intra(<=5s)', 'chain_start(<=30s)']; estimated first=6 ['fast_intra(uncached_expected<=4096,<=3s)']
MODEL OUTPUT C17 dev edf role_conservative: strict first=6 ['fast_intra(uncached_expected<=4096,<=3s)', 'chain_start(<=30s)']; estimated first=10 ['fast_intra(uncached_expected<=4096,<=3s)', 'overall_intra(<=5s)', 'chain_start(<=30s)']
MODEL OUTPUT C17 dev least-slack stock: strict first=6 ['fast_intra(uncached_expected<=4096,<=3s)', 'overall_intra(<=5s)', 'chain_start(<=30s)']; estimated first=6 ['fast_intra(uncached_expected<=4096,<=3s)', 'overall_intra(<=5s)']
MODEL OUTPUT C17 dev edf-chain-weighted stock: strict first=6 ['fast_intra(uncached_expected<=4096,<=3s)', 'chain_start(<=30s)']; estimated first=6 ['chain_start(<=30s)']
MODEL OUTPUT C17 dev edf-chain-weighted role_conservative: strict first=6 ['fast_intra(uncached_expected<=4096,<=3s)', 'chain_start(<=30s)']; estimated first=10 ['fast_intra(uncached_expected<=4096,<=3s)', 'overall_intra(<=5s)', 'chain_start(<=30s)']
MODEL OUTPUT C18 dev fcfs stock: strict first=6 ['fast_intra(uncached_expected<=4096,<=3s)', 'overall_intra(<=5s)', 'turn_start(<=15s)', 'chain_start(<=30s)']; estimated first=6 ['fast_intra(uncached_expected<=4096,<=3s)', 'overall_intra(<=5s)']
MODEL OUTPUT C18 dev spf-upstream stock: strict first=6 ['fast_intra(uncached_expected<=4096,<=3s)', 'chain_start(<=30s)']; estimated first=10 ['tpot_p95<=0.10', 'fast_intra(uncached_expected<=4096,<=3s)', 'overall_intra(<=5s)', 'chain_start(<=30s)']
MODEL OUTPUT C18 dev spf-upstream role_conservative: strict first=6 ['fast_intra(uncached_expected<=4096,<=3s)', 'overall_intra(<=5s)', 'chain_start(<=30s)']; estimated first=10 ['tpot_p95<=0.10', 'fast_intra(uncached_expected<=4096,<=3s)', 'overall_intra(<=5s)', 'chain_start(<=30s)']
MODEL OUTPUT C18 dev edf stock: strict first=6 ['fast_intra(uncached_expected<=4096,<=3s)', 'overall_intra(<=5s)', 'chain_start(<=30s)']; estimated first=10 ['fast_intra(uncached_expected<=4096,<=3s)', 'overall_intra(<=5s)', 'chain_start(<=30s)']
MODEL OUTPUT C18 dev edf role_conservative: strict first=6 ['fast_intra(uncached_expected<=4096,<=3s)', 'overall_intra(<=5s)', 'chain_start(<=30s)']; estimated first=6 ['fast_intra(uncached_expected<=4096,<=3s)']
MODEL OUTPUT C18 dev least-slack stock: strict first=6 ['fast_intra(uncached_expected<=4096,<=3s)', 'overall_intra(<=5s)', 'chain_start(<=30s)']; estimated first=6 ['fast_intra(uncached_expected<=4096,<=3s)', 'overall_intra(<=5s)']
MODEL OUTPUT C18 dev edf-chain-weighted stock: strict first=6 ['fast_intra(uncached_expected<=4096,<=3s)', 'chain_start(<=30s)']; estimated first=6 ['chain_start(<=30s)']
MODEL OUTPUT C18 dev edf-chain-weighted role_conservative: strict first=6 ['fast_intra(uncached_expected<=4096,<=3s)', 'overall_intra(<=5s)', 'chain_start(<=30s)']; estimated first=6 ['chain_start(<=30s)']
MODEL OUTPUT C19 dev fcfs stock: strict first=6 ['fast_intra(uncached_expected<=4096,<=3s)', 'overall_intra(<=5s)', 'chain_start(<=30s)']; estimated first=6 ['fast_intra(uncached_expected<=4096,<=3s)', 'overall_intra(<=5s)']
MODEL OUTPUT C19 dev spf-upstream stock: strict first=6 ['fast_intra(uncached_expected<=4096,<=3s)', 'chain_start(<=30s)']; estimated first=10 ['fast_intra(uncached_expected<=4096,<=3s)', 'overall_intra(<=5s)', 'chain_start(<=30s)']
MODEL OUTPUT C19 dev spf-upstream role_conservative: strict first=6 ['fast_intra(uncached_expected<=4096,<=3s)', 'overall_intra(<=5s)', 'chain_start(<=30s)']; estimated first=10 ['fast_intra(uncached_expected<=4096,<=3s)', 'overall_intra(<=5s)', 'chain_start(<=30s)']
MODEL OUTPUT C19 dev edf stock: strict first=6 ['fast_intra(uncached_expected<=4096,<=3s)', 'overall_intra(<=5s)', 'chain_start(<=30s)']; estimated first=6 ['fast_intra(uncached_expected<=4096,<=3s)', 'overall_intra(<=5s)']
MODEL OUTPUT C19 dev edf role_conservative: strict first=6 ['fast_intra(uncached_expected<=4096,<=3s)', 'overall_intra(<=5s)', 'chain_start(<=30s)']; estimated first=10 ['fast_intra(uncached_expected<=4096,<=3s)', 'overall_intra(<=5s)', 'chain_start(<=30s)']
MODEL OUTPUT C19 dev least-slack stock: strict first=6 ['fast_intra(uncached_expected<=4096,<=3s)', 'overall_intra(<=5s)', 'chain_start(<=30s)']; estimated first=6 ['fast_intra(uncached_expected<=4096,<=3s)', 'overall_intra(<=5s)']
MODEL OUTPUT C19 dev edf-chain-weighted stock: strict first=6 ['fast_intra(uncached_expected<=4096,<=3s)', 'overall_intra(<=5s)', 'chain_start(<=30s)']; estimated first=6 ['fast_intra(uncached_expected<=4096,<=3s)', 'chain_start(<=30s)']
MODEL OUTPUT C19 dev edf-chain-weighted role_conservative: strict first=6 ['fast_intra(uncached_expected<=4096,<=3s)', 'overall_intra(<=5s)', 'chain_start(<=30s)']; estimated first=10 ['fast_intra(uncached_expected<=4096,<=3s)', 'overall_intra(<=5s)', 'chain_start(<=30s)']
MODEL OUTPUT C31 dev fcfs stock: strict first=6 ['fast_intra(uncached_expected<=4096,<=3s)', 'overall_intra(<=5s)', 'turn_start(<=15s)', 'chain_start(<=30s)']; estimated first=6 ['fast_intra(uncached_expected<=4096,<=3s)', 'overall_intra(<=5s)']
MODEL OUTPUT C31 dev spf-upstream stock: strict first=6 ['fast_intra(uncached_expected<=4096,<=3s)', 'chain_start(<=30s)']; estimated first=10 ['fast_intra(uncached_expected<=4096,<=3s)', 'overall_intra(<=5s)', 'chain_start(<=30s)']
MODEL OUTPUT C31 dev spf-upstream role_conservative: strict first=6 ['fast_intra(uncached_expected<=4096,<=3s)', 'overall_intra(<=5s)', 'chain_start(<=30s)']; estimated first=10 ['fast_intra(uncached_expected<=4096,<=3s)', 'chain_start(<=30s)']
MODEL OUTPUT C31 dev edf stock: strict first=6 ['fast_intra(uncached_expected<=4096,<=3s)', 'overall_intra(<=5s)', 'chain_start(<=30s)']; estimated first=6 ['fast_intra(uncached_expected<=4096,<=3s)']
MODEL OUTPUT C31 dev edf role_conservative: strict first=6 ['fast_intra(uncached_expected<=4096,<=3s)', 'overall_intra(<=5s)', 'chain_start(<=30s)']; estimated first=6 ['chain_start(<=30s)']
MODEL OUTPUT C31 dev least-slack stock: strict first=6 ['fast_intra(uncached_expected<=4096,<=3s)', 'overall_intra(<=5s)', 'chain_start(<=30s)']; estimated first=6 ['overall_intra(<=5s)']
MODEL OUTPUT C31 dev edf-chain-weighted stock: strict first=6 ['fast_intra(uncached_expected<=4096,<=3s)', 'overall_intra(<=5s)', 'chain_start(<=30s)']; estimated first=6 ['chain_start(<=30s)']
MODEL OUTPUT C31 dev edf-chain-weighted role_conservative: strict first=6 ['fast_intra(uncached_expected<=4096,<=3s)', 'overall_intra(<=5s)', 'chain_start(<=30s)']; estimated first=6 ['chain_start(<=30s)']
MODEL OUTPUT C42 dev fcfs stock: strict first=6 ['fast_intra(uncached_expected<=4096,<=3s)', 'overall_intra(<=5s)', 'turn_start(<=15s)']; estimated first=6 ['fast_intra(uncached_expected<=4096,<=3s)', 'overall_intra(<=5s)']
MODEL OUTPUT C42 dev spf-upstream stock: strict first=6 ['fast_intra(uncached_expected<=4096,<=3s)', 'chain_start(<=30s)']; estimated first=10 ['fast_intra(uncached_expected<=4096,<=3s)']
MODEL OUTPUT C42 dev spf-upstream role_conservative: strict first=6 ['fast_intra(uncached_expected<=4096,<=3s)', 'chain_start(<=30s)']; estimated first=10 ['fast_intra(uncached_expected<=4096,<=3s)', 'chain_start(<=30s)']
MODEL OUTPUT C42 dev edf stock: strict first=6 ['fast_intra(uncached_expected<=4096,<=3s)', 'overall_intra(<=5s)', 'chain_start(<=30s)']; estimated first=10 ['fast_intra(uncached_expected<=4096,<=3s)', 'overall_intra(<=5s)', 'chain_start(<=30s)']
MODEL OUTPUT C42 dev edf role_conservative: strict first=6 ['fast_intra(uncached_expected<=4096,<=3s)', 'overall_intra(<=5s)', 'chain_start(<=30s)']; estimated first=6 ['fast_intra(uncached_expected<=4096,<=3s)']
MODEL OUTPUT C42 dev least-slack stock: strict first=6 ['fast_intra(uncached_expected<=4096,<=3s)', 'overall_intra(<=5s)', 'chain_start(<=30s)']; estimated first=6 ['overall_intra(<=5s)']
MODEL OUTPUT C42 dev edf-chain-weighted stock: strict first=6 ['fast_intra(uncached_expected<=4096,<=3s)', 'overall_intra(<=5s)', 'chain_start(<=30s)']; estimated first=10 ['fast_intra(uncached_expected<=4096,<=3s)', 'overall_intra(<=5s)', 'chain_start(<=30s)']
MODEL OUTPUT C42 dev edf-chain-weighted role_conservative: strict first=6 ['fast_intra(uncached_expected<=4096,<=3s)', 'chain_start(<=30s)']; estimated first=10 ['fast_intra(uncached_expected<=4096,<=3s)', 'chain_start(<=30s)']
MODEL OUTPUT C43 dev fcfs stock: strict first=6 ['fast_intra(uncached_expected<=4096,<=3s)', 'overall_intra(<=5s)', 'turn_start(<=15s)']; estimated first=6 ['fast_intra(uncached_expected<=4096,<=3s)', 'overall_intra(<=5s)']
MODEL OUTPUT C43 dev spf-upstream stock: strict first=6 ['chain_start(<=30s)']; estimated first=10 ['fast_intra(uncached_expected<=4096,<=3s)', 'chain_start(<=30s)']
MODEL OUTPUT C43 dev spf-upstream role_conservative: strict first=6 ['fast_intra(uncached_expected<=4096,<=3s)', 'chain_start(<=30s)']; estimated first=10 ['fast_intra(uncached_expected<=4096,<=3s)', 'chain_start(<=30s)']
MODEL OUTPUT C43 dev edf stock: strict first=6 ['fast_intra(uncached_expected<=4096,<=3s)', 'overall_intra(<=5s)', 'chain_start(<=30s)']; estimated first=10 ['fast_intra(uncached_expected<=4096,<=3s)', 'overall_intra(<=5s)', 'chain_start(<=30s)']
MODEL OUTPUT C43 dev edf role_conservative: strict first=6 ['fast_intra(uncached_expected<=4096,<=3s)', 'overall_intra(<=5s)', 'chain_start(<=30s)']; estimated first=10 ['fast_intra(uncached_expected<=4096,<=3s)', 'overall_intra(<=5s)', 'chain_start(<=30s)']
MODEL OUTPUT C43 dev least-slack stock: strict first=6 ['fast_intra(uncached_expected<=4096,<=3s)', 'overall_intra(<=5s)', 'chain_start(<=30s)']; estimated first=6 ['fast_intra(uncached_expected<=4096,<=3s)', 'overall_intra(<=5s)']
MODEL OUTPUT C43 dev edf-chain-weighted stock: strict first=6 ['fast_intra(uncached_expected<=4096,<=3s)', 'chain_start(<=30s)']; estimated first=6 ['chain_start(<=30s)']
MODEL OUTPUT C43 dev edf-chain-weighted role_conservative: strict first=6 ['fast_intra(uncached_expected<=4096,<=3s)', 'chain_start(<=30s)']; estimated first=6 ['chain_start(<=30s)']
MODEL OUTPUT C6 formal-mix fcfs stock: strict first=10 ['fast_intra(uncached_expected<=4096,<=3s)', 'overall_intra(<=5s)', 'turn_start(<=15s)']; estimated first=10 ['fast_intra(uncached_expected<=4096,<=3s)', 'overall_intra(<=5s)']
MODEL OUTPUT C6 formal-mix spf-upstream stock: strict first=18 ['fast_intra(uncached_expected<=4096,<=3s)', 'overall_intra(<=5s)']; estimated first=18 ['fast_intra(uncached_expected<=4096,<=3s)']
MODEL OUTPUT C6 formal-mix spf-upstream role_conservative: strict first=14 ['fast_intra(uncached_expected<=4096,<=3s)']; estimated first=18 ['fast_intra(uncached_expected<=4096,<=3s)']
MODEL OUTPUT C6 formal-mix edf stock: strict first=10 ['fast_intra(uncached_expected<=4096,<=3s)']; estimated first=10 ['fast_intra(uncached_expected<=4096,<=3s)']
MODEL OUTPUT C6 formal-mix edf role_conservative: strict first=10 ['fast_intra(uncached_expected<=4096,<=3s)']; estimated first=14 ['fast_intra(uncached_expected<=4096,<=3s)', 'overall_intra(<=5s)']
MODEL OUTPUT C6 formal-mix least-slack stock: strict first=10 ['fast_intra(uncached_expected<=4096,<=3s)', 'overall_intra(<=5s)']; estimated first=10 ['fast_intra(uncached_expected<=4096,<=3s)', 'overall_intra(<=5s)']
MODEL OUTPUT C6 formal-mix edf-chain-weighted stock: strict first=10 ['fast_intra(uncached_expected<=4096,<=3s)']; estimated first=10 ['fast_intra(uncached_expected<=4096,<=3s)']
MODEL OUTPUT C6 formal-mix edf-chain-weighted role_conservative: strict first=10 ['fast_intra(uncached_expected<=4096,<=3s)']; estimated first=14 ['fast_intra(uncached_expected<=4096,<=3s)', 'overall_intra(<=5s)']
MODEL OUTPUT C17 formal-mix fcfs stock: strict first=10 ['fast_intra(uncached_expected<=4096,<=3s)', 'overall_intra(<=5s)']; estimated first=10 ['fast_intra(uncached_expected<=4096,<=3s)', 'overall_intra(<=5s)']
MODEL OUTPUT C17 formal-mix spf-upstream stock: strict first=18 ['fast_intra(uncached_expected<=4096,<=3s)']; estimated first=22 ['fast_intra(uncached_expected<=4096,<=3s)']
MODEL OUTPUT C17 formal-mix spf-upstream role_conservative: strict first=18 ['fast_intra(uncached_expected<=4096,<=3s)']; estimated first=18 ['fast_intra(uncached_expected<=4096,<=3s)']
MODEL OUTPUT C17 formal-mix edf stock: strict first=14 ['fast_intra(uncached_expected<=4096,<=3s)', 'overall_intra(<=5s)']; estimated first=14 ['fast_intra(uncached_expected<=4096,<=3s)', 'overall_intra(<=5s)']
MODEL OUTPUT C17 formal-mix edf role_conservative: strict first=14 ['fast_intra(uncached_expected<=4096,<=3s)', 'overall_intra(<=5s)']; estimated first=14 ['fast_intra(uncached_expected<=4096,<=3s)']
MODEL OUTPUT C17 formal-mix least-slack stock: strict first=10 ['fast_intra(uncached_expected<=4096,<=3s)', 'overall_intra(<=5s)']; estimated first=10 ['fast_intra(uncached_expected<=4096,<=3s)']
MODEL OUTPUT C17 formal-mix edf-chain-weighted stock: strict first=10 ['fast_intra(uncached_expected<=4096,<=3s)']; estimated first=14 ['fast_intra(uncached_expected<=4096,<=3s)', 'overall_intra(<=5s)']
MODEL OUTPUT C17 formal-mix edf-chain-weighted role_conservative: strict first=14 ['fast_intra(uncached_expected<=4096,<=3s)']; estimated first=14 ['fast_intra(uncached_expected<=4096,<=3s)']
MODEL OUTPUT C18 formal-mix fcfs stock: strict first=10 ['fast_intra(uncached_expected<=4096,<=3s)', 'overall_intra(<=5s)']; estimated first=10 ['fast_intra(uncached_expected<=4096,<=3s)', 'overall_intra(<=5s)']
MODEL OUTPUT C18 formal-mix spf-upstream stock: strict first=18 ['fast_intra(uncached_expected<=4096,<=3s)']; estimated first=18 ['fast_intra(uncached_expected<=4096,<=3s)']
MODEL OUTPUT C18 formal-mix spf-upstream role_conservative: strict first=18 ['fast_intra(uncached_expected<=4096,<=3s)']; estimated first=18 ['fast_intra(uncached_expected<=4096,<=3s)']
MODEL OUTPUT C18 formal-mix edf stock: strict first=10 ['fast_intra(uncached_expected<=4096,<=3s)']; estimated first=10 ['fast_intra(uncached_expected<=4096,<=3s)']
MODEL OUTPUT C18 formal-mix edf role_conservative: strict first=14 ['fast_intra(uncached_expected<=4096,<=3s)', 'overall_intra(<=5s)']; estimated first=14 ['fast_intra(uncached_expected<=4096,<=3s)', 'overall_intra(<=5s)']
MODEL OUTPUT C18 formal-mix least-slack stock: strict first=10 ['fast_intra(uncached_expected<=4096,<=3s)', 'overall_intra(<=5s)']; estimated first=10 ['fast_intra(uncached_expected<=4096,<=3s)', 'overall_intra(<=5s)']
MODEL OUTPUT C18 formal-mix edf-chain-weighted stock: strict first=10 ['fast_intra(uncached_expected<=4096,<=3s)']; estimated first=10 ['fast_intra(uncached_expected<=4096,<=3s)']
MODEL OUTPUT C18 formal-mix edf-chain-weighted role_conservative: strict first=14 ['fast_intra(uncached_expected<=4096,<=3s)', 'overall_intra(<=5s)']; estimated first=14 ['fast_intra(uncached_expected<=4096,<=3s)']
MODEL OUTPUT C19 formal-mix fcfs stock: strict first=10 ['fast_intra(uncached_expected<=4096,<=3s)', 'overall_intra(<=5s)']; estimated first=10 ['fast_intra(uncached_expected<=4096,<=3s)', 'overall_intra(<=5s)']
MODEL OUTPUT C19 formal-mix spf-upstream stock: strict first=18 ['fast_intra(uncached_expected<=4096,<=3s)', 'overall_intra(<=5s)']; estimated first=18 ['fast_intra(uncached_expected<=4096,<=3s)']
MODEL OUTPUT C19 formal-mix spf-upstream role_conservative: strict first=14 ['fast_intra(uncached_expected<=4096,<=3s)']; estimated first=18 ['fast_intra(uncached_expected<=4096,<=3s)']
MODEL OUTPUT C19 formal-mix edf stock: strict first=10 ['fast_intra(uncached_expected<=4096,<=3s)']; estimated first=10 ['fast_intra(uncached_expected<=4096,<=3s)']
MODEL OUTPUT C19 formal-mix edf role_conservative: strict first=14 ['fast_intra(uncached_expected<=4096,<=3s)', 'overall_intra(<=5s)']; estimated first=14 ['fast_intra(uncached_expected<=4096,<=3s)', 'overall_intra(<=5s)']
MODEL OUTPUT C19 formal-mix least-slack stock: strict first=10 ['fast_intra(uncached_expected<=4096,<=3s)', 'overall_intra(<=5s)']; estimated first=10 ['fast_intra(uncached_expected<=4096,<=3s)', 'overall_intra(<=5s)']
MODEL OUTPUT C19 formal-mix edf-chain-weighted stock: strict first=10 ['fast_intra(uncached_expected<=4096,<=3s)', 'overall_intra(<=5s)']; estimated first=10 ['fast_intra(uncached_expected<=4096,<=3s)']
MODEL OUTPUT C19 formal-mix edf-chain-weighted role_conservative: strict first=14 ['fast_intra(uncached_expected<=4096,<=3s)', 'overall_intra(<=5s)', 'turn_start(<=15s)']; estimated first=14 ['fast_intra(uncached_expected<=4096,<=3s)', 'overall_intra(<=5s)']
MODEL OUTPUT C31 formal-mix fcfs stock: strict first=10 ['fast_intra(uncached_expected<=4096,<=3s)', 'overall_intra(<=5s)']; estimated first=10 ['fast_intra(uncached_expected<=4096,<=3s)', 'overall_intra(<=5s)']
MODEL OUTPUT C31 formal-mix spf-upstream stock: strict first=18 ['fast_intra(uncached_expected<=4096,<=3s)']; estimated first=18 ['fast_intra(uncached_expected<=4096,<=3s)']
MODEL OUTPUT C31 formal-mix spf-upstream role_conservative: strict first=18 ['fast_intra(uncached_expected<=4096,<=3s)']; estimated first=18 ['fast_intra(uncached_expected<=4096,<=3s)']
MODEL OUTPUT C31 formal-mix edf stock: strict first=10 ['fast_intra(uncached_expected<=4096,<=3s)', 'overall_intra(<=5s)']; estimated first=10 ['fast_intra(uncached_expected<=4096,<=3s)']
MODEL OUTPUT C31 formal-mix edf role_conservative: strict first=14 ['fast_intra(uncached_expected<=4096,<=3s)', 'overall_intra(<=5s)']; estimated first=14 ['fast_intra(uncached_expected<=4096,<=3s)', 'overall_intra(<=5s)']
MODEL OUTPUT C31 formal-mix least-slack stock: strict first=10 ['fast_intra(uncached_expected<=4096,<=3s)', 'overall_intra(<=5s)']; estimated first=10 ['fast_intra(uncached_expected<=4096,<=3s)', 'overall_intra(<=5s)']
MODEL OUTPUT C31 formal-mix edf-chain-weighted stock: strict first=10 ['fast_intra(uncached_expected<=4096,<=3s)']; estimated first=10 ['fast_intra(uncached_expected<=4096,<=3s)']
MODEL OUTPUT C31 formal-mix edf-chain-weighted role_conservative: strict first=14 ['fast_intra(uncached_expected<=4096,<=3s)', 'overall_intra(<=5s)']; estimated first=14 ['fast_intra(uncached_expected<=4096,<=3s)']
MODEL OUTPUT C42 formal-mix fcfs stock: strict first=10 ['fast_intra(uncached_expected<=4096,<=3s)', 'overall_intra(<=5s)']; estimated first=10 ['fast_intra(uncached_expected<=4096,<=3s)', 'overall_intra(<=5s)']
MODEL OUTPUT C42 formal-mix spf-upstream stock: strict first=22 ['fast_intra(uncached_expected<=4096,<=3s)', 'chain_start(<=30s)']; estimated first=26 ['fast_intra(uncached_expected<=4096,<=3s)', 'chain_start(<=30s)']
MODEL OUTPUT C42 formal-mix spf-upstream role_conservative: strict first=22 ['fast_intra(uncached_expected<=4096,<=3s)']; estimated first=22 ['fast_intra(uncached_expected<=4096,<=3s)']
MODEL OUTPUT C42 formal-mix edf stock: strict first=14 ['fast_intra(uncached_expected<=4096,<=3s)', 'overall_intra(<=5s)']; estimated first=14 ['fast_intra(uncached_expected<=4096,<=3s)', 'overall_intra(<=5s)']
MODEL OUTPUT C42 formal-mix edf role_conservative: strict first=14 ['fast_intra(uncached_expected<=4096,<=3s)']; estimated first=14 ['fast_intra(uncached_expected<=4096,<=3s)']
MODEL OUTPUT C42 formal-mix least-slack stock: strict first=10 ['fast_intra(uncached_expected<=4096,<=3s)']; estimated first=10 ['fast_intra(uncached_expected<=4096,<=3s)']
MODEL OUTPUT C42 formal-mix edf-chain-weighted stock: strict first=14 ['fast_intra(uncached_expected<=4096,<=3s)', 'overall_intra(<=5s)']; estimated first=14 ['fast_intra(uncached_expected<=4096,<=3s)', 'overall_intra(<=5s)']
MODEL OUTPUT C42 formal-mix edf-chain-weighted role_conservative: strict first=14 ['fast_intra(uncached_expected<=4096,<=3s)']; estimated first=14 ['fast_intra(uncached_expected<=4096,<=3s)']
MODEL OUTPUT C43 formal-mix fcfs stock: strict first=10 ['fast_intra(uncached_expected<=4096,<=3s)', 'overall_intra(<=5s)']; estimated first=10 ['fast_intra(uncached_expected<=4096,<=3s)', 'overall_intra(<=5s)']
MODEL OUTPUT C43 formal-mix spf-upstream stock: strict first=22 ['fast_intra(uncached_expected<=4096,<=3s)', 'chain_start(<=30s)']; estimated first=22 ['fast_intra(uncached_expected<=4096,<=3s)']
MODEL OUTPUT C43 formal-mix spf-upstream role_conservative: strict first=18 ['fast_intra(uncached_expected<=4096,<=3s)']; estimated first=22 ['fast_intra(uncached_expected<=4096,<=3s)']
MODEL OUTPUT C43 formal-mix edf stock: strict first=10 ['fast_intra(uncached_expected<=4096,<=3s)']; estimated first=10 ['fast_intra(uncached_expected<=4096,<=3s)']
MODEL OUTPUT C43 formal-mix edf role_conservative: strict first=14 ['fast_intra(uncached_expected<=4096,<=3s)', 'overall_intra(<=5s)']; estimated first=14 ['fast_intra(uncached_expected<=4096,<=3s)']
MODEL OUTPUT C43 formal-mix least-slack stock: strict first=10 ['fast_intra(uncached_expected<=4096,<=3s)', 'overall_intra(<=5s)']; estimated first=10 ['fast_intra(uncached_expected<=4096,<=3s)', 'overall_intra(<=5s)']
MODEL OUTPUT C43 formal-mix edf-chain-weighted stock: strict first=10 ['fast_intra(uncached_expected<=4096,<=3s)']; estimated first=10 ['fast_intra(uncached_expected<=4096,<=3s)']
MODEL OUTPUT C43 formal-mix edf-chain-weighted role_conservative: strict first=14 ['fast_intra(uncached_expected<=4096,<=3s)', 'overall_intra(<=5s)']; estimated first=14 ['fast_intra(uncached_expected<=4096,<=3s)']
