Looking in indexes: https://mirrors.ivolces.com/pypi/simple
Collecting z3-solver==4.15.4.0
  Downloading https://mirrors.ivolces.com/pypi/packages/21/c9/bb51a96af0091324c81b803f16c49f719f9f6ea0b0bb52200f5c97ec4892/z3_solver-4.15.4.0-py3-none-manylinux_2_17_x86_64.manylinux2014_x86_64.whl (29.3 MB)
     ━━━━━━━━━━━━━━━━━━━━━━━━━━━━━━━━━━━━━━━━ 29.3/29.3 MB 24.4 MB/s eta 0:00:00
Installing collected packages: z3-solver
ERROR: pip's dependency resolver does not currently take into account all the packages that are installed. This behaviour is the source of the following dependency conflicts.
tilelang 0.1.12 requires ml-dtypes, which is not installed.
tilelang 0.1.12 requires torch-c-dlpack-ext; python_version < "3.14", which is not installed.
sglang 0.5.20 requires flash-attn-4>=4.0.0b18, which is not installed.
sglang 0.5.20 requires humming-kernels[cu13]==0.1.12, which is not installed.
sglang 0.5.20 requires kernels<0.15,>=0.14.1, which is not installed.
sglang 0.5.20 requires modelscope, which is not installed.
sglang 0.5.20 requires nvidia-mathdx==25.6.0, which is not installed.
sglang 0.5.20 requires nvshmem4py-cu13, which is not installed.
sglang 0.5.20 requires py-spy, which is not installed.
sglang 0.5.20 requires quack-kernels==0.6.4, which is not installed.
sglang 0.5.20 requires sgl-deep-ep==0.1.2, which is not installed.
sglang 0.5.20 requires smg-grpc-servicer>=0.9.0, which is not installed.
sglang 0.5.20 requires timm==1.0.16, which is not installed.
sglang 0.5.20 requires tokenspeed_mla==0.1.8, which is not installed.
sglang 0.5.20 requires torchaudio==2.11.0, which is not installed.
sglang 0.5.20 requires torchcodec==0.15.0; sys_platform != "linux" or (sys_platform == "linux" and platform_machine != "aarch64" and platform_machine != "arm64" and platform_machine != "armv7l"), which is not installed.
sglang 0.5.20 requires sgl-deep-gemm==0.2.0, but you have sgl-deep-gemm 0.1.5.post3 which is incompatible.
sglang 0.5.20 requires sglang-kernel==0.4.7, but you have sglang-kernel 0.4.6.post1 which is incompatible.
Successfully installed z3-solver-4.15.4.0

[notice] A new release of pip is available: 25.0.1 -> 26.2.1
[notice] To update, run: /sjtu/linhang/arena/env/m0/bin/python -m pip install --upgrade pip
