Tue Sep 22 22:50:47 2026       
+---------------------------------------------------------------------------------------+
| NVIDIA-SMI 535.129.03             Driver Version: 535.129.03   CUDA Version: 13.0     |
|-----------------------------------------+----------------------+----------------------+
| GPU  Name                 Persistence-M | Bus-Id        Disp.A | Volatile Uncorr. ECC |
| Fan  Temp   Perf          Pwr:Usage/Cap |         Memory-Usage | GPU-Util  Compute M. |
|                                         |                      |               MIG M. |
|=========================================+======================+======================|
|   0  NVIDIA A100-SXM4-80GB          On  | 00000000:67:02.0 Off |                    0 |
| N/A   30C    P0              60W / 400W |      4MiB / 81920MiB |      0%      Default |
|                                         |                      |             Disabled |
+-----------------------------------------+----------------------+----------------------+
|   1  NVIDIA A100-SXM4-80GB          On  | 00000000:67:03.0 Off |                    0 |
| N/A   31C    P0              71W / 400W |   1597MiB / 81920MiB |      0%      Default |
|                                         |                      |             Disabled |
+-----------------------------------------+----------------------+----------------------+
                                                                                         
+---------------------------------------------------------------------------------------+
| Processes:                                                                            |
|  GPU   GI   CI        PID   Type   Process name                            GPU Memory |
|        ID   ID                                                             Usage      |
|=======================================================================================|
+---------------------------------------------------------------------------------------+
{"gpu": "NVIDIA A100-SXM4-80GB", "kind": "environment", "torch": "2.13.0+cu130", "triton": "3.7.1"}
{"kind": "indexer_verify_B6N4_prefill", "paged": {"exact": false, "max_abs": 1.430511474609375e-06, "rel_l2": 8.064528600471021e-08}, "prefill": {"exact": false, "max_abs": 1.430511474609375e-06, "rel_l2": 7.878614383116656e-08}, "status": "PASS"}
{"group": "indexer", "kind": "complete", "status": "PASS"}
