Tue Sep 22 23:08:22 2026       
+---------------------------------------------------------------------------------------+
| NVIDIA-SMI 535.129.03             Driver Version: 535.129.03   CUDA Version: 13.0     |
|-----------------------------------------+----------------------+----------------------+
| GPU  Name                 Persistence-M | Bus-Id        Disp.A | Volatile Uncorr. ECC |
| Fan  Temp   Perf          Pwr:Usage/Cap |         Memory-Usage | GPU-Util  Compute M. |
|                                         |                      |               MIG M. |
|=========================================+======================+======================|
|   0  NVIDIA A100-SXM4-80GB          On  | 00000000:67:02.0 Off |                    0 |
| N/A   30C    P0              60W / 400W |      4MiB / 81920MiB |      0%      Default |
|                                         |                      |             Disabled |
+-----------------------------------------+----------------------+----------------------+
|   1  NVIDIA A100-SXM4-80GB          On  | 00000000:67:03.0 Off |                    0 |
| N/A   31C    P0              62W / 400W |      4MiB / 81920MiB |      0%      Default |
|                                         |                      |             Disabled |
+-----------------------------------------+----------------------+----------------------+
                                                                                         
+---------------------------------------------------------------------------------------+
| Processes:                                                                            |
|  GPU   GI   CI        PID   Type   Process name                            GPU Memory |
|        ID   ID                                                             Usage      |
|=======================================================================================|
|  No running processes found                                                           |
+---------------------------------------------------------------------------------------+
Your GPU does not have native support for FP8 computation but FP8 quantization is being used. Weight-only FP8 compression will be used leveraging the Marlin kernel. This may degrade performance for compute-heavy workloads.
M=1 rel_err=5.78e-03 time=0.479ms
M=6 rel_err=5.89e-03 time=0.467ms
M=24 rel_err=5.88e-03 time=0.482ms
M=32 rel_err=5.84e-03 time=0.494ms
graph replay rel_err=5.80e-03
MOE_CLIP10_PASS
DENSE M=1 N=1536 K=4096 rel_err=0.00272921 graph_rel_err=0.00279582 PASS
DENSE M=6 N=1536 K=4096 rel_err=0.0027727 graph_rel_err=0.00279862 PASS
DENSE M=24 N=1536 K=4096 rel_err=0.00277257 graph_rel_err=0.00277419 PASS
DENSE M=1 N=512 K=4096 rel_err=0.00259622 graph_rel_err=0.00276899 PASS
DENSE M=6 N=512 K=4096 rel_err=0.00278723 graph_rel_err=0.00281093 PASS
DENSE M=24 N=512 K=4096 rel_err=0.00274562 graph_rel_err=0.00276257 PASS
DENSE M=1 N=4096 K=512 rel_err=0.00278868 graph_rel_err=0.00284272 PASS
DENSE M=6 N=4096 K=512 rel_err=0.00279771 graph_rel_err=0.00281546 PASS
DENSE M=24 N=4096 K=512 rel_err=0.00281793 graph_rel_err=0.00281451 PASS
MARLIN_ALL_PASS
