Your GPU does not have native support for FP8 computation but FP8 quantization is being used. Weight-only FP8 compression will be used leveraging the Marlin kernel. This may degrade performance for compute-heavy workloads.
Cannot fingerprint compiler /usr/local/cuda/bin/nvcc: [Errno 2] No such file or directory: '/usr/local/cuda/bin/nvcc'
Traceback (most recent call last):
  File "/sjtu/linhang/arena/code/T48/test_fp8_moe_marlin_sm80.py", line 26, in <module>
    prepare_moe_fp8_layer_for_marlin(m, size_k_first=False)
  File "/sjtu/linhang/arena/code/T48/candidate/sglang/srt/layers/quantization/marlin_utils_fp8.py", line 237, in prepare_moe_fp8_layer_for_marlin
    marlin_qweight = gptq_marlin_repack(
                     ^^^^^^^^^^^^^^^^^^^
  File "/sjtu/linhang/arena/code/T48/candidate/sglang/kernels/ops/quantization/gptq_marlin_repack.py", line 43, in gptq_marlin_repack
    module = _jit_gptq_marlin_repack_module()
             ^^^^^^^^^^^^^^^^^^^^^^^^^^^^^^^^
  File "/sjtu/linhang/arena/code/T48/candidate/sglang/kernels/jit/utils/common.py", line 38, in wrapper
    result_map[key] = fn(*args, **kwargs)
                      ^^^^^^^^^^^^^^^^^^^
  File "/sjtu/linhang/arena/code/T48/candidate/sglang/kernels/ops/quantization/gptq_marlin_repack.py", line 19, in _jit_gptq_marlin_repack_module
    return load_jit(
           ^^^^^^^^^
  File "/sjtu/linhang/arena/env/sgl/lib/python3.12/site-packages/torch/_dynamo/eval_frame.py", line 1446, in _fn
    return fn(*args, **kwargs)
           ^^^^^^^^^^^^^^^^^^^
  File "/sjtu/linhang/arena/code/T48/candidate/sglang/kernels/jit/utils/compile/loader.py", line 159, in load_jit
    library = ninja.build(spec=spec, build_dir=staging, build_file=build_file)
              ^^^^^^^^^^^^^^^^^^^^^^^^^^^^^^^^^^^^^^^^^^^^^^^^^^^^^^^^^^^^^^^^
  File "/sjtu/linhang/arena/code/T48/candidate/sglang/kernels/jit/utils/compile/ninja.py", line 159, in build
    completed = subprocess.run(
                ^^^^^^^^^^^^^^^
  File "/sjtu/linhang/arena/env/sgl/lib/python3.12/subprocess.py", line 548, in run
    with Popen(*popenargs, **kwargs) as process:
         ^^^^^^^^^^^^^^^^^^^^^^^^^^^
  File "/sjtu/linhang/arena/env/sgl/lib/python3.12/subprocess.py", line 1026, in __init__
    self._execute_child(args, executable, preexec_fn, close_fds,
  File "/sjtu/linhang/arena/env/sgl/lib/python3.12/subprocess.py", line 1955, in _execute_child
    raise child_exception_type(errno_num, err_msg, err_filename)
FileNotFoundError: [Errno 2] No such file or directory: 'ninja'
