Tue Sep 22 22:41:11 2026       
+---------------------------------------------------------------------------------------+
| NVIDIA-SMI 535.129.03             Driver Version: 535.129.03   CUDA Version: 13.0     |
|-----------------------------------------+----------------------+----------------------+
| GPU  Name                 Persistence-M | Bus-Id        Disp.A | Volatile Uncorr. ECC |
| Fan  Temp   Perf          Pwr:Usage/Cap |         Memory-Usage | GPU-Util  Compute M. |
|                                         |                      |               MIG M. |
|=========================================+======================+======================|
|   0  NVIDIA A100-SXM4-80GB          On  | 00000000:67:02.0 Off |                    0 |
| N/A   29C    P0              60W / 400W |      4MiB / 81920MiB |      0%      Default |
|                                         |                      |             Disabled |
+-----------------------------------------+----------------------+----------------------+
|   1  NVIDIA A100-SXM4-80GB          On  | 00000000:67:03.0 Off |                    0 |
| N/A   30C    P0              61W / 400W |      4MiB / 81920MiB |      0%      Default |
|                                         |                      |             Disabled |
+-----------------------------------------+----------------------+----------------------+
                                                                                         
+---------------------------------------------------------------------------------------+
| Processes:                                                                            |
|  GPU   GI   CI        PID   Type   Process name                            GPU Memory |
|        ID   ID                                                             Usage      |
|=======================================================================================|
|  No running processes found                                                           |
+---------------------------------------------------------------------------------------+
{"gpu": "NVIDIA A100-SXM4-80GB", "kind": "environment", "torch": "2.13.0+cu130", "triton": "3.7.1"}
Traceback (most recent call last):
  File "/sjtu/linhang/arena/code/T48/test_mtp_sm80_160.py", line 239, in <module>
    if __name__=='__main__':main()
                            ^^^^^^
  File "/sjtu/linhang/arena/code/T48/test_mtp_sm80_160.py", line 234, in main
    elif args.group=='small':small()
                             ^^^^^^^
  File "/sjtu/linhang/arena/env/sgl/lib/python3.12/site-packages/torch/utils/_contextlib.py", line 124, in decorate_context
    return func(*args, **kwargs)
           ^^^^^^^^^^^^^^^^^^^^^
  File "/sjtu/linhang/arena/code/T48/test_mtp_sm80_160.py", line 131, in small
    from sglang.kernels.ops.layernorm.fused_eh_norm import fused_eh_norm
  File "/sjtu/linhang/arena/code/T48/candidate/sglang/kernels/ops/layernorm/fused_eh_norm.py", line 7, in <module>
    from sglang.kernels.jit.utils import (
  File "/sjtu/linhang/arena/code/T48/candidate/sglang/kernels/jit/utils/__init__.py", line 17, in <module>
    from sglang.kernels.jit.utils.compile import KERNEL_PATH, load_jit, make_cpp_args
  File "/sjtu/linhang/arena/code/T48/candidate/sglang/kernels/jit/utils/compile/__init__.py", line 24, in <module>
    from sglang.kernels.jit.utils.compile.loader import load_jit
  File "/sjtu/linhang/arena/code/T48/candidate/sglang/kernels/jit/utils/compile/loader.py", line 18, in <module>
    from sglang.kernels.jit.utils.compile import cache, ninja
  File "/sjtu/linhang/arena/code/T48/candidate/sglang/kernels/jit/utils/compile/cache.py", line 61, in <module>
    from sglang.kernels.jit.utils.compile.paths import KERNEL_PATH
  File "/sjtu/linhang/arena/code/T48/candidate/sglang/kernels/jit/utils/compile/paths.py", line 29, in <module>
    KERNEL_PATH = _resolve_kernel_path()
                  ^^^^^^^^^^^^^^^^^^^^^^
  File "/sjtu/linhang/arena/code/T48/candidate/sglang/kernels/jit/utils/common.py", line 38, in wrapper
    result_map[key] = fn(*args, **kwargs)
                      ^^^^^^^^^^^^^^^^^^^
  File "/sjtu/linhang/arena/code/T48/candidate/sglang/kernels/jit/utils/compile/paths.py", line 18, in _resolve_kernel_path
    spec = importlib.util.find_spec("sglang.kernels.jit")
           ^^^^^^^^^^^^^^^^^^^^^^^^^^^^^^^^^^^^^^^^^^^^^^
  File "<frozen importlib.util>", line 111, in find_spec
ValueError: sglang.kernels.jit.__spec__ is None
