{
  "validity": "MTP_NUMERICAL_DIAGNOSTIC",
  "passed": true,
  "tolerance": 0.01,
  "test": "/sjtu/linhang/arena/runs/dcp-mtp-20260926/mtp_tp2_compact13",
  "reference": "/sjtu/linhang/arena/runs/dcp-mtp-20260926/mtp_tp2_accept_dcp13",
  "missing_trace_files": [],
  "missing_phases": [],
  "signals_present": true,
  "phases": {
    "draft:EXTEND": {
      "observations": 8,
      "max_relative_linf": 0.0,
      "max_ref_signal": 0.0150146484375,
      "passed": true
    },
    "draft:DECODE": {
      "observations": 96,
      "max_relative_linf": 0.0,
      "max_ref_signal": 0.0150146484375,
      "passed": true
    },
    "draft:DRAFT_EXTEND_V2": {
      "observations": 48,
      "max_relative_linf": 0.0,
      "max_ref_signal": 0.00836181640625,
      "passed": true
    },
    "target:EXTEND": {
      "observations": 16,
      "max_relative_linf": 0.0,
      "max_ref_signal": 0.01171875,
      "passed": true
    },
    "target:TARGET_VERIFY": {
      "observations": 96,
      "max_relative_linf": 0.0,
      "max_ref_signal": 0.00787353515625,
      "passed": true
    }
  },
  "responses": [
    {
      "case": "short_local_empty",
      "same_fixture": true,
      "same_tokens": true,
      "test_accept_histogram": [
        2,
        1,
        1,
        1
      ],
      "ref_accept_histogram": [
        2,
        1,
        1,
        1
      ]
    },
    {
      "case": "cold",
      "same_fixture": true,
      "same_tokens": true,
      "test_accept_histogram": [
        2,
        1,
        1,
        1
      ],
      "ref_accept_histogram": [
        2,
        1,
        1,
        1
      ]
    },
    {
      "case": "prefix",
      "same_fixture": true,
      "same_tokens": true,
      "test_accept_histogram": [
        2,
        1,
        1,
        1
      ],
      "ref_accept_histogram": [
        2,
        1,
        1,
        1
      ]
    },
    {
      "case": "longer_prefix",
      "same_fixture": true,
      "same_tokens": true,
      "test_accept_histogram": [
        2,
        1,
        1,
        1
      ],
      "ref_accept_histogram": [
        2,
        1,
        1,
        1
      ]
    }
  ],
  "limitations": "Scaled model and observed acceptance only; no TP8, performance, or SLO claim."
}
