test_dcp_round_trip_and_virtual_indexer_capacity (test_180_glm_host_pools.TestGlmHostTier.test_dcp_round_trip_and_virtual_indexer_capacity)
Real host controller/kernel route for both shard owners, W=2/4/8. ... <frozen importlib._bootstrap>:488: DeprecationWarning: builtin type SwigPyPacked has no __module__ attribute
<frozen importlib._bootstrap>:488: DeprecationWarning: builtin type SwigPyObject has no __module__ attribute
/sjtu/linhang/arena/env/sgl/lib/python3.12/site-packages/torch/jit/_script.py:365: DeprecationWarning: `torch.jit.script_method` is deprecated. Please switch to `torch.compile` or `torch.export`.
  warnings.warn(

  test_dcp_round_trip_and_virtual_indexer_capacity (test_180_glm_host_pools.TestGlmHostTier.test_dcp_round_trip_and_virtual_indexer_capacity) (width=2, rank=0)
Real host controller/kernel route for both shard owners, W=2/4/8. ... FAIL
  test_dcp_round_trip_and_virtual_indexer_capacity (test_180_glm_host_pools.TestGlmHostTier.test_dcp_round_trip_and_virtual_indexer_capacity) (width=2, rank=1)
Real host controller/kernel route for both shard owners, W=2/4/8. ... FAIL
  test_dcp_round_trip_and_virtual_indexer_capacity (test_180_glm_host_pools.TestGlmHostTier.test_dcp_round_trip_and_virtual_indexer_capacity) (width=4, rank=0)
Real host controller/kernel route for both shard owners, W=2/4/8. ... FAIL
  test_dcp_round_trip_and_virtual_indexer_capacity (test_180_glm_host_pools.TestGlmHostTier.test_dcp_round_trip_and_virtual_indexer_capacity) (width=4, rank=3)
Real host controller/kernel route for both shard owners, W=2/4/8. ... FAIL
  test_dcp_round_trip_and_virtual_indexer_capacity (test_180_glm_host_pools.TestGlmHostTier.test_dcp_round_trip_and_virtual_indexer_capacity) (width=8, rank=0)
Real host controller/kernel route for both shard owners, W=2/4/8. ... FAIL
  test_dcp_round_trip_and_virtual_indexer_capacity (test_180_glm_host_pools.TestGlmHostTier.test_dcp_round_trip_and_virtual_indexer_capacity) (width=8, rank=7)
Real host controller/kernel route for both shard owners, W=2/4/8. ... FAIL

======================================================================
FAIL: test_dcp_round_trip_and_virtual_indexer_capacity (test_180_glm_host_pools.TestGlmHostTier.test_dcp_round_trip_and_virtual_indexer_capacity) (width=2, rank=0)
Real host controller/kernel route for both shard owners, W=2/4/8.
----------------------------------------------------------------------
Traceback (most recent call last):
  File "/sjtu/linhang/arena/runs/dcp-mtp-20260926/scripts/tests/hicache180/test_180_glm_host_pools.py", line 163, in test_dcp_round_trip_and_virtual_indexer_capacity
    self._round_trip(True, dcp_width=width, dcp_rank=rank)
  File "/sjtu/linhang/arena/runs/dcp-mtp-20260926/scripts/tests/hicache180/test_180_glm_host_pools.py", line 175, in _round_trip
    self.assertGreaterEqual(indexer.shape[0] * pool.page_size, required_rows)
AssertionError: 4160 not greater than or equal to 8320

======================================================================
FAIL: test_dcp_round_trip_and_virtual_indexer_capacity (test_180_glm_host_pools.TestGlmHostTier.test_dcp_round_trip_and_virtual_indexer_capacity) (width=2, rank=1)
Real host controller/kernel route for both shard owners, W=2/4/8.
----------------------------------------------------------------------
Traceback (most recent call last):
  File "/sjtu/linhang/arena/runs/dcp-mtp-20260926/scripts/tests/hicache180/test_180_glm_host_pools.py", line 163, in test_dcp_round_trip_and_virtual_indexer_capacity
    self._round_trip(True, dcp_width=width, dcp_rank=rank)
  File "/sjtu/linhang/arena/runs/dcp-mtp-20260926/scripts/tests/hicache180/test_180_glm_host_pools.py", line 175, in _round_trip
    self.assertGreaterEqual(indexer.shape[0] * pool.page_size, required_rows)
AssertionError: 4160 not greater than or equal to 8320

======================================================================
FAIL: test_dcp_round_trip_and_virtual_indexer_capacity (test_180_glm_host_pools.TestGlmHostTier.test_dcp_round_trip_and_virtual_indexer_capacity) (width=4, rank=0)
Real host controller/kernel route for both shard owners, W=2/4/8.
----------------------------------------------------------------------
Traceback (most recent call last):
  File "/sjtu/linhang/arena/runs/dcp-mtp-20260926/scripts/tests/hicache180/test_180_glm_host_pools.py", line 163, in test_dcp_round_trip_and_virtual_indexer_capacity
    self._round_trip(True, dcp_width=width, dcp_rank=rank)
  File "/sjtu/linhang/arena/runs/dcp-mtp-20260926/scripts/tests/hicache180/test_180_glm_host_pools.py", line 175, in _round_trip
    self.assertGreaterEqual(indexer.shape[0] * pool.page_size, required_rows)
AssertionError: 4160 not greater than or equal to 16640

======================================================================
FAIL: test_dcp_round_trip_and_virtual_indexer_capacity (test_180_glm_host_pools.TestGlmHostTier.test_dcp_round_trip_and_virtual_indexer_capacity) (width=4, rank=3)
Real host controller/kernel route for both shard owners, W=2/4/8.
----------------------------------------------------------------------
Traceback (most recent call last):
  File "/sjtu/linhang/arena/runs/dcp-mtp-20260926/scripts/tests/hicache180/test_180_glm_host_pools.py", line 163, in test_dcp_round_trip_and_virtual_indexer_capacity
    self._round_trip(True, dcp_width=width, dcp_rank=rank)
  File "/sjtu/linhang/arena/runs/dcp-mtp-20260926/scripts/tests/hicache180/test_180_glm_host_pools.py", line 175, in _round_trip
    self.assertGreaterEqual(indexer.shape[0] * pool.page_size, required_rows)
AssertionError: 4160 not greater than or equal to 16640

======================================================================
FAIL: test_dcp_round_trip_and_virtual_indexer_capacity (test_180_glm_host_pools.TestGlmHostTier.test_dcp_round_trip_and_virtual_indexer_capacity) (width=8, rank=0)
Real host controller/kernel route for both shard owners, W=2/4/8.
----------------------------------------------------------------------
Traceback (most recent call last):
  File "/sjtu/linhang/arena/runs/dcp-mtp-20260926/scripts/tests/hicache180/test_180_glm_host_pools.py", line 163, in test_dcp_round_trip_and_virtual_indexer_capacity
    self._round_trip(True, dcp_width=width, dcp_rank=rank)
  File "/sjtu/linhang/arena/runs/dcp-mtp-20260926/scripts/tests/hicache180/test_180_glm_host_pools.py", line 175, in _round_trip
    self.assertGreaterEqual(indexer.shape[0] * pool.page_size, required_rows)
AssertionError: 4160 not greater than or equal to 33280

======================================================================
FAIL: test_dcp_round_trip_and_virtual_indexer_capacity (test_180_glm_host_pools.TestGlmHostTier.test_dcp_round_trip_and_virtual_indexer_capacity) (width=8, rank=7)
Real host controller/kernel route for both shard owners, W=2/4/8.
----------------------------------------------------------------------
Traceback (most recent call last):
  File "/sjtu/linhang/arena/runs/dcp-mtp-20260926/scripts/tests/hicache180/test_180_glm_host_pools.py", line 163, in test_dcp_round_trip_and_virtual_indexer_capacity
    self._round_trip(True, dcp_width=width, dcp_rank=rank)
  File "/sjtu/linhang/arena/runs/dcp-mtp-20260926/scripts/tests/hicache180/test_180_glm_host_pools.py", line 175, in _round_trip
    self.assertGreaterEqual(indexer.shape[0] * pool.page_size, required_rows)
AssertionError: 4160 not greater than or equal to 33280

----------------------------------------------------------------------
Ran 1 test in 4.841s

FAILED (failures=6)
sys:1: DeprecationWarning: builtin type swigvarlink has no __module__ attribute
