Tue Sep 22 20:25:51 2026       
+---------------------------------------------------------------------------------------+
| NVIDIA-SMI 535.129.03             Driver Version: 535.129.03   CUDA Version: 13.0     |
|-----------------------------------------+----------------------+----------------------+
| GPU  Name                 Persistence-M | Bus-Id        Disp.A | Volatile Uncorr. ECC |
| Fan  Temp   Perf          Pwr:Usage/Cap |         Memory-Usage | GPU-Util  Compute M. |
|                                         |                      |               MIG M. |
|=========================================+======================+======================|
|   0  NVIDIA A100-SXM4-80GB          On  | 00000000:67:02.0 Off |                    0 |
| N/A   30C    P0              60W / 400W |      4MiB / 81920MiB |      0%      Default |
|                                         |                      |             Disabled |
+-----------------------------------------+----------------------+----------------------+
|   1  NVIDIA A100-SXM4-80GB          On  | 00000000:67:03.0 Off |                    0 |
| N/A   31C    P0              62W / 400W |      4MiB / 81920MiB |      0%      Default |
|                                         |                      |             Disabled |
+-----------------------------------------+----------------------+----------------------+
                                                                                         
+---------------------------------------------------------------------------------------+
| Processes:                                                                            |
|  GPU   GI   CI        PID   Type   Process name                            GPU Memory |
|        ID   ID                                                             Usage      |
|=======================================================================================|
|  No running processes found                                                           |
+---------------------------------------------------------------------------------------+
{"capability": [8, 0], "device": "NVIDIA A100-SXM4-80GB", "files": {"kernels/ops/attention/fla/chunk_delta_h.py": "8cceaadccb3744ec1cc8d52ab581339129d70bed4de603f8c18848b78839ae93", "kernels/ops/attention/fla/kda.py": "153d7d2450532a4e04c10ab511c62af5447b0faaee131c50630e7c61f68c5991", "kernels/ops/attention/fla/kda_snapshot.py": "2ec79796dc8b2ed0705ce1faa076b20701c972bea9959d19f679f15403c097d5", "srt/hardware_backend/xpu/kernels/fla/chunk_delta_h.py": "0c4ed9c26ae0529f661ab906d7c35c6cb26e07358aadc09b36690cecd7c84754"}, "kind": "environment", "torch": "2.13.0+cu130", "triton": "3.7.1"}
/sjtu/linhang/arena/env/sgl/lib/python3.12/site-packages/triton/language/core.py:2284: UserWarning: tl.make_block_ptr is deprecated. Use TensorDescriptor or tl.make_tensor_descriptor instead.
  warn("tl.make_block_ptr is deprecated. Use TensorDescriptor or tl.make_tensor_descriptor instead.")
Traceback (most recent call last):
  File "/sjtu/linhang/arena/code/T45/test_kda_snapshot_140.py", line 240, in <module>
    main()
  File "/sjtu/linhang/arena/code/T45/test_kda_snapshot_140.py", line 235, in main
    run_case(*case)
  File "/sjtu/linhang/arena/env/sgl/lib/python3.12/site-packages/torch/utils/_contextlib.py", line 124, in decorate_context
    return func(*args, **kwargs)
           ^^^^^^^^^^^^^^^^^^^^^
  File "/sjtu/linhang/arena/code/T45/test_kda_snapshot_140.py", line 148, in run_case
    assert off_baseline_output['equal'] and off_baseline_final['equal']
           ^^^^^^^^^^^^^^^^^^^^^^^^^^^^^^^^^^^^^^^^^^^^^^^^^^^^^^^^^^^^
AssertionError
