Tue Sep 22 20:34:43 2026       
+---------------------------------------------------------------------------------------+
| NVIDIA-SMI 535.129.03             Driver Version: 535.129.03   CUDA Version: 13.0     |
|-----------------------------------------+----------------------+----------------------+
| GPU  Name                 Persistence-M | Bus-Id        Disp.A | Volatile Uncorr. ECC |
| Fan  Temp   Perf          Pwr:Usage/Cap |         Memory-Usage | GPU-Util  Compute M. |
|                                         |                      |               MIG M. |
|=========================================+======================+======================|
|   0  NVIDIA A100-SXM4-80GB          On  | 00000000:67:02.0 Off |                    0 |
| N/A   30C    P0              60W / 400W |      4MiB / 81920MiB |      0%      Default |
|                                         |                      |             Disabled |
+-----------------------------------------+----------------------+----------------------+
|   1  NVIDIA A100-SXM4-80GB          On  | 00000000:67:03.0 Off |                    0 |
| N/A   31C    P0              62W / 400W |      4MiB / 81920MiB |      0%      Default |
|                                         |                      |             Disabled |
+-----------------------------------------+----------------------+----------------------+
                                                                                         
+---------------------------------------------------------------------------------------+
| Processes:                                                                            |
|  GPU   GI   CI        PID   Type   Process name                            GPU Memory |
|        ID   ID                                                             Usage      |
|=======================================================================================|
|  No running processes found                                                           |
+---------------------------------------------------------------------------------------+
{"capability": [8, 0], "device": "NVIDIA A100-SXM4-80GB", "files": {"kernels/ops/attention/fla/chunk_delta_h.py": "4e24e178a2b4dfbb5f4ad5ee0a86e9371f0a273e7822dd1bff7509bfd93ecd24", "kernels/ops/attention/fla/chunk_delta_h_snapshot.py": "ee6301244990657e4418f445493f65f4f0bfaad459142c5a797e3a36bed68cc2", "kernels/ops/attention/fla/kda.py": "153d7d2450532a4e04c10ab511c62af5447b0faaee131c50630e7c61f68c5991", "kernels/ops/attention/fla/kda_snapshot.py": "2ec79796dc8b2ed0705ce1faa076b20701c972bea9959d19f679f15403c097d5", "srt/hardware_backend/xpu/kernels/fla/chunk_delta_h.py": "0c4ed9c26ae0529f661ab906d7c35c6cb26e07358aadc09b36690cecd7c84754", "srt/layers/attention/linear/kda_backend.py": "bfd038fdec7b63a9fd65fbe5ebe88d49a124af575268eacea1aab8ebe16614ad", "srt/layers/attention/linear/kernels/kda_triton.py": "3b13e2ebbdc727ba7da3ce86348acf57bd65c2f396835a1bbaa783f8c7de1c14"}, "kind": "environment", "torch": "2.13.0+cu130", "triton": "3.7.1"}
{"final": {"elements": 2097152, "equal": true, "max_abs": 0.0, "rms": 0.0}, "kind": "off_check", "lengths": [273, 337], "output": {"elements": 4997120, "equal": true, "max_abs": 0.0, "rms": 0.0}}
{"boundaries": [128, 192], "boundary": {"elements": 2097152, "equal": true, "max_abs": 0.0, "rms": 0.0}, "conv": {"elements": 147456, "equal": true, "max_abs": 0.0, "rms": 0.0}, "dim": 128, "end": {"elements": 2097152, "equal": true, "max_abs": 0.0, "rms": 0.0}, "exporter_final": {"elements": 2097152, "equal": true, "max_abs": 0.0, "rms": 0.0}, "exporter_output": {"elements": 4997120, "equal": true, "max_abs": 0.0, "rms": 0.0}, "final": {"elements": 2097152, "equal": true, "max_abs": 0.0, "rms": 0.0}, "guard_untouched": true, "heads": 64, "kind": "numeric", "lengths": [273, 337], "off_baseline_final": {"elements": 2097152, "equal": true, "max_abs": 0.0, "rms": 0.0}, "off_baseline_output": {"elements": 4997120, "equal": true, "max_abs": 0.0, "rms": 0.0}, "resume": {"elements": 2375680, "equal": true, "max_abs": 0.0, "rms": 0.0}, "seed": 42, "strided": false, "warm_prefix": false}
{"final": {"elements": 2097152, "equal": true, "max_abs": 0.0, "rms": 0.0}, "kind": "off_check", "lengths": [128, 192], "output": {"elements": 2621440, "equal": true, "max_abs": 0.0, "rms": 0.0}}
{"boundaries": [64, 128], "boundary": {"elements": 2097152, "equal": true, "max_abs": 0.0, "rms": 0.0}, "conv": {"elements": 147456, "equal": true, "max_abs": 0.0, "rms": 0.0}, "dim": 128, "end": {"elements": 2097152, "equal": true, "max_abs": 0.0, "rms": 0.0}, "exporter_final": {"elements": 2097152, "equal": true, "max_abs": 0.0, "rms": 0.0}, "exporter_output": {"elements": 2621440, "equal": true, "max_abs": 0.0, "rms": 0.0}, "final": {"elements": 2097152, "equal": true, "max_abs": 0.0, "rms": 0.0}, "guard_untouched": true, "heads": 64, "kind": "numeric", "lengths": [128, 192], "off_baseline_final": {"elements": 2097152, "equal": true, "max_abs": 0.0, "rms": 0.0}, "off_baseline_output": {"elements": 2621440, "equal": true, "max_abs": 0.0, "rms": 0.0}, "resume": {"elements": 1048576, "equal": true, "max_abs": 0.0, "rms": 0.0}, "seed": 43, "strided": false, "warm_prefix": false}
{"final": {"elements": 2097152, "equal": true, "max_abs": 0.0, "rms": 0.0}, "kind": "off_check", "lengths": [65, 129], "output": {"elements": 1589248, "equal": true, "max_abs": 0.0, "rms": 0.0}}
{"boundaries": [64, 128], "boundary": {"elements": 2097152, "equal": true, "max_abs": 0.0, "rms": 0.0}, "conv": {"elements": 147456, "equal": true, "max_abs": 0.0, "rms": 0.0}, "dim": 128, "end": {"elements": 2097152, "equal": true, "max_abs": 0.0, "rms": 0.0}, "exporter_final": {"elements": 2097152, "equal": true, "max_abs": 0.0, "rms": 0.0}, "exporter_output": {"elements": 1589248, "equal": true, "max_abs": 0.0, "rms": 0.0}, "final": {"elements": 2097152, "equal": true, "max_abs": 0.0, "rms": 0.0}, "guard_untouched": true, "heads": 64, "kind": "numeric", "lengths": [65, 129], "off_baseline_final": {"elements": 2097152, "equal": true, "max_abs": 0.0, "rms": 0.0}, "off_baseline_output": {"elements": 1589248, "equal": true, "max_abs": 0.0, "rms": 0.0}, "resume": {"elements": 16384, "equal": true, "max_abs": 0.0, "rms": 0.0}, "seed": 44, "strided": true, "warm_prefix": true}
{"final": {"elements": 2097152, "equal": true, "max_abs": 0.0, "rms": 0.0}, "kind": "off_check", "lengths": [1025, 833], "output": {"elements": 15220736, "equal": true, "max_abs": 0.0, "rms": 0.0}}
{"boundaries": [512, 640], "boundary": {"elements": 2097152, "equal": true, "max_abs": 0.0, "rms": 0.0}, "conv": {"elements": 147456, "equal": true, "max_abs": 0.0, "rms": 0.0}, "dim": 128, "end": {"elements": 2097152, "equal": true, "max_abs": 0.0, "rms": 0.0}, "exporter_final": {"elements": 2097152, "equal": true, "max_abs": 0.0, "rms": 0.0}, "exporter_output": {"elements": 15220736, "equal": true, "max_abs": 0.0, "rms": 0.0}, "final": {"elements": 2097152, "equal": true, "max_abs": 0.0, "rms": 0.0}, "guard_untouched": true, "heads": 64, "kind": "numeric", "lengths": [1025, 833], "off_baseline_final": {"elements": 2097152, "equal": true, "max_abs": 0.0, "rms": 0.0}, "off_baseline_output": {"elements": 15220736, "equal": true, "max_abs": 0.0, "rms": 0.0}, "resume": {"elements": 5783552, "equal": true, "max_abs": 0.0, "rms": 0.0}, "seed": 45, "strided": true, "warm_prefix": false}
{"final": {"elements": 262144, "equal": true, "max_abs": 0.0, "rms": 0.0}, "kind": "off_check", "lengths": [273, 337], "output": {"elements": 624640, "equal": true, "max_abs": 0.0, "rms": 0.0}}
{"boundaries": [64, 256], "boundary": {"elements": 262144, "equal": true, "max_abs": 0.0, "rms": 0.0}, "conv": {"elements": 18432, "equal": true, "max_abs": 0.0, "rms": 0.0}, "dim": 128, "end": {"elements": 262144, "equal": true, "max_abs": 0.0, "rms": 0.0}, "exporter_final": {"elements": 262144, "equal": true, "max_abs": 0.0, "rms": 0.0}, "exporter_output": {"elements": 624640, "equal": true, "max_abs": 0.0, "rms": 0.0}, "final": {"elements": 262144, "equal": true, "max_abs": 0.0, "rms": 0.0}, "guard_untouched": true, "heads": 8, "kind": "numeric", "lengths": [273, 337], "off_baseline_final": {"elements": 262144, "equal": true, "max_abs": 0.0, "rms": 0.0}, "off_baseline_output": {"elements": 624640, "equal": true, "max_abs": 0.0, "rms": 0.0}, "resume": {"elements": 296960, "equal": true, "max_abs": 0.0, "rms": 0.0}, "seed": 46, "strided": false, "warm_prefix": true}
{"final": {"elements": 2097152, "equal": true, "max_abs": 0.0, "rms": 0.0}, "kind": "off_check", "lengths": [256, 320], "output": {"elements": 4718592, "equal": true, "max_abs": 0.0, "rms": 0.0}}
{"boundaries": [-1, -1], "boundary": null, "conv": null, "dim": 128, "end": {"elements": 2097152, "equal": true, "max_abs": 0.0, "rms": 0.0}, "exporter_final": {"elements": 2097152, "equal": true, "max_abs": 0.0, "rms": 0.0}, "exporter_output": {"elements": 4718592, "equal": true, "max_abs": 0.0, "rms": 0.0}, "final": null, "guard_untouched": true, "heads": 64, "kind": "numeric", "lengths": [256, 320], "off_baseline_final": {"elements": 2097152, "equal": true, "max_abs": 0.0, "rms": 0.0}, "off_baseline_output": {"elements": 4718592, "equal": true, "max_abs": 0.0, "rms": 0.0}, "resume": null, "seed": 47, "strided": true, "warm_prefix": false}
/sjtu/linhang/arena/env/sgl/lib/python3.12/site-packages/triton/language/core.py:2284: UserWarning: tl.make_block_ptr is deprecated. Use TensorDescriptor or tl.make_tensor_descriptor instead.
  warn("tl.make_block_ptr is deprecated. Use TensorDescriptor or tl.make_tensor_descriptor instead.")
{"final": {"elements": 2097152, "equal": true, "max_abs": 0.0, "rms": 0.0}, "kind": "off_check", "lengths": [4097, 3073], "output": {"elements": 58736640, "equal": true, "max_abs": 0.0, "rms": 0.0}}
{"boundaries": [2048, 1536], "boundary": {"elements": 2097152, "equal": true, "max_abs": 0.0, "rms": 0.0}, "conv": {"elements": 147456, "equal": true, "max_abs": 0.0, "rms": 0.0}, "dim": 128, "end": {"elements": 2097152, "equal": true, "max_abs": 0.0, "rms": 0.0}, "exporter_final": {"elements": 2097152, "equal": true, "max_abs": 0.0, "rms": 0.0}, "exporter_output": {"elements": 58736640, "equal": true, "max_abs": 0.0, "rms": 0.0}, "final": {"elements": 2097152, "equal": true, "max_abs": 0.0, "rms": 0.0}, "guard_untouched": true, "heads": 64, "kind": "numeric", "lengths": [4097, 3073], "off_baseline_final": {"elements": 2097152, "equal": true, "max_abs": 0.0, "rms": 0.0}, "off_baseline_output": {"elements": 58736640, "equal": true, "max_abs": 0.0, "rms": 0.0}, "resume": {"elements": 29376512, "equal": true, "max_abs": 0.0, "rms": 0.0}, "seed": 48, "strided": false, "warm_prefix": true}
{"final": {"elements": 2097152, "equal": true, "max_abs": 0.0, "rms": 0.0}, "kind": "off_check", "lengths": [8192, 4033], "output": {"elements": 100147200, "equal": true, "max_abs": 0.0, "rms": 0.0}}
{"boundaries": [4096, 2048], "boundary": {"elements": 2097152, "equal": true, "max_abs": 0.0, "rms": 0.0}, "conv": {"elements": 147456, "equal": true, "max_abs": 0.0, "rms": 0.0}, "dim": 128, "end": {"elements": 2097152, "equal": true, "max_abs": 0.0, "rms": 0.0}, "exporter_final": {"elements": 2097152, "equal": true, "max_abs": 0.0, "rms": 0.0}, "exporter_output": {"elements": 100147200, "equal": true, "max_abs": 0.0, "rms": 0.0}, "final": {"elements": 2097152, "equal": true, "max_abs": 0.0, "rms": 0.0}, "guard_untouched": true, "heads": 64, "kind": "numeric", "lengths": [8192, 4033], "off_baseline_final": {"elements": 2097152, "equal": true, "max_abs": 0.0, "rms": 0.0}, "off_baseline_output": {"elements": 100147200, "equal": true, "max_abs": 0.0, "rms": 0.0}, "resume": {"elements": 49815552, "equal": true, "max_abs": 0.0, "rms": 0.0}, "seed": 49, "strided": true, "warm_prefix": false}
{"cases": 8, "kind": "complete", "passed": true}
