{
  "status": "PASS",
  "numeric_cases": 8,
  "boundary_resume_cases": 7,
  "max_abs": 0,
  "cpu": {
    "tests": 21,
    "failures": 0,
    "errors": 0
  },
  "cache_off_bytes_equal": true,
  "cache_off_scenarios": 3,
  "scheduler_off_cases": 32,
  "scheduler_off_rounds": 960,
  "scheduler_on_cases": 8,
  "role_example_extends": {
    "off": 2,
    "on": 1
  },
  "remote_source_files_match": 20,
  "stack": {
    "status": "PASS",
    "patches": [
      "000-interface-compliance",
      "101-d1v12-on-base",
      "105-role-split-single-partial",
      "110-sm80-dsa-indexer",
      "111-sm80-fp8-moe-marlin",
      "112-sm80-indexer-kernels",
      "140-kda-dual-snapshot",
      "120-sched-protect-chain",
      "130-async-tokenize"
    ],
    "files": 3622,
    "tools": 10,
    "deterministic": true,
    "applied_equals_candidate": true,
    "base_unchanged": true,
    "original_triton_kernel_bytes_equal": true,
    "full_reverse_exact": true,
    "patch_sha256": "1fcb1ca8c6502b7c8a58f32c16bf34dbf3431d159cd649fdbf1b658ce7c2ff35"
  },
  "limitations": [
    "operator/CPU methods only; no complete engine/TP8/real weights/NEXTN/SLO",
    "off comparison shares unchanged helper autotune choices; original recurrence source retained",
    "offline unlimited independent chains, prompt-only; no decode/eviction/concurrency/retraction"
  ]
}
