Collecting transformers==5.12.1
  Downloading transformers-5.12.1-py3-none-any.whl.metadata (33 kB)
Requirement already satisfied: tokenizers==0.22.2 in /tmp/t42-venv/lib/python3.10/site-packages (0.22.2)
Collecting jinja2
  Downloading jinja2-3.1.6-py3-none-any.whl.metadata (2.9 kB)
Collecting huggingface-hub<2.0,>=1.5.0 (from transformers==5.12.1)
  Downloading huggingface_hub-1.32.0-py3-none-any.whl.metadata (16 kB)
Requirement already satisfied: numpy>=1.17 in /tmp/t42-venv/lib/python3.10/site-packages (from transformers==5.12.1) (2.2.6)
Requirement already satisfied: packaging>=20.0 in /tmp/t42-venv/lib/python3.10/site-packages (from transformers==5.12.1) (26.3)
Requirement already satisfied: pyyaml>=5.1 in /tmp/t42-venv/lib/python3.10/site-packages (from transformers==5.12.1) (6.0.3)
Requirement already satisfied: regex>=2025.10.22 in /tmp/t42-venv/lib/python3.10/site-packages (from transformers==5.12.1) (2026.9.10)
Collecting typer (from transformers==5.12.1)
  Downloading typer-0.27.2-py3-none-any.whl.metadata (16 kB)
Requirement already satisfied: safetensors>=0.4.3 in /tmp/t42-venv/lib/python3.10/site-packages (from transformers==5.12.1) (0.8.0)
Requirement already satisfied: tqdm>=4.60 in /tmp/t42-venv/lib/python3.10/site-packages (from transformers==5.12.1) (4.70.1)
Collecting click<9.0.0,>=8.4.2 (from huggingface-hub<2.0,>=1.5.0->transformers==5.12.1)
  Downloading click-8.5.0-py3-none-any.whl.metadata (2.6 kB)
Requirement already satisfied: filelock>=3.10.0 in /tmp/t42-venv/lib/python3.10/site-packages (from huggingface-hub<2.0,>=1.5.0->transformers==5.12.1) (4.0.1)
Requirement already satisfied: fsspec>=2023.5.0 in /tmp/t42-venv/lib/python3.10/site-packages (from huggingface-hub<2.0,>=1.5.0->transformers==5.12.1) (2026.9.0)
Requirement already satisfied: hf-xet<2.0.0,>=1.5.2 in /tmp/t42-venv/lib/python3.10/site-packages (from huggingface-hub<2.0,>=1.5.0->transformers==5.12.1) (1.6.0)
Collecting httpx<1,>=0.23.0 (from huggingface-hub<2.0,>=1.5.0->transformers==5.12.1)
  Downloading httpx-0.28.1-py3-none-any.whl.metadata (7.1 kB)
Collecting tomli>=1.1.0 (from huggingface-hub<2.0,>=1.5.0->transformers==5.12.1)
  Downloading tomli-2.4.1-py3-none-any.whl.metadata (10 kB)
Requirement already satisfied: typing-extensions>=4.1.0 in /tmp/t42-venv/lib/python3.10/site-packages (from huggingface-hub<2.0,>=1.5.0->transformers==5.12.1) (4.16.0)
Collecting anyio (from httpx<1,>=0.23.0->huggingface-hub<2.0,>=1.5.0->transformers==5.12.1)
  Downloading anyio-4.15.1-py3-none-any.whl.metadata (4.7 kB)
Requirement already satisfied: certifi in /tmp/t42-venv/lib/python3.10/site-packages (from httpx<1,>=0.23.0->huggingface-hub<2.0,>=1.5.0->transformers==5.12.1) (2026.7.22)
Collecting httpcore==1.* (from httpx<1,>=0.23.0->huggingface-hub<2.0,>=1.5.0->transformers==5.12.1)
  Downloading httpcore-1.0.9-py3-none-any.whl.metadata (21 kB)
Requirement already satisfied: idna in /tmp/t42-venv/lib/python3.10/site-packages (from httpx<1,>=0.23.0->huggingface-hub<2.0,>=1.5.0->transformers==5.12.1) (3.20)
Collecting h11>=0.16 (from httpcore==1.*->httpx<1,>=0.23.0->huggingface-hub<2.0,>=1.5.0->transformers==5.12.1)
  Downloading h11-0.16.0-py3-none-any.whl.metadata (8.3 kB)
Collecting MarkupSafe>=2.0 (from jinja2)
  Downloading markupsafe-3.0.3-cp310-cp310-manylinux2014_aarch64.manylinux_2_17_aarch64.manylinux_2_28_aarch64.whl.metadata (2.7 kB)
Collecting exceptiongroup>=1.0.2 (from anyio->httpx<1,>=0.23.0->huggingface-hub<2.0,>=1.5.0->transformers==5.12.1)
  Downloading exceptiongroup-1.3.1-py3-none-any.whl.metadata (6.7 kB)
Collecting shellingham>=1.3.0 (from typer->transformers==5.12.1)
  Downloading shellingham-1.5.4-py2.py3-none-any.whl.metadata (3.5 kB)
Collecting rich>=13.8.0 (from typer->transformers==5.12.1)
  Downloading rich-15.0.0-py3-none-any.whl.metadata (18 kB)
Collecting annotated-doc>=0.0.2 (from typer->transformers==5.12.1)
  Downloading annotated_doc-0.0.5-py3-none-any.whl.metadata (6.5 kB)
Collecting markdown-it-py>=2.2.0 (from rich>=13.8.0->typer->transformers==5.12.1)
  Downloading markdown_it_py-4.2.0-py3-none-any.whl.metadata (7.4 kB)
Collecting pygments<3.0.0,>=2.13.0 (from rich>=13.8.0->typer->transformers==5.12.1)
  Downloading pygments-2.21.0-py3-none-any.whl.metadata (2.5 kB)
Collecting mdurl~=0.1 (from markdown-it-py>=2.2.0->rich>=13.8.0->typer->transformers==5.12.1)
  Downloading mdurl-0.1.2-py3-none-any.whl.metadata (1.6 kB)
Downloading transformers-5.12.1-py3-none-any.whl (11.2 MB)
   ━━━━━━━━━━━━━━━━━━━━━━━━━━━━━━━━━━━━━━━━ 11.2/11.2 MB 3.3 MB/s  0:00:03
Downloading huggingface_hub-1.32.0-py3-none-any.whl (842 kB)
   ━━━━━━━━━━━━━━━━━━━━━━━━━━━━━━━━━━━━━━━━ 842.9/842.9 kB 504.9 kB/s  0:00:01
Downloading click-8.5.0-py3-none-any.whl (125 kB)
Downloading httpx-0.28.1-py3-none-any.whl (73 kB)
Downloading httpcore-1.0.9-py3-none-any.whl (78 kB)
Downloading jinja2-3.1.6-py3-none-any.whl (134 kB)
Downloading h11-0.16.0-py3-none-any.whl (37 kB)
Downloading markupsafe-3.0.3-cp310-cp310-manylinux2014_aarch64.manylinux_2_17_aarch64.manylinux_2_28_aarch64.whl (22 kB)
Downloading tomli-2.4.1-py3-none-any.whl (14 kB)
Downloading anyio-4.15.1-py3-none-any.whl (132 kB)
Downloading exceptiongroup-1.3.1-py3-none-any.whl (16 kB)
Downloading typer-0.27.2-py3-none-any.whl (123 kB)
Downloading annotated_doc-0.0.5-py3-none-any.whl (5.3 kB)
Downloading rich-15.0.0-py3-none-any.whl (310 kB)
Downloading pygments-2.21.0-py3-none-any.whl (1.3 MB)
   ━━━━━━━━━━━━━━━━━━━━━━━━━━━━━━━━━━━━━━━━ 1.3/1.3 MB 459.5 kB/s  0:00:02
Downloading markdown_it_py-4.2.0-py3-none-any.whl (91 kB)
Downloading mdurl-0.1.2-py3-none-any.whl (10.0 kB)
Downloading shellingham-1.5.4-py2.py3-none-any.whl (9.8 kB)
Installing collected packages: tomli, shellingham, pygments, mdurl, MarkupSafe, h11, exceptiongroup, click, annotated-doc, markdown-it-py, jinja2, httpcore, anyio, rich, httpx, typer, huggingface-hub, transformers
  Attempting uninstall: huggingface-hub
    Found existing installation: huggingface_hub 0.36.2
    Uninstalling huggingface_hub-0.36.2:
      Successfully uninstalled huggingface_hub-0.36.2
  Attempting uninstall: transformers
    Found existing installation: transformers 4.57.6
    Uninstalling transformers-4.57.6:
      Successfully uninstalled transformers-4.57.6

Successfully installed MarkupSafe-3.0.3 annotated-doc-0.0.5 anyio-4.15.1 click-8.5.0 exceptiongroup-1.3.1 h11-0.16.0 httpcore-1.0.9 httpx-0.28.1 huggingface-hub-1.32.0 jinja2-3.1.6 markdown-it-py-4.2.0 mdurl-0.1.2 pygments-2.21.0 rich-15.0.0 shellingham-1.5.4 tomli-2.4.1 transformers-5.12.1 typer-0.27.2
