Collecting pip
  Downloading pip-26.2.1-py3-none-any.whl.metadata (4.6 kB)
Collecting setuptools
  Downloading setuptools-84.0.0-py3-none-any.whl.metadata (6.6 kB)
Collecting wheel
  Downloading wheel-0.48.0-py3-none-any.whl.metadata (2.3 kB)
Collecting packaging>=24.0 (from wheel)
  Downloading packaging-26.3-py3-none-any.whl.metadata (3.5 kB)
Downloading pip-26.2.1-py3-none-any.whl (1.8 MB)
   ━━━━━━━━━━━━━━━━━━━━━━━━━━━━━━━━━━━━━━━━ 1.8/1.8 MB 1.3 MB/s  0:00:01
Downloading setuptools-84.0.0-py3-none-any.whl (818 kB)
   ━━━━━━━━━━━━━━━━━━━━━━━━━━━━━━━━━━━━━━━━ 818.2/818.2 kB 1.0 MB/s  0:00:00
Downloading wheel-0.48.0-py3-none-any.whl (33 kB)
Downloading packaging-26.3-py3-none-any.whl (129 kB)
Installing collected packages: setuptools, pip, packaging, wheel

Successfully installed packaging-26.3 pip-26.2.1 setuptools-84.0.0 wheel-0.48.0
Collecting transformers<5,>=4.51
  Downloading transformers-4.57.6-py3-none-any.whl.metadata (43 kB)
Collecting filelock (from transformers<5,>=4.51)
  Downloading filelock-4.0.1-py3-none-any.whl.metadata (2.0 kB)
Collecting huggingface-hub<1.0,>=0.34.0 (from transformers<5,>=4.51)
  Downloading huggingface_hub-0.36.2-py3-none-any.whl.metadata (15 kB)
Collecting numpy>=1.17 (from transformers<5,>=4.51)
  Downloading numpy-2.2.6-cp310-cp310-manylinux_2_17_aarch64.manylinux2014_aarch64.whl.metadata (63 kB)
Requirement already satisfied: packaging>=20.0 in /tmp/t42-venv/lib/python3.10/site-packages (from transformers<5,>=4.51) (26.3)
Collecting pyyaml>=5.1 (from transformers<5,>=4.51)
  Downloading pyyaml-6.0.3-cp310-cp310-manylinux2014_aarch64.manylinux_2_17_aarch64.manylinux_2_28_aarch64.whl.metadata (2.4 kB)
Collecting regex!=2019.12.17 (from transformers<5,>=4.51)
  Downloading regex-2026.9.10-cp310-cp310-manylinux2014_aarch64.manylinux_2_17_aarch64.manylinux_2_28_aarch64.whl.metadata (40 kB)
Collecting requests (from transformers<5,>=4.51)
  Downloading requests-2.34.2-py3-none-any.whl.metadata (4.8 kB)
Collecting tokenizers<=0.23.0,>=0.22.0 (from transformers<5,>=4.51)
  Downloading tokenizers-0.22.2-cp39-abi3-manylinux_2_17_aarch64.manylinux2014_aarch64.whl.metadata (7.3 kB)
Collecting safetensors>=0.4.3 (from transformers<5,>=4.51)
  Downloading safetensors-0.8.0-cp310-abi3-manylinux_2_17_aarch64.manylinux2014_aarch64.whl.metadata (4.2 kB)
Collecting tqdm>=4.27 (from transformers<5,>=4.51)
  Downloading tqdm-4.70.1-py3-none-any.whl.metadata (57 kB)
Collecting fsspec>=2023.5.0 (from huggingface-hub<1.0,>=0.34.0->transformers<5,>=4.51)
  Downloading fsspec-2026.9.0-py3-none-any.whl.metadata (10 kB)
Collecting hf-xet<2.0.0,>=1.1.3 (from huggingface-hub<1.0,>=0.34.0->transformers<5,>=4.51)
  Downloading hf_xet-1.6.0-cp38-abi3-manylinux_2_28_aarch64.whl.metadata (4.9 kB)
Collecting typing-extensions>=3.7.4.3 (from huggingface-hub<1.0,>=0.34.0->transformers<5,>=4.51)
  Downloading typing_extensions-4.16.0-py3-none-any.whl.metadata (3.3 kB)
Collecting charset_normalizer<4,>=2 (from requests->transformers<5,>=4.51)
  Downloading charset_normalizer-3.5.1-cp310-cp310-manylinux2014_aarch64.manylinux_2_17_aarch64.manylinux_2_28_aarch64.whl.metadata (45 kB)
Collecting idna<4,>=2.5 (from requests->transformers<5,>=4.51)
  Downloading idna-3.20-py3-none-any.whl.metadata (7.2 kB)
Collecting urllib3<3,>=1.26 (from requests->transformers<5,>=4.51)
  Downloading urllib3-2.8.0-py3-none-any.whl.metadata (7.4 kB)
Collecting certifi>=2023.5.7 (from requests->transformers<5,>=4.51)
  Downloading certifi-2026.7.22-py3-none-any.whl.metadata (2.5 kB)
Downloading transformers-4.57.6-py3-none-any.whl (12.0 MB)
   ━━━━━━━━━━━━━━━━━━━━━━━━━━━━━━━━━━━━━━━━ 12.0/12.0 MB 494.4 kB/s  0:00:25
Downloading huggingface_hub-0.36.2-py3-none-any.whl (566 kB)
   ━━━━━━━━━━━━━━━━━━━━━━━━━━━━━━━━━━━━━━━━ 566.4/566.4 kB 759.5 kB/s  0:00:00
Downloading hf_xet-1.6.0-cp38-abi3-manylinux_2_28_aarch64.whl (4.3 MB)
   ━━━━━━━━━━━━━━━━━━━━━━━━━━━━━━━━━━━━━━━━ 4.3/4.3 MB 721.4 kB/s  0:00:06
Downloading tokenizers-0.22.2-cp39-abi3-manylinux_2_17_aarch64.manylinux2014_aarch64.whl (3.3 MB)
   ━━━━━━━━━━━━━━━━━━━━━━━━━━━━━━━━━━━━━━━━ 3.3/3.3 MB 1.1 MB/s  0:00:03
Downloading fsspec-2026.9.0-py3-none-any.whl (221 kB)
Downloading numpy-2.2.6-cp310-cp310-manylinux_2_17_aarch64.manylinux2014_aarch64.whl (14.3 MB)
   ━━━━━━━━━━━━━━━━━━━━━━━━━━━━━━━━━━━━━━━━ 14.3/14.3 MB 941.2 kB/s  0:00:15
Downloading pyyaml-6.0.3-cp310-cp310-manylinux2014_aarch64.manylinux_2_17_aarch64.manylinux_2_28_aarch64.whl (740 kB)
   ━━━━━━━━━━━━━━━━━━━━━━━━━━━━━━━━━━━━━━━━ 740.6/740.6 kB 595.9 kB/s  0:00:01
Downloading regex-2026.9.10-cp310-cp310-manylinux2014_aarch64.manylinux_2_17_aarch64.manylinux_2_28_aarch64.whl (787 kB)
   ━━━━━━━━━━━━━━━━━━━━━━━━━━━━━━━━━━━━━━━━ 787.9/787.9 kB 395.9 kB/s  0:00:01
Downloading safetensors-0.8.0-cp310-abi3-manylinux_2_17_aarch64.manylinux2014_aarch64.whl (502 kB)
Downloading tqdm-4.70.1-py3-none-any.whl (80 kB)
Downloading typing_extensions-4.16.0-py3-none-any.whl (45 kB)
Downloading filelock-4.0.1-py3-none-any.whl (106 kB)
Downloading requests-2.34.2-py3-none-any.whl (73 kB)
Downloading charset_normalizer-3.5.1-cp310-cp310-manylinux2014_aarch64.manylinux_2_17_aarch64.manylinux_2_28_aarch64.whl (251 kB)
Downloading idna-3.20-py3-none-any.whl (69 kB)
Downloading urllib3-2.8.0-py3-none-any.whl (135 kB)
Downloading certifi-2026.7.22-py3-none-any.whl (136 kB)
Installing collected packages: urllib3, typing-extensions, tqdm, safetensors, regex, pyyaml, numpy, idna, hf-xet, fsspec, filelock, charset_normalizer, certifi, requests, huggingface-hub, tokenizers, transformers

Successfully installed certifi-2026.7.22 charset_normalizer-3.5.1 filelock-4.0.1 fsspec-2026.9.0 hf-xet-1.6.0 huggingface-hub-0.36.2 idna-3.20 numpy-2.2.6 pyyaml-6.0.3 regex-2026.9.10 requests-2.34.2 safetensors-0.8.0 tokenizers-0.22.2 tqdm-4.70.1 transformers-4.57.6 typing-extensions-4.16.0 urllib3-2.8.0
