{"kind": "numeric", "label": "initial/4/32000", "max_abs": 1.1444091796875e-05, "max_row_relative_l2": 8.451809918597064e-08, "max_row_relative_linf": 1.7931870388565585e-07, "min_topk_overlap": 1.0, "shape": [6, 32017]}
{"L": 32000, "kind": "decode_tune", "ms": 0.12200160026550293, "name": "initial", "samples": [0.12200160026550293, 0.12181919813156128, 0.12180639505386352, 0.12190879583358764, 0.1221343994140625, 0.12210559844970703, 0.12208960056304932], "warps": 4}
{"kind": "numeric", "label": "initial/4/190000", "max_abs": 1.52587890625e-05, "max_row_relative_l2": 8.60946940406393e-08, "max_row_relative_linf": 1.9064297873683245e-07, "min_topk_overlap": 1.0, "shape": [6, 190017]}
{"L": 190000, "kind": "decode_tune", "ms": 0.6874879837036133, "name": "initial", "samples": [0.6891088008880615, 0.6881440162658692, 0.6876239776611328, 0.6874879837036133, 0.6874000072479248, 0.6873712062835693, 0.6744736194610595], "warps": 4}
{"kind": "numeric", "label": "initial/8/32000", "max_abs": 7.62939453125e-06, "max_row_relative_l2": 8.773341875212282e-08, "max_row_relative_linf": 1.4448761476160144e-07, "min_topk_overlap": 1.0, "shape": [6, 32017]}
{"L": 32000, "kind": "decode_tune", "ms": 0.12522879838943482, "name": "initial", "samples": [0.12539999485015868, 0.1252351999282837, 0.1252400040626526, 0.12521439790725708, 0.1252063989639282, 0.12522879838943482, 0.12521439790725708], "warps": 8}
{"kind": "numeric", "label": "initial/8/190000", "max_abs": 1.52587890625e-05, "max_row_relative_l2": 9.366149100742405e-08, "max_row_relative_linf": 2.2077406924836396e-07, "min_topk_overlap": 1.0, "shape": [6, 190017]}
{"L": 190000, "kind": "decode_tune", "ms": 0.7246719837188721, "name": "initial", "samples": [0.7254543781280518, 0.7247183799743653, 0.7248047828674317, 0.7246431827545166, 0.7246496200561523, 0.7246719837188721, 0.7246575832366944], "warps": 8}
{"kind": "numeric", "label": "initial/16/32000", "max_abs": 1.1444091796875e-05, "max_row_relative_l2": 8.93383642619483e-08, "max_row_relative_linf": 1.5630492100626725e-07, "min_topk_overlap": 1.0, "shape": [6, 32017]}
{"L": 32000, "kind": "decode_tune", "ms": 0.2315920114517212, "name": "initial", "samples": [0.2346479892730713, 0.23459999561309813, 0.23351519107818602, 0.23035359382629395, 0.23026719093322753, 0.23037281036376953, 0.2315920114517212], "warps": 16}
{"kind": "numeric", "label": "initial/16/190000", "max_abs": 1.1444091796875e-05, "max_row_relative_l2": 9.034820180886527e-08, "max_row_relative_linf": 1.77838671788777e-07, "min_topk_overlap": 1.0, "shape": [6, 190017]}
{"L": 190000, "kind": "decode_tune", "ms": 1.3579952239990234, "name": "initial", "samples": [1.3585935592651368, 1.3579952239990234, 1.3590864181518554, 1.3580191612243653, 1.1164655685424805, 1.1165007591247558, 1.1168928146362305], "warps": 16}
{"kind": "numeric", "label": "bits/4/32000", "max_abs": 7.62939453125e-06, "max_row_relative_l2": 8.799658246516628e-08, "max_row_relative_linf": 1.6040287675878062e-07, "min_topk_overlap": 1.0, "shape": [6, 32017]}
{"L": 32000, "kind": "decode_tune", "ms": 0.10277600288391113, "name": "bits", "samples": [0.10274239778518676, 0.10273920297622681, 0.1031872034072876, 0.10277279615402221, 0.10285120010375977, 0.10277600288391113, 0.10289440155029297], "warps": 4}
{"kind": "numeric", "label": "bits/4/190000", "max_abs": 1.52587890625e-05, "max_row_relative_l2": 8.960785180534003e-08, "max_row_relative_linf": 2.0769424224909017e-07, "min_topk_overlap": 1.0, "shape": [6, 190017]}
{"L": 190000, "kind": "decode_tune", "ms": 0.5930208206176758, "name": "bits", "samples": [0.5925024032592774, 0.5929279804229737, 0.5930208206176758, 0.5938752174377442, 0.5941247940063477, 0.5929872035980225, 0.5963359832763672], "warps": 4}
{"kind": "numeric", "label": "bits/8/32000", "max_abs": 1.1444091796875e-05, "max_row_relative_l2": 9.001489331694756e-08, "max_row_relative_linf": 1.919532337524288e-07, "min_topk_overlap": 1.0, "shape": [6, 32017]}
{"L": 32000, "kind": "decode_tune", "ms": 0.1450111985206604, "name": "bits", "samples": [0.14624639749526977, 0.1452720046043396, 0.1453503966331482, 0.14494719505310058, 0.14489279985427855, 0.14496320486068726, 0.1450111985206604], "warps": 8}
{"kind": "numeric", "label": "bits/8/190000", "max_abs": 1.52587890625e-05, "max_row_relative_l2": 9.372515563654815e-08, "max_row_relative_linf": 1.8656474765066378e-07, "min_topk_overlap": 1.0, "shape": [6, 190017]}
{"L": 190000, "kind": "decode_tune", "ms": 0.7032159805297852, "name": "bits", "samples": [0.838163185119629, 0.8379023551940918, 0.7493775844573974, 0.7032159805297852, 0.7029695987701416, 0.7028607845306396, 0.7026624202728271], "warps": 8}
{"kind": "numeric", "label": "bits/16/32000", "max_abs": 1.1444091796875e-05, "max_row_relative_l2": 8.836354936647695e-08, "max_row_relative_linf": 1.6681104852978024e-07, "min_topk_overlap": 1.0, "shape": [6, 32017]}
{"L": 32000, "kind": "decode_tune", "ms": 0.18914400339126586, "name": "bits", "samples": [0.19290879964828492, 0.18876800537109376, 0.18820159435272216, 0.18914400339126586, 0.19119679927825928, 0.1901584029197693, 0.1882240056991577], "warps": 16}
{"kind": "numeric", "label": "bits/16/190000", "max_abs": 1.1920928955078125e-05, "max_row_relative_l2": 9.431429504047628e-08, "max_row_relative_linf": 1.7217884362707991e-07, "min_topk_overlap": 1.0, "shape": [6, 190017]}
{"L": 190000, "kind": "decode_tune", "ms": 1.0885727882385254, "name": "bits", "samples": [1.3176752090454102, 1.3176063537597655, 1.1261695861816405, 1.0863696098327638, 1.084331226348877, 1.0828543663024903, 1.0885727882385254], "warps": 16}
{"kind": "complete", "mode": "decode_tune"}
