Tue Sep 22 19:41:34 2026       
+---------------------------------------------------------------------------------------+
| NVIDIA-SMI 535.129.03             Driver Version: 535.129.03   CUDA Version: 13.0     |
|-----------------------------------------+----------------------+----------------------+
| GPU  Name                 Persistence-M | Bus-Id        Disp.A | Volatile Uncorr. ECC |
| Fan  Temp   Perf          Pwr:Usage/Cap |         Memory-Usage | GPU-Util  Compute M. |
|                                         |                      |               MIG M. |
|=========================================+======================+======================|
|   0  NVIDIA A100-SXM4-80GB          On  | 00000000:67:02.0 Off |                    0 |
| N/A   30C    P0              60W / 400W |      4MiB / 81920MiB |      0%      Default |
|                                         |                      |             Disabled |
+-----------------------------------------+----------------------+----------------------+
|   1  NVIDIA A100-SXM4-80GB          On  | 00000000:67:03.0 Off |                    0 |
| N/A   30C    P0              62W / 400W |      4MiB / 81920MiB |      0%      Default |
|                                         |                      |             Disabled |
+-----------------------------------------+----------------------+----------------------+
                                                                                         
+---------------------------------------------------------------------------------------+
| Processes:                                                                            |
|  GPU   GI   CI        PID   Type   Process name                            GPU Memory |
|        ID   ID                                                             Usage      |
|=======================================================================================|
|  No running processes found                                                           |
+---------------------------------------------------------------------------------------+
{"bf16_reduced_precision_reduction": true, "capability": [8, 0], "device": "NVIDIA A100-SXM4-80GB", "kind": "environment", "mode": "all", "oracle_sha256": "3ffe82c74402aed9ceb0ba6113209850cdc8c1b21eb8f36c330e895578bd103f", "seed": 43, "source_sha256": "5550e3e947457116651a8b7eb650abe10736476cf280e4d1c9b2bae0370c5c14", "test_sha256": "2d1f6406f6fe578aac58e618fbbf831b15abb26a02c23b9b062eb3f9c9c27d89", "torch": "2.13.0+cu130", "triton": "3.7.1"}
{"finite_bits_exact": 254, "kind": "fp8_bits", "nan_class_exact": 2, "tested": 256}
{"kind": "numeric", "label": "decode B=1 L=1024 N=1 ctx=B", "max_abs": 5.7220458984375e-06, "max_row_relative_l2": 7.274538660340113e-08, "max_row_relative_linf": 1.260661974811228e-07, "min_topk_overlap": 1.0, "shape": [1, 1041]}
{"kind": "numeric", "label": "decode B=1 L=1024 N=1 ctx=BN", "max_abs": 7.62939453125e-06, "max_row_relative_l2": 7.48255715166124e-08, "max_row_relative_linf": 1.49053704490143e-07, "min_topk_overlap": 1.0, "shape": [1, 1041]}
{"kind": "numeric", "label": "decode B=1 L=1024 N=2 ctx=B", "max_abs": 7.62939453125e-06, "max_row_relative_l2": 8.725493216843461e-08, "max_row_relative_linf": 1.197096395344488e-07, "min_topk_overlap": 1.0, "shape": [2, 1041]}
{"kind": "numeric", "label": "decode B=1 L=1024 N=2 ctx=BN", "max_abs": 5.7220458984375e-06, "max_row_relative_l2": 9.43274969245067e-08, "max_row_relative_linf": 1.3338231497073139e-07, "min_topk_overlap": 1.0, "shape": [2, 1041]}
{"kind": "numeric", "label": "decode B=1 L=32000 N=1 ctx=B", "max_abs": 1.1444091796875e-05, "max_row_relative_l2": 8.16107785794884e-08, "max_row_relative_linf": 1.3696360667836416e-07, "min_topk_overlap": 1.0, "shape": [1, 32017]}
{"kind": "numeric", "label": "decode B=1 L=32000 N=1 ctx=BN", "max_abs": 7.62939453125e-06, "max_row_relative_l2": 8.760698477772166e-08, "max_row_relative_linf": 1.7117848472025798e-07, "min_topk_overlap": 1.0, "shape": [1, 32017]}
{"kind": "numeric", "label": "decode B=1 L=32000 N=2 ctx=B", "max_abs": 1.1444091796875e-05, "max_row_relative_l2": 8.837357512447852e-08, "max_row_relative_linf": 1.6650774625759368e-07, "min_topk_overlap": 1.0, "shape": [2, 32017]}
{"kind": "numeric", "label": "decode B=1 L=32000 N=2 ctx=BN", "max_abs": 7.62939453125e-06, "max_row_relative_l2": 8.675234397514942e-08, "max_row_relative_linf": 1.2695970497134113e-07, "min_topk_overlap": 1.0, "shape": [2, 32017]}
{"kind": "numeric", "label": "decode B=1 L=190000 N=1 ctx=B", "max_abs": 7.62939453125e-06, "max_row_relative_l2": 8.917852767353907e-08, "max_row_relative_linf": 1.2583639374952327e-07, "min_topk_overlap": 1.0, "shape": [1, 190017]}
{"kind": "numeric", "label": "decode B=1 L=190000 N=1 ctx=BN", "max_abs": 1.52587890625e-05, "max_row_relative_l2": 7.052642558846856e-08, "max_row_relative_linf": 1.5982946877102222e-07, "min_topk_overlap": 1.0, "shape": [1, 190017]}
{"kind": "numeric", "label": "decode B=1 L=190000 N=2 ctx=B", "max_abs": 1.1444091796875e-05, "max_row_relative_l2": 8.512096627555366e-08, "max_row_relative_linf": 1.9096998471468396e-07, "min_topk_overlap": 1.0, "shape": [2, 190017]}
{"kind": "numeric", "label": "decode B=1 L=190000 N=2 ctx=BN", "max_abs": 1.1444091796875e-05, "max_row_relative_l2": 8.726239286716009e-08, "max_row_relative_linf": 2.0293644809044054e-07, "min_topk_overlap": 1.0, "shape": [2, 190017]}
{"kind": "numeric", "label": "decode B=6 L=1024 N=1 ctx=B", "max_abs": 1.52587890625e-05, "max_row_relative_l2": 8.360267145235412e-08, "max_row_relative_linf": 2.3824476613754086e-07, "min_topk_overlap": 1.0, "shape": [6, 1041]}
{"kind": "numeric", "label": "decode B=6 L=1024 N=1 ctx=BN", "max_abs": 5.7220458984375e-06, "max_row_relative_l2": 1.0815164586119863e-07, "max_row_relative_linf": 1.482747506997839e-07, "min_topk_overlap": 1.0, "shape": [6, 1041]}
{"kind": "numeric", "label": "decode B=6 L=1024 N=2 ctx=B", "max_abs": 7.62939453125e-06, "max_row_relative_l2": 9.0719481704582e-08, "max_row_relative_linf": 1.594141991745346e-07, "min_topk_overlap": 1.0, "shape": [12, 1041]}
{"kind": "numeric", "label": "decode B=6 L=1024 N=2 ctx=BN", "max_abs": 7.62939453125e-06, "max_row_relative_l2": 8.772727255745849e-08, "max_row_relative_linf": 1.673001861490775e-07, "min_topk_overlap": 1.0, "shape": [12, 1041]}
{"kind": "numeric", "label": "decode B=6 L=32000 N=1 ctx=B", "max_abs": 7.62939453125e-06, "max_row_relative_l2": 8.569715248540888e-08, "max_row_relative_linf": 1.5143237419579236e-07, "min_topk_overlap": 1.0, "shape": [6, 32017]}
{"kind": "numeric", "label": "decode B=6 L=32000 N=1 ctx=BN", "max_abs": 1.1444091796875e-05, "max_row_relative_l2": 9.84084564947807e-08, "max_row_relative_linf": 1.9052586708312447e-07, "min_topk_overlap": 1.0, "shape": [6, 32017]}
{"kind": "numeric", "label": "decode B=6 L=32000 N=2 ctx=B", "max_abs": 1.1444091796875e-05, "max_row_relative_l2": 9.439921910825433e-08, "max_row_relative_linf": 1.671810991865641e-07, "min_topk_overlap": 1.0, "shape": [12, 32017]}
{"kind": "numeric", "label": "decode B=6 L=32000 N=2 ctx=BN", "max_abs": 1.1444091796875e-05, "max_row_relative_l2": 9.008000745325262e-08, "max_row_relative_linf": 1.8734817786025815e-07, "min_topk_overlap": 1.0, "shape": [12, 32017]}
{"kind": "numeric", "label": "decode B=6 L=190000 N=1 ctx=B", "max_abs": 1.1444091796875e-05, "max_row_relative_l2": 9.601728123698194e-08, "max_row_relative_linf": 1.890258118919519e-07, "min_topk_overlap": 1.0, "shape": [6, 190017]}
{"kind": "numeric", "label": "decode B=6 L=190000 N=1 ctx=BN", "max_abs": 1.1444091796875e-05, "max_row_relative_l2": 8.993259825729183e-08, "max_row_relative_linf": 2.1653877979588287e-07, "min_topk_overlap": 1.0, "shape": [6, 190017]}
{"kind": "numeric", "label": "decode B=6 L=190000 N=2 ctx=B", "max_abs": 1.52587890625e-05, "max_row_relative_l2": 8.999886347282882e-08, "max_row_relative_linf": 2.3755957556659268e-07, "min_topk_overlap": 1.0, "shape": [12, 190017]}
{"kind": "numeric", "label": "decode B=6 L=190000 N=2 ctx=BN", "max_abs": 1.52587890625e-05, "max_row_relative_l2": 9.39572686320389e-08, "max_row_relative_linf": 1.9896427261301142e-07, "min_topk_overlap": 1.0, "shape": [12, 190017]}
{"kind": "numeric", "label": "decode B=32 L=1024 N=1 ctx=B", "max_abs": 1.1444091796875e-05, "max_row_relative_l2": 9.665887290566388e-08, "max_row_relative_linf": 2.1238004421775258e-07, "min_topk_overlap": 1.0, "shape": [32, 1041]}
{"kind": "numeric", "label": "decode B=32 L=1024 N=1 ctx=BN", "max_abs": 7.62939453125e-06, "max_row_relative_l2": 1.0136681538597259e-07, "max_row_relative_linf": 1.844219355007226e-07, "min_topk_overlap": 1.0, "shape": [32, 1041]}
{"kind": "numeric", "label": "decode B=32 L=1024 N=2 ctx=B", "max_abs": 1.1444091796875e-05, "max_row_relative_l2": 9.739089534832601e-08, "max_row_relative_linf": 2.1929831461875438e-07, "min_topk_overlap": 1.0, "shape": [64, 1041]}
{"kind": "numeric", "label": "decode B=32 L=1024 N=2 ctx=BN", "max_abs": 9.5367431640625e-06, "max_row_relative_l2": 9.639598630428736e-08, "max_row_relative_linf": 1.8691109460178268e-07, "min_topk_overlap": 1.0, "shape": [64, 1041]}
{"kind": "numeric", "label": "decode B=32 L=32000 N=1 ctx=B", "max_abs": 1.52587890625e-05, "max_row_relative_l2": 9.318585370010624e-08, "max_row_relative_linf": 1.897546013651663e-07, "min_topk_overlap": 1.0, "shape": [32, 32017]}
{"kind": "numeric", "label": "decode B=32 L=32000 N=1 ctx=BN", "max_abs": 1.52587890625e-05, "max_row_relative_l2": 9.594582195404655e-08, "max_row_relative_linf": 2.2701237867295276e-07, "min_topk_overlap": 1.0, "shape": [32, 32017]}
{"kind": "numeric", "label": "decode B=32 L=32000 N=2 ctx=B", "max_abs": 1.52587890625e-05, "max_row_relative_l2": 1.0028769992231901e-07, "max_row_relative_linf": 2.0592172234046302e-07, "min_topk_overlap": 1.0, "shape": [64, 32017]}
{"kind": "numeric", "label": "decode B=32 L=32000 N=2 ctx=BN", "max_abs": 1.1444091796875e-05, "max_row_relative_l2": 1.0174990450195764e-07, "max_row_relative_linf": 1.9360436454007868e-07, "min_topk_overlap": 1.0, "shape": [64, 32017]}
{"kind": "numeric", "label": "decode B=32 L=190000 N=1 ctx=B", "max_abs": 1.52587890625e-05, "max_row_relative_l2": 9.915179788322348e-08, "max_row_relative_linf": 2.092855879709532e-07, "min_topk_overlap": 1.0, "shape": [32, 190017]}
{"kind": "numeric", "label": "decode B=32 L=190000 N=1 ctx=BN", "max_abs": 1.52587890625e-05, "max_row_relative_l2": 9.51815266603262e-08, "max_row_relative_linf": 1.854706681569951e-07, "min_topk_overlap": 1.0, "shape": [32, 190017]}
{"kind": "numeric", "label": "decode B=32 L=190000 N=2 ctx=B", "max_abs": 1.52587890625e-05, "max_row_relative_l2": 9.391177258066818e-08, "max_row_relative_linf": 1.9319433874898095e-07, "min_topk_overlap": 1.0, "shape": [64, 190017]}
{"kind": "numeric", "label": "decode B=32 L=190000 N=2 ctx=BN", "max_abs": 1.52587890625e-05, "max_row_relative_l2": 9.534565492685942e-08, "max_row_relative_linf": 1.9039724463709717e-07, "min_topk_overlap": 1.0, "shape": [64, 190017]}
{"kind": "numeric", "label": "edge L=0 clean=False", "max_abs": 0.0, "max_row_relative_l2": 0.0, "max_row_relative_linf": 0.0, "min_topk_overlap": 1.0, "shape": [16, 17]}
{"kind": "numeric", "label": "edge L=0 clean=True", "max_abs": 0.0, "max_row_relative_l2": 0.0, "max_row_relative_linf": 0.0, "min_topk_overlap": 1.0, "shape": [16, 17]}
{"kind": "numeric", "label": "edge L=1 clean=False", "max_abs": 3.814697265625e-06, "max_row_relative_l2": 1.7677868413557007e-07, "max_row_relative_linf": 1.7677868413557007e-07, "min_topk_overlap": 1.0, "shape": [16, 18]}
{"kind": "numeric", "label": "edge L=1 clean=True", "max_abs": 3.814697265625e-06, "max_row_relative_l2": 1.7677868413557007e-07, "max_row_relative_linf": 1.7677868413557007e-07, "min_topk_overlap": 1.0, "shape": [16, 18]}
{"kind": "numeric", "label": "edge L=63 clean=False", "max_abs": 5.7220458984375e-06, "max_row_relative_l2": 2.539686079217063e-07, "max_row_relative_linf": 2.539686079217063e-07, "min_topk_overlap": 1.0, "shape": [16, 80]}
{"kind": "numeric", "label": "edge L=63 clean=True", "max_abs": 5.7220458984375e-06, "max_row_relative_l2": 2.539686079217063e-07, "max_row_relative_linf": 2.539686079217063e-07, "min_topk_overlap": 1.0, "shape": [16, 80]}
{"kind": "numeric", "label": "edge L=64 clean=False", "max_abs": 7.62939453125e-06, "max_row_relative_l2": 1.2313061859003938e-07, "max_row_relative_linf": 1.7110077976667526e-07, "min_topk_overlap": 1.0, "shape": [16, 81]}
{"kind": "numeric", "label": "edge L=64 clean=True", "max_abs": 7.62939453125e-06, "max_row_relative_l2": 1.2313061859003938e-07, "max_row_relative_linf": 1.7110077976667526e-07, "min_topk_overlap": 1.0, "shape": [16, 81]}
{"kind": "numeric", "label": "edge L=65 clean=False", "max_abs": 5.7220458984375e-06, "max_row_relative_l2": 2.676895576314564e-07, "max_row_relative_linf": 2.676895576314564e-07, "min_topk_overlap": 1.0, "shape": [16, 82]}
{"kind": "numeric", "label": "edge L=65 clean=True", "max_abs": 5.7220458984375e-06, "max_row_relative_l2": 2.676895576314564e-07, "max_row_relative_linf": 2.676895576314564e-07, "min_topk_overlap": 1.0, "shape": [16, 82]}
{"kind": "numeric", "label": "edge L=1025 clean=False", "max_abs": 7.62939453125e-06, "max_row_relative_l2": 1.2690011885752028e-07, "max_row_relative_linf": 1.3382923214066977e-07, "min_topk_overlap": 1.0, "shape": [16, 1042]}
{"kind": "numeric", "label": "edge L=1025 clean=True", "max_abs": 7.62939453125e-06, "max_row_relative_l2": 1.2690011885752028e-07, "max_row_relative_linf": 1.3382923214066977e-07, "min_topk_overlap": 1.0, "shape": [16, 1042]}
{"kind": "numeric", "label": "prefill nq=37 nk=1 clean=False", "max_abs": 3.814697265625e-06, "max_row_relative_l2": 1.8840062239178224e-06, "max_row_relative_linf": 1.8840062239178224e-06, "min_topk_overlap": 1.0, "shape": [37, 1]}
{"kind": "numeric", "label": "prefill nq=37 nk=1 clean=True", "max_abs": 2.86102294921875e-06, "max_row_relative_l2": 5.985785378470609e-07, "max_row_relative_linf": 5.985785378470609e-07, "min_topk_overlap": 1.0, "shape": [37, 1]}
{"kind": "numeric", "label": "prefill nq=37 nk=65 clean=False", "max_abs": 9.5367431640625e-06, "max_row_relative_l2": 1.355869727603931e-07, "max_row_relative_linf": 3.5016131505472003e-07, "min_topk_overlap": 1.0, "shape": [37, 65]}
{"kind": "numeric", "label": "prefill nq=37 nk=65 clean=True", "max_abs": 7.62939453125e-06, "max_row_relative_l2": 1.6159955862349307e-07, "max_row_relative_linf": 2.4458483949274523e-07, "min_topk_overlap": 1.0, "shape": [37, 65]}
{"kind": "numeric", "label": "prefill nq=37 nk=1024 clean=False", "max_abs": 1.1444091796875e-05, "max_row_relative_l2": 1.165460403740326e-07, "max_row_relative_linf": 2.358662953838575e-07, "min_topk_overlap": 1.0, "shape": [37, 1024]}
{"kind": "numeric", "label": "prefill nq=37 nk=1024 clean=True", "max_abs": 1.1444091796875e-05, "max_row_relative_l2": 1.250195964530576e-07, "max_row_relative_linf": 2.157684377834812e-07, "min_topk_overlap": 1.0, "shape": [37, 1024]}
{"kind": "numeric", "label": "prefill nq=37 nk=32000 clean=False", "max_abs": 2.288818359375e-05, "max_row_relative_l2": 1.2315854291955475e-07, "max_row_relative_linf": 2.5268295189562195e-07, "min_topk_overlap": 1.0, "shape": [37, 32000]}
{"kind": "numeric", "label": "prefill nq=37 nk=32000 clean=True", "max_abs": 1.52587890625e-05, "max_row_relative_l2": 1.1088652485113926e-07, "max_row_relative_linf": 2.470786739650066e-07, "min_topk_overlap": 1.0, "shape": [37, 32000]}
{"kind": "numeric", "label": "prefill nq=37 nk=190000 clean=False", "max_abs": 2.288818359375e-05, "max_row_relative_l2": 1.1418325129852747e-07, "max_row_relative_linf": 2.8615053793146217e-07, "min_topk_overlap": 1.0, "shape": [37, 190000]}
{"kind": "numeric", "label": "prefill nq=37 nk=190000 clean=True", "max_abs": 2.288818359375e-05, "max_row_relative_l2": 1.391638875247736e-07, "max_row_relative_linf": 2.786274535537814e-07, "min_topk_overlap": 0.99951171875, "shape": [37, 190000]}
{"kind": "numeric", "label": "decode scale=0.001", "max_abs": 5.820766091346741e-11, "max_row_relative_l2": 8.755197455911912e-08, "max_row_relative_linf": 1.879740807453345e-07, "min_topk_overlap": 1.0, "shape": [12, 32017]}
{"kind": "numeric", "label": "prefill scale=0.001", "max_abs": 7.275957614183426e-11, "max_row_relative_l2": 1.1916893072339008e-07, "max_row_relative_linf": 2.5826960836639046e-07, "min_topk_overlap": 1.0, "shape": [37, 32000]}
{"kind": "numeric", "label": "decode scale=30.0", "max_abs": 2.65234375, "max_row_relative_l2": 2.8812334562644537e-07, "max_row_relative_linf": 1.1184635695826728e-05, "min_topk_overlap": 1.0, "shape": [12, 32017]}
{"kind": "numeric", "label": "prefill scale=30.0", "max_abs": 0.078125, "max_row_relative_l2": 2.66578149421548e-06, "max_row_relative_linf": 2.66578149421548e-06, "min_topk_overlap": 1.0, "shape": [37, 32000]}
{"kind": "numeric", "label": "decode scale=100.0", "max_abs": 21.625, "max_row_relative_l2": 2.181946285872982e-07, "max_row_relative_linf": 7.660525625396986e-06, "min_topk_overlap": 1.0, "shape": [12, 32017]}
{"kind": "numeric", "label": "prefill scale=100.0", "max_abs": 2.375, "max_row_relative_l2": 3.718967036547838e-07, "max_row_relative_linf": 1.3384715202846564e-06, "min_topk_overlap": 1.0, "shape": [37, 32000]}
{"kind": "numeric", "label": "heads decode h=8", "max_abs": 3.814697265625e-06, "max_row_relative_l2": 5.390080204392689e-08, "max_row_relative_linf": 1.3860670833309996e-07, "min_topk_overlap": 1.0, "shape": [2, 1042]}
{"kind": "numeric", "label": "heads prefill h=8", "max_abs": 1.9073486328125e-06, "max_row_relative_l2": 5.371849454149924e-08, "max_row_relative_linf": 6.665714380460486e-08, "min_topk_overlap": 1.0, "shape": [9, 1025]}
{"kind": "numeric", "label": "heads decode h=16", "max_abs": 3.814697265625e-06, "max_row_relative_l2": 6.943225372424422e-08, "max_row_relative_linf": 1.176206438913141e-07, "min_topk_overlap": 1.0, "shape": [2, 1042]}
{"kind": "numeric", "label": "heads prefill h=16", "max_abs": 5.7220458984375e-06, "max_row_relative_l2": 3.432492690080835e-07, "max_row_relative_linf": 3.432492690080835e-07, "min_topk_overlap": 1.0, "shape": [9, 1025]}
{"kind": "numeric", "label": "heads decode h=64", "max_abs": 8.58306884765625e-06, "max_row_relative_l2": 1.0105421210937493e-07, "max_row_relative_linf": 1.551432973201372e-07, "min_topk_overlap": 1.0, "shape": [2, 1042]}
{"kind": "numeric", "label": "heads prefill h=64", "max_abs": 1.52587890625e-05, "max_row_relative_l2": 4.398996793497645e-07, "max_row_relative_linf": 4.398996793497645e-07, "min_topk_overlap": 1.0, "shape": [9, 1025]}
{"kind": "numeric", "label": "output shorter than context", "max_abs": 5.7220458984375e-06, "max_row_relative_l2": 1.190456515587357e-07, "max_row_relative_linf": 1.744803199699163e-07, "min_topk_overlap": 1.0, "shape": [12, 31]}
{"kind": "numeric", "label": "3D query", "max_abs": 3.814697265625e-06, "max_row_relative_l2": 9.356354979672687e-08, "max_row_relative_linf": 1.0175094899977921e-07, "min_topk_overlap": 1.0, "shape": [2, 82]}
{"kind": "numeric", "label": "graph decode step=0", "max_abs": 1.1444091796875e-05, "max_row_relative_l2": 8.51812060886914e-08, "max_row_relative_linf": 1.9321842614772322e-07, "min_topk_overlap": 1.0, "shape": [12, 32017]}
{"kind": "numeric", "label": "graph decode step=1", "max_abs": 7.62939453125e-06, "max_row_relative_l2": 8.951054297767769e-08, "max_row_relative_linf": 1.7731464652115392e-07, "min_topk_overlap": 1.0, "shape": [12, 32017]}
{"kind": "numeric", "label": "graph decode step=2", "max_abs": 0.0, "max_row_relative_l2": 0.0, "max_row_relative_linf": 0.0, "min_topk_overlap": 1.0, "shape": [12, 32017]}
{"eager_bit_exact": true, "kind": "graph", "name": "decode", "replays": 3}
{"kind": "numeric", "label": "graph decode_b step=0", "max_abs": 7.62939453125e-06, "max_row_relative_l2": 8.825582398230836e-08, "max_row_relative_linf": 1.5361709415628866e-07, "min_topk_overlap": 1.0, "shape": [12, 32017]}
{"kind": "numeric", "label": "graph decode_b step=1", "max_abs": 7.62939453125e-06, "max_row_relative_l2": 1.3355467842757207e-07, "max_row_relative_linf": 2.5167673811665736e-07, "min_topk_overlap": 1.0, "shape": [12, 32017]}
{"kind": "numeric", "label": "graph decode_b step=2", "max_abs": 0.0, "max_row_relative_l2": 0.0, "max_row_relative_linf": 0.0, "min_topk_overlap": 1.0, "shape": [12, 32017]}
{"eager_bit_exact": true, "kind": "graph", "name": "decode_b", "replays": 3}
{"kind": "numeric", "label": "graph prefill step=0", "max_abs": 1.9073486328125e-05, "max_row_relative_l2": 1.212597311450736e-07, "max_row_relative_linf": 2.8484760150604416e-07, "min_topk_overlap": 1.0, "shape": [37, 32000]}
{"kind": "numeric", "label": "graph prefill step=1", "max_abs": 7.62939453125e-06, "max_row_relative_l2": 1.434896717000811e-07, "max_row_relative_linf": 2.2001114530212362e-07, "min_topk_overlap": 1.0, "shape": [37, 32000]}
{"kind": "numeric", "label": "graph prefill step=2", "max_abs": 0.0, "max_row_relative_l2": 0.0, "max_row_relative_linf": 0.0, "min_topk_overlap": 1.0, "shape": [37, 32000]}
{"eager_bit_exact": true, "kind": "graph", "name": "prefill", "replays": 3}
{"kind": "numeric", "label": "graph prefill_dirty step=0", "max_abs": 1.52587890625e-05, "max_row_relative_l2": 1.1856268145038484e-07, "max_row_relative_linf": 2.7603306307355524e-07, "min_topk_overlap": 1.0, "shape": [37, 32000]}
{"kind": "numeric", "label": "graph prefill_dirty step=1", "max_abs": 2.288818359375e-05, "max_row_relative_l2": 1.212152227481056e-07, "max_row_relative_linf": 3.559401307029475e-07, "min_topk_overlap": 1.0, "shape": [37, 32000]}
{"kind": "numeric", "label": "graph prefill_dirty step=2", "max_abs": 1.9073486328125e-05, "max_row_relative_l2": 1.1811245315129781e-07, "max_row_relative_linf": 2.791077804431552e-07, "min_topk_overlap": 1.0, "shape": [37, 32000]}
{"eager_bit_exact": true, "kind": "graph", "name": "prefill_dirty", "replays": 3}
{"B": 6, "L": 32000, "N": 1, "kind": "bench", "name": "decode", "new_ms": 0.1722719967365265, "new_samples": [0.1841920018196106, 0.17574399709701538, 0.17324799299240112, 0.18911999464035034, 0.17430399358272552, 0.1722240000963211, 0.1682559996843338, 0.16979199647903442, 0.18505600094795227, 0.17046399414539337, 0.17097599804401398, 0.16969600319862366, 0.16918399930000305, 0.17321600019931793, 0.1695999950170517, 0.17107200622558594, 0.17033599317073822, 0.17231999337673187, 0.17423999309539795, 0.17856000363826752], "old_ms": 0.6522719860076904, "old_samples": [0.6702079772949219, 0.6527040004730225, 0.6452479958534241, 0.6518399715423584, 0.6600959897041321, 0.6426560282707214, 0.6545600295066833, 0.6577280163764954, 0.6421120166778564, 0.6518399715423584], "speedup": 3.786291436589534}
{"B": 6, "L": 32000, "N": 1, "inner": 20, "kind": "bench", "name": "decode_graph", "new_ms": 0.10227839946746826, "new_samples": [0.10223200321197509, 0.1026800036430359, 0.10234400033950805, 0.10223200321197509, 0.10221439599990845, 0.10244319438934327, 0.10227839946746826], "old_ms": 0.48592319488525393, "old_samples": [0.48641438484191896, 0.48586077690124513, 0.48567838668823243, 0.4856304168701172, 0.48617281913757326, 0.48592319488525393, 0.4863152027130127], "speedup": 4.750985520063908}
{"B": 6, "L": 190000, "N": 1, "kind": "bench", "name": "decode", "new_ms": 0.6620160043239594, "new_samples": [0.6770240068435669, 0.6615039706230164, 0.6636160016059875, 0.6645439863204956, 0.6608960032463074, 0.6637439727783203, 0.6619840264320374, 0.6592959761619568, 0.6634560227394104, 0.6683520078659058, 0.6738240122795105, 0.6604160070419312, 0.6620479822158813, 0.6588159799575806, 0.6579840183258057, 0.6615679860115051, 0.6577600240707397, 0.6607040166854858, 0.6633279919624329, 0.6648960113525391], "old_ms": 2.8588000535964966, "old_samples": [2.872351884841919, 2.8558080196380615, 2.858560085296631, 2.8492801189422607, 2.880703926086426, 2.8596160411834717, 2.8458240032196045, 2.8590400218963623, 2.8631041049957275, 2.84553599357605], "speedup": 4.318324685391646}
{"B": 6, "L": 190000, "N": 1, "inner": 20, "kind": "bench", "name": "decode_graph", "new_ms": 0.5916848182678223, "new_samples": [0.5918384075164795, 0.59202561378479, 0.5922544002532959, 0.5916848182678223, 0.5907023906707763, 0.5902944087982178, 0.5902463912963867], "old_ms": 2.686742401123047, "old_samples": [2.6859920501708983, 2.6882991790771484, 2.6902912139892576, 2.683052825927734, 2.686742401123047, 2.684505653381348, 2.6872560501098635], "speedup": 4.540833765159935}
{"kind": "numeric", "label": "large prefill nq=8192 nk=32000 layout=causal", "max_abs": 3.0517578125e-05, "max_row_relative_l2": 1.3536907772504492e-07, "max_row_relative_linf": 4.024945496894361e-07, "min_topk_overlap": 0.99951171875, "shape": [8192, 32000]}
{"clean": true, "kind": "bench", "layout": "causal", "name": "prefill", "new_ms": 96.3821792602539, "new_samples": [96.47516632080078, 96.504638671875, 96.29376220703125, 96.27916717529297, 96.3821792602539], "nk": 32000, "nq": 8192, "old_ms": 207.9272003173828, "old_samples": [207.9272003173828, 207.767333984375, 208.0919952392578], "speedup": 2.157319972563931}
{"kind": "numeric", "label": "large prefill nq=8192 nk=32000 layout=ragged", "max_abs": 2.288818359375e-05, "max_row_relative_l2": 2.1677507788808725e-07, "max_row_relative_linf": 4.081661870714015e-07, "min_topk_overlap": 1.0, "shape": [8192, 32000]}
{"clean": true, "kind": "bench", "layout": "ragged", "name": "prefill", "new_ms": 76.11196899414062, "new_samples": [76.19062042236328, 76.15580749511719, 76.09951782226562, 76.0621109008789, 76.11196899414062], "nk": 32000, "nq": 8192, "old_ms": 207.7147216796875, "old_samples": [207.6749725341797, 207.7592010498047, 207.7147216796875], "speedup": 2.7290677724508496}
{"kind": "numeric", "label": "large prefill nq=8192 nk=190000 layout=causal", "max_abs": 3.814697265625e-05, "max_row_relative_l2": 1.372610967109722e-07, "max_row_relative_linf": 4.2249325815646444e-07, "min_topk_overlap": 0.99951171875, "shape": [8192, 190000]}
{"clean": true, "kind": "bench", "layout": "causal", "name": "prefill", "new_ms": 622.4509887695312, "new_samples": [622.9974365234375, 622.4509887695312, 622.43505859375, 622.9130859375, 622.2299194335938], "nk": 190000, "nq": 8192, "old_ms": 1248.860595703125, "old_samples": [1248.7652587890625, 1248.860595703125, 1248.872802734375], "speedup": 2.006359726686093}
{"kind": "numeric", "label": "large prefill nq=8192 nk=190000 layout=ragged", "max_abs": 3.0517578125e-05, "max_row_relative_l2": 1.3232492790393735e-07, "max_row_relative_linf": 4.099159411907749e-07, "min_topk_overlap": 0.99951171875, "shape": [8192, 190000]}
{"clean": true, "kind": "bench", "layout": "ragged", "name": "prefill", "new_ms": 423.38525390625, "new_samples": [423.1609191894531, 423.4933166503906, 423.5254211425781, 423.38525390625, 423.1295166015625], "nk": 190000, "nq": 8192, "old_ms": 1249.0670166015625, "old_samples": [1249.1951904296875, 1248.8134765625, 1249.0670166015625], "speedup": 2.950190175678964}
{"kind": "complete", "mode": "all", "status": "PASS"}
