{"kind": "numeric", "label": "initial", "max_abs": 2.288818359375e-05, "max_row_relative_l2": 1.3135556287124928e-07, "max_row_relative_linf": 3.7978492173351697e-07, "min_topk_overlap": 1.0, "shape": [1024, 32000]}
{"bk": 64, "bq": 1, "kind": "layout", "ms": 19.883071899414062, "name": "initial", "regs": 89, "samples": [19.883968353271484, 19.842687606811523, 19.783647537231445, 19.89788818359375, 19.883071899414062], "spills": 0, "warps": 4}
{"bk": 64, "bq": 2, "kind": "layout", "ms": 14.1080322265625, "name": "initial", "regs": 215, "samples": [14.135871887207031, 14.1080322265625, 14.233951568603516, 13.978272438049316, 13.966943740844727], "spills": 0, "warps": 4}
{"bk": 128, "bq": 2, "kind": "layout", "ms": 13.795455932617188, "name": "initial", "regs": 216, "samples": [13.8570556640625, 13.805760383605957, 13.769696235656738, 13.795455932617188, 13.756671905517578], "spills": 0, "warps": 8}
{"bk": 64, "bq": 4, "kind": "layout", "ms": 14.464735984802246, "name": "initial", "regs": 213, "samples": [14.498751640319824, 14.446720123291016, 14.47987174987793, 14.464735984802246, 14.444160461425781], "spills": 0, "warps": 8}
{"bk": 128, "bq": 4, "kind": "layout", "ms": 220.10826110839844, "name": "initial", "regs": 32, "samples": [220.05670166015625, 220.0482940673828, 220.10826110839844, 220.22723388671875, 220.22096252441406], "spills": 1340, "warps": 8}
{"bk": 32, "bq": 8, "kind": "layout", "ms": 14.576640129089355, "name": "initial", "regs": 209, "samples": [14.610879898071289, 14.607263565063477, 14.541215896606445, 14.576640129089355, 14.549152374267578], "spills": 0, "warps": 8}
{"L": 32000, "kind": "decode_layout", "ms": 0.1868159994482994, "name": "initial", "samples": [0.208639994263649, 0.18732799589633942, 0.1990080028772354, 0.18272000551223755, 0.20041599869728088, 0.1863040030002594, 0.18774400651454926, 0.17734399437904358, 0.17132799327373505, 0.19593599438667297, 0.20908799767494202, 0.18115200102329254, 0.17398400604724884, 0.22191999852657318, 0.2757759988307953, 0.20287999510765076, 0.17363199591636658, 0.1711360067129135, 0.16713599860668182, 0.18432000279426575]}
{"L": 190000, "kind": "decode_layout", "ms": 0.6900799870491028, "name": "initial", "samples": [0.6956480145454407, 0.6898559927940369, 0.6611840128898621, 0.6903039813041687, 0.6848000288009644, 0.6465920209884644, 0.6489920020103455, 0.6453440189361572, 0.6384959816932678, 0.6504960060119629, 0.6463680267333984, 0.6499199867248535, 0.7242879867553711, 0.737824022769928, 0.7238720059394836, 0.7164160013198853, 0.6911680102348328, 0.7095680236816406, 0.7176640033721924, 0.6916800141334534]}
{"kind": "numeric", "label": "bits", "max_abs": 2.288818359375e-05, "max_row_relative_l2": 1.3135556287124928e-07, "max_row_relative_linf": 3.7978492173351697e-07, "min_topk_overlap": 1.0, "shape": [1024, 32000]}
{"bk": 64, "bq": 1, "kind": "layout", "ms": 21.860448837280273, "name": "bits", "regs": 104, "samples": [21.932031631469727, 21.881376266479492, 21.835168838500977, 21.822816848754883, 21.860448837280273], "spills": 0, "warps": 4}
{"bk": 64, "bq": 2, "kind": "layout", "ms": 12.83129596710205, "name": "bits", "regs": 203, "samples": [12.818367958068848, 12.83129596710205, 12.934720039367676, 12.937151908874512, 12.807647705078125], "spills": 0, "warps": 4}
{"bk": 128, "bq": 2, "kind": "layout", "ms": 12.922016143798828, "name": "bits", "regs": 202, "samples": [12.971199989318848, 12.953696250915527, 12.922016143798828, 12.90659236907959, 12.904095649719238], "spills": 0, "warps": 8}
{"bk": 64, "bq": 4, "kind": "layout", "ms": 13.701024055480957, "name": "bits", "regs": 203, "samples": [13.721728324890137, 13.688287734985352, 13.710944175720215, 13.68172836303711, 13.701024055480957], "spills": 0, "warps": 8}
{"bk": 128, "bq": 4, "kind": "layout", "ms": 13.267359733581543, "name": "bits", "regs": 255, "samples": [13.242624282836914, 13.367903709411621, 13.267359733581543, 13.183232307434082, 13.542464256286621], "spills": 10, "warps": 8}
{"bk": 32, "bq": 8, "kind": "layout", "ms": 16.83603286743164, "name": "bits", "regs": 193, "samples": [16.884672164916992, 16.83603286743164, 17.06671905517578, 15.259807586669922, 13.81833553314209], "spills": 0, "warps": 8}
{"L": 32000, "kind": "decode_layout", "ms": 0.22732800245285034, "name": "bits", "samples": [0.35523200035095215, 0.23980799317359924, 0.2882240116596222, 0.22739200294017792, 0.22726400196552277, 0.2361920028924942, 0.23574399948120117, 0.24985599517822266, 0.24009600281715393, 0.22860799729824066, 0.2231999933719635, 0.2207999974489212, 0.3112640082836151, 0.21695999801158905, 0.19766399264335632, 0.19382399320602417, 0.19145600497722626, 0.20790399610996246, 0.19728000462055206, 0.19251200556755066]}
{"L": 190000, "kind": "decode_layout", "ms": 0.8121919929981232, "name": "bits", "samples": [0.8639039993286133, 0.8251519799232483, 0.8632959723472595, 0.945472002029419, 0.9093440175056458, 0.8328959941864014, 0.8108479976654053, 0.8127359747886658, 0.8112319707870483, 0.8099520206451416, 0.8205119967460632, 0.8125759959220886, 0.8209919929504395, 0.8105279803276062, 0.8113600015640259, 0.8095999956130981, 0.8108800053596497, 0.8074880242347717, 0.8118079900741577, 0.8085119724273682]}
{"kind": "numeric", "label": "qmajor", "max_abs": 2.288818359375e-05, "max_row_relative_l2": 1.3585903957391565e-07, "max_row_relative_linf": 3.5711886425815464e-07, "min_topk_overlap": 1.0, "shape": [1024, 32000]}
{"bk": 64, "bq": 1, "kind": "layout", "ms": 22.30156707763672, "name": "qmajor", "regs": 141, "samples": [22.329727172851562, 22.300640106201172, 22.335391998291016, 22.30156707763672, 20.145408630371094], "spills": 0, "warps": 4}
{"bk": 64, "bq": 2, "kind": "layout", "ms": 16.38604736328125, "name": "qmajor", "regs": 202, "samples": [16.880767822265625, 16.38604736328125, 16.762208938598633, 13.778911590576172, 13.427583694458008], "spills": 0, "warps": 4}
{"bk": 128, "bq": 2, "kind": "layout", "ms": 16.177471160888672, "name": "qmajor", "regs": 202, "samples": [16.232864379882812, 16.177471160888672, 16.249311447143555, 15.454048156738281, 13.30675220489502], "spills": 0, "warps": 8}
{"bk": 64, "bq": 4, "kind": "layout", "ms": 13.418784141540527, "name": "qmajor", "regs": 192, "samples": [13.403519630432129, 13.418784141540527, 13.401503562927246, 13.521759986877441, 13.51142406463623], "spills": 0, "warps": 8}
{"bk": 128, "bq": 4, "kind": "layout", "ms": 324.0134582519531, "name": "qmajor", "regs": 32, "samples": [323.862548828125, 323.8191223144531, 324.04376220703125, 324.0134582519531, 324.2135009765625], "spills": 1454, "warps": 8}
{"bk": 32, "bq": 8, "kind": "layout", "ms": 17.08723258972168, "name": "qmajor", "regs": 192, "samples": [17.1231689453125, 16.921600341796875, 17.038591384887695, 82.25820922851562, 17.08723258972168], "spills": 0, "warps": 8}
{"L": 32000, "kind": "decode_layout", "ms": 0.21291200071573257, "name": "qmajor", "samples": [0.24508799612522125, 0.24668799340724945, 0.23814399540424347, 0.21612800657749176, 0.20985600352287292, 0.2579199969768524, 0.21904000639915466, 0.21033599972724915, 0.2104640007019043, 0.21807999908924103, 0.2146880030632019, 0.2112639993429184, 0.20934399962425232, 0.21376000344753265, 0.2123199999332428, 0.21209600567817688, 0.20927999913692474, 0.21299199759960175, 0.2128320038318634, 0.21052800118923187]}
{"L": 190000, "kind": "decode_layout", "ms": 0.8160479962825775, "name": "qmajor", "samples": [0.8516479730606079, 0.8156480193138123, 0.896511971950531, 0.9373760223388672, 0.8834879994392395, 0.8308159708976746, 0.8133760094642639, 0.8125439882278442, 0.8240320086479187, 0.8116160035133362, 0.8303999900817871, 0.8095359802246094, 0.8171520233154297, 0.8133440017700195, 0.8098880052566528, 0.8268160223960876, 0.813759982585907, 0.8164479732513428, 0.8089920282363892, 0.8151360154151917]}
{"kind": "complete", "mode": "layouts"}
