{"capability": [8, 0], "device": "NVIDIA A100-SXM4-80GB", "kind": "environment", "mode": "numeric", "oracle_sha256": "3ffe82c74402aed9ceb0ba6113209850cdc8c1b21eb8f36c330e895578bd103f", "seed": 43, "source_sha256": "d80a9fa22cbd1b4bec659e63b7fe714353ee445e4dc6f65be2dba7f06418246a", "test_sha256": "ffca12198d5714ebcddf9b9421c6f39df0349ceb6914e51a47cc44d965d4479f", "torch": "2.13.0+cu130", "triton": "3.7.1"}
{"finite_bits_exact": 254, "kind": "fp8_bits", "nan_class_exact": 2, "tested": 256}
{"kind": "numeric", "label": "decode B=1 L=1024 N=1 ctx=B", "max_abs": 5.7220458984375e-06, "max_row_relative_l2": 7.274538660340113e-08, "max_row_relative_linf": 1.260661974811228e-07, "min_topk_overlap": 1.0, "shape": [1, 1041]}
{"kind": "numeric", "label": "decode B=1 L=1024 N=1 ctx=BN", "max_abs": 7.62939453125e-06, "max_row_relative_l2": 7.48255715166124e-08, "max_row_relative_linf": 1.49053704490143e-07, "min_topk_overlap": 1.0, "shape": [1, 1041]}
{"kind": "numeric", "label": "decode B=1 L=1024 N=2 ctx=B", "max_abs": 7.62939453125e-06, "max_row_relative_l2": 8.725493216843461e-08, "max_row_relative_linf": 1.197096395344488e-07, "min_topk_overlap": 1.0, "shape": [2, 1041]}
{"kind": "numeric", "label": "decode B=1 L=1024 N=2 ctx=BN", "max_abs": 5.7220458984375e-06, "max_row_relative_l2": 9.43274969245067e-08, "max_row_relative_linf": 1.3338231497073139e-07, "min_topk_overlap": 1.0, "shape": [2, 1041]}
{"kind": "numeric", "label": "decode B=1 L=32000 N=1 ctx=B", "max_abs": 1.1444091796875e-05, "max_row_relative_l2": 8.16107785794884e-08, "max_row_relative_linf": 1.3696360667836416e-07, "min_topk_overlap": 1.0, "shape": [1, 32017]}
{"kind": "numeric", "label": "decode B=1 L=32000 N=1 ctx=BN", "max_abs": 7.62939453125e-06, "max_row_relative_l2": 8.760698477772166e-08, "max_row_relative_linf": 1.7117848472025798e-07, "min_topk_overlap": 1.0, "shape": [1, 32017]}
{"kind": "numeric", "label": "decode B=1 L=32000 N=2 ctx=B", "max_abs": 1.1444091796875e-05, "max_row_relative_l2": 8.837357512447852e-08, "max_row_relative_linf": 1.6650774625759368e-07, "min_topk_overlap": 1.0, "shape": [2, 32017]}
{"kind": "numeric", "label": "decode B=1 L=32000 N=2 ctx=BN", "max_abs": 7.62939453125e-06, "max_row_relative_l2": 8.675234397514942e-08, "max_row_relative_linf": 1.2695970497134113e-07, "min_topk_overlap": 1.0, "shape": [2, 32017]}
{"kind": "numeric", "label": "decode B=1 L=190000 N=1 ctx=B", "max_abs": 7.62939453125e-06, "max_row_relative_l2": 8.917852767353907e-08, "max_row_relative_linf": 1.2583639374952327e-07, "min_topk_overlap": 1.0, "shape": [1, 190017]}
{"kind": "numeric", "label": "decode B=1 L=190000 N=1 ctx=BN", "max_abs": 1.52587890625e-05, "max_row_relative_l2": 7.052642558846856e-08, "max_row_relative_linf": 1.5982946877102222e-07, "min_topk_overlap": 1.0, "shape": [1, 190017]}
{"kind": "numeric", "label": "decode B=1 L=190000 N=2 ctx=B", "max_abs": 1.1444091796875e-05, "max_row_relative_l2": 8.512096627555366e-08, "max_row_relative_linf": 1.9096998471468396e-07, "min_topk_overlap": 1.0, "shape": [2, 190017]}
{"kind": "numeric", "label": "decode B=1 L=190000 N=2 ctx=BN", "max_abs": 1.1444091796875e-05, "max_row_relative_l2": 8.726239286716009e-08, "max_row_relative_linf": 2.0293644809044054e-07, "min_topk_overlap": 1.0, "shape": [2, 190017]}
{"kind": "numeric", "label": "decode B=6 L=1024 N=1 ctx=B", "max_abs": 1.52587890625e-05, "max_row_relative_l2": 8.360267145235412e-08, "max_row_relative_linf": 2.3824476613754086e-07, "min_topk_overlap": 1.0, "shape": [6, 1041]}
{"kind": "numeric", "label": "decode B=6 L=1024 N=1 ctx=BN", "max_abs": 5.7220458984375e-06, "max_row_relative_l2": 1.0815164586119863e-07, "max_row_relative_linf": 1.482747506997839e-07, "min_topk_overlap": 1.0, "shape": [6, 1041]}
{"kind": "numeric", "label": "decode B=6 L=1024 N=2 ctx=B", "max_abs": 7.62939453125e-06, "max_row_relative_l2": 9.0719481704582e-08, "max_row_relative_linf": 1.594141991745346e-07, "min_topk_overlap": 1.0, "shape": [12, 1041]}
{"kind": "numeric", "label": "decode B=6 L=1024 N=2 ctx=BN", "max_abs": 7.62939453125e-06, "max_row_relative_l2": 8.772727255745849e-08, "max_row_relative_linf": 1.673001861490775e-07, "min_topk_overlap": 1.0, "shape": [12, 1041]}
{"kind": "numeric", "label": "decode B=6 L=32000 N=1 ctx=B", "max_abs": 7.62939453125e-06, "max_row_relative_l2": 8.569715248540888e-08, "max_row_relative_linf": 1.5143237419579236e-07, "min_topk_overlap": 1.0, "shape": [6, 32017]}
{"kind": "numeric", "label": "decode B=6 L=32000 N=1 ctx=BN", "max_abs": 1.1444091796875e-05, "max_row_relative_l2": 9.84084564947807e-08, "max_row_relative_linf": 1.9052586708312447e-07, "min_topk_overlap": 1.0, "shape": [6, 32017]}
{"kind": "numeric", "label": "decode B=6 L=32000 N=2 ctx=B", "max_abs": 1.1444091796875e-05, "max_row_relative_l2": 9.439921910825433e-08, "max_row_relative_linf": 1.671810991865641e-07, "min_topk_overlap": 1.0, "shape": [12, 32017]}
{"kind": "numeric", "label": "decode B=6 L=32000 N=2 ctx=BN", "max_abs": 1.1444091796875e-05, "max_row_relative_l2": 9.008000745325262e-08, "max_row_relative_linf": 1.8734817786025815e-07, "min_topk_overlap": 1.0, "shape": [12, 32017]}
{"kind": "numeric", "label": "decode B=6 L=190000 N=1 ctx=B", "max_abs": 1.1444091796875e-05, "max_row_relative_l2": 9.601728123698194e-08, "max_row_relative_linf": 1.890258118919519e-07, "min_topk_overlap": 1.0, "shape": [6, 190017]}
{"kind": "numeric", "label": "decode B=6 L=190000 N=1 ctx=BN", "max_abs": 1.1444091796875e-05, "max_row_relative_l2": 8.993259825729183e-08, "max_row_relative_linf": 2.1653877979588287e-07, "min_topk_overlap": 1.0, "shape": [6, 190017]}
{"kind": "numeric", "label": "decode B=6 L=190000 N=2 ctx=B", "max_abs": 1.52587890625e-05, "max_row_relative_l2": 8.999886347282882e-08, "max_row_relative_linf": 2.3755957556659268e-07, "min_topk_overlap": 1.0, "shape": [12, 190017]}
{"kind": "numeric", "label": "decode B=6 L=190000 N=2 ctx=BN", "max_abs": 1.52587890625e-05, "max_row_relative_l2": 9.39572686320389e-08, "max_row_relative_linf": 1.9896427261301142e-07, "min_topk_overlap": 1.0, "shape": [12, 190017]}
{"kind": "numeric", "label": "decode B=32 L=1024 N=1 ctx=B", "max_abs": 1.1444091796875e-05, "max_row_relative_l2": 9.665887290566388e-08, "max_row_relative_linf": 2.1238004421775258e-07, "min_topk_overlap": 1.0, "shape": [32, 1041]}
{"kind": "numeric", "label": "decode B=32 L=1024 N=1 ctx=BN", "max_abs": 7.62939453125e-06, "max_row_relative_l2": 1.0136681538597259e-07, "max_row_relative_linf": 1.844219355007226e-07, "min_topk_overlap": 1.0, "shape": [32, 1041]}
{"kind": "numeric", "label": "decode B=32 L=1024 N=2 ctx=B", "max_abs": 1.1444091796875e-05, "max_row_relative_l2": 9.739089534832601e-08, "max_row_relative_linf": 2.1929831461875438e-07, "min_topk_overlap": 1.0, "shape": [64, 1041]}
{"kind": "numeric", "label": "decode B=32 L=1024 N=2 ctx=BN", "max_abs": 9.5367431640625e-06, "max_row_relative_l2": 9.639598630428736e-08, "max_row_relative_linf": 1.8691109460178268e-07, "min_topk_overlap": 1.0, "shape": [64, 1041]}
{"kind": "numeric", "label": "decode B=32 L=32000 N=1 ctx=B", "max_abs": 1.52587890625e-05, "max_row_relative_l2": 9.318585370010624e-08, "max_row_relative_linf": 1.897546013651663e-07, "min_topk_overlap": 1.0, "shape": [32, 32017]}
{"kind": "numeric", "label": "decode B=32 L=32000 N=1 ctx=BN", "max_abs": 1.52587890625e-05, "max_row_relative_l2": 9.594582195404655e-08, "max_row_relative_linf": 2.2701237867295276e-07, "min_topk_overlap": 1.0, "shape": [32, 32017]}
{"kind": "numeric", "label": "decode B=32 L=32000 N=2 ctx=B", "max_abs": 1.52587890625e-05, "max_row_relative_l2": 1.0028769992231901e-07, "max_row_relative_linf": 2.0592172234046302e-07, "min_topk_overlap": 1.0, "shape": [64, 32017]}
{"kind": "numeric", "label": "decode B=32 L=32000 N=2 ctx=BN", "max_abs": 1.1444091796875e-05, "max_row_relative_l2": 1.0174990450195764e-07, "max_row_relative_linf": 1.9360436454007868e-07, "min_topk_overlap": 1.0, "shape": [64, 32017]}
{"kind": "numeric", "label": "decode B=32 L=190000 N=1 ctx=B", "max_abs": 1.52587890625e-05, "max_row_relative_l2": 9.915179788322348e-08, "max_row_relative_linf": 2.092855879709532e-07, "min_topk_overlap": 1.0, "shape": [32, 190017]}
{"kind": "numeric", "label": "decode B=32 L=190000 N=1 ctx=BN", "max_abs": 1.52587890625e-05, "max_row_relative_l2": 9.51815266603262e-08, "max_row_relative_linf": 1.854706681569951e-07, "min_topk_overlap": 1.0, "shape": [32, 190017]}
{"kind": "numeric", "label": "decode B=32 L=190000 N=2 ctx=B", "max_abs": 1.52587890625e-05, "max_row_relative_l2": 9.391177258066818e-08, "max_row_relative_linf": 1.9319433874898095e-07, "min_topk_overlap": 1.0, "shape": [64, 190017]}
{"kind": "numeric", "label": "decode B=32 L=190000 N=2 ctx=BN", "max_abs": 1.52587890625e-05, "max_row_relative_l2": 9.534565492685942e-08, "max_row_relative_linf": 1.9039724463709717e-07, "min_topk_overlap": 1.0, "shape": [64, 190017]}
{"kind": "numeric", "label": "edge L=0 clean=False", "max_abs": 0.0, "max_row_relative_l2": 0.0, "max_row_relative_linf": 0.0, "min_topk_overlap": 1.0, "shape": [16, 17]}
{"kind": "numeric", "label": "edge L=0 clean=True", "max_abs": 0.0, "max_row_relative_l2": 0.0, "max_row_relative_linf": 0.0, "min_topk_overlap": 1.0, "shape": [16, 17]}
{"kind": "numeric", "label": "edge L=1 clean=False", "max_abs": 3.814697265625e-06, "max_row_relative_l2": 1.7677868413557007e-07, "max_row_relative_linf": 1.7677868413557007e-07, "min_topk_overlap": 1.0, "shape": [16, 18]}
{"kind": "numeric", "label": "edge L=1 clean=True", "max_abs": 3.814697265625e-06, "max_row_relative_l2": 1.7677868413557007e-07, "max_row_relative_linf": 1.7677868413557007e-07, "min_topk_overlap": 1.0, "shape": [16, 18]}
{"kind": "numeric", "label": "edge L=63 clean=False", "max_abs": 5.7220458984375e-06, "max_row_relative_l2": 2.539686079217063e-07, "max_row_relative_linf": 2.539686079217063e-07, "min_topk_overlap": 1.0, "shape": [16, 80]}
{"kind": "numeric", "label": "edge L=63 clean=True", "max_abs": 5.7220458984375e-06, "max_row_relative_l2": 2.539686079217063e-07, "max_row_relative_linf": 2.539686079217063e-07, "min_topk_overlap": 1.0, "shape": [16, 80]}
{"kind": "numeric", "label": "edge L=64 clean=False", "max_abs": 7.62939453125e-06, "max_row_relative_l2": 1.2313061859003938e-07, "max_row_relative_linf": 1.7110077976667526e-07, "min_topk_overlap": 1.0, "shape": [16, 81]}
{"kind": "numeric", "label": "edge L=64 clean=True", "max_abs": 7.62939453125e-06, "max_row_relative_l2": 1.2313061859003938e-07, "max_row_relative_linf": 1.7110077976667526e-07, "min_topk_overlap": 1.0, "shape": [16, 81]}
{"kind": "numeric", "label": "edge L=65 clean=False", "max_abs": 5.7220458984375e-06, "max_row_relative_l2": 2.676895576314564e-07, "max_row_relative_linf": 2.676895576314564e-07, "min_topk_overlap": 0.9999999403953552, "shape": [16, 82]}
{"kind": "numeric", "label": "edge L=65 clean=True", "max_abs": 5.7220458984375e-06, "max_row_relative_l2": 2.676895576314564e-07, "max_row_relative_linf": 2.676895576314564e-07, "min_topk_overlap": 0.9999999403953552, "shape": [16, 82]}
{"kind": "numeric", "label": "edge L=1025 clean=False", "max_abs": 7.62939453125e-06, "max_row_relative_l2": 1.2690011885752028e-07, "max_row_relative_linf": 1.3382923214066977e-07, "min_topk_overlap": 1.0, "shape": [16, 1042]}
{"kind": "numeric", "label": "edge L=1025 clean=True", "max_abs": 7.62939453125e-06, "max_row_relative_l2": 1.2690011885752028e-07, "max_row_relative_linf": 1.3382923214066977e-07, "min_topk_overlap": 1.0, "shape": [16, 1042]}
{"kind": "numeric", "label": "prefill nq=37 nk=1 clean=False", "max_abs": 3.814697265625e-06, "max_row_relative_l2": 5.534268439078005e-06, "max_row_relative_linf": 5.534268439078005e-06, "min_topk_overlap": 1.0, "shape": [37, 1]}
{"kind": "numeric", "label": "prefill nq=37 nk=1 clean=True", "max_abs": 3.814697265625e-06, "max_row_relative_l2": 8.978678351923008e-07, "max_row_relative_linf": 8.978678351923008e-07, "min_topk_overlap": 1.0, "shape": [37, 1]}
{"kind": "numeric", "label": "prefill nq=37 nk=65 clean=False", "max_abs": 1.1444091796875e-05, "max_row_relative_l2": 1.5871923153554235e-07, "max_row_relative_linf": 4.2019357238132216e-07, "min_topk_overlap": 1.0, "shape": [37, 65]}
{"kind": "numeric", "label": "prefill nq=37 nk=65 clean=True", "max_abs": 5.7220458984375e-06, "max_row_relative_l2": 1.6217801146467536e-07, "max_row_relative_linf": 2.2510047870127892e-07, "min_topk_overlap": 0.9999999403953552, "shape": [37, 65]}
{"kind": "numeric", "label": "prefill nq=37 nk=1024 clean=False", "max_abs": 1.52587890625e-05, "max_row_relative_l2": 1.2139884120188071e-07, "max_row_relative_linf": 2.251466497682486e-07, "min_topk_overlap": 1.0, "shape": [37, 1024]}
{"kind": "numeric", "label": "prefill nq=37 nk=1024 clean=True", "max_abs": 1.52587890625e-05, "max_row_relative_l2": 1.1782731945686464e-07, "max_row_relative_linf": 2.2881698669152684e-07, "min_topk_overlap": 0.9999999403953552, "shape": [37, 1024]}
{"kind": "numeric", "label": "prefill nq=37 nk=32000 clean=False", "max_abs": 2.288818359375e-05, "max_row_relative_l2": 1.2581293162838847e-07, "max_row_relative_linf": 2.5246831114600354e-07, "min_topk_overlap": 1.0, "shape": [37, 32000]}
{"kind": "numeric", "label": "prefill nq=37 nk=32000 clean=True", "max_abs": 1.52587890625e-05, "max_row_relative_l2": 1.1076929951059356e-07, "max_row_relative_linf": 2.502513893887226e-07, "min_topk_overlap": 1.0, "shape": [37, 32000]}
{"kind": "numeric", "label": "prefill nq=37 nk=190000 clean=False", "max_abs": 3.0517578125e-05, "max_row_relative_l2": 1.1316367931613058e-07, "max_row_relative_linf": 3.815340505752829e-07, "min_topk_overlap": 1.0, "shape": [37, 190000]}
{"kind": "numeric", "label": "prefill nq=37 nk=190000 clean=True", "max_abs": 2.288818359375e-05, "max_row_relative_l2": 2.3819924876988807e-07, "max_row_relative_linf": 2.503602729575505e-07, "min_topk_overlap": 1.0, "shape": [37, 190000]}
{"kind": "numeric", "label": "heads decode h=8", "max_abs": 3.814697265625e-06, "max_row_relative_l2": 5.9311009437124085e-08, "max_row_relative_linf": 1.7526495810216147e-07, "min_topk_overlap": 1.0, "shape": [2, 1042]}
{"kind": "numeric", "label": "heads prefill h=8", "max_abs": 7.62939453125e-06, "max_row_relative_l2": 4.784507723343268e-07, "max_row_relative_linf": 4.784507723343268e-07, "min_topk_overlap": 1.0, "shape": [9, 1025]}
{"kind": "numeric", "label": "heads decode h=16", "max_abs": 7.62939453125e-06, "max_row_relative_l2": 8.98914436220366e-08, "max_row_relative_linf": 1.6389839174735243e-07, "min_topk_overlap": 1.0, "shape": [2, 1042]}
{"kind": "numeric", "label": "heads prefill h=16", "max_abs": 7.62939453125e-06, "max_row_relative_l2": 7.208788588286552e-08, "max_row_relative_linf": 1.3116830643866706e-07, "min_topk_overlap": 1.0, "shape": [9, 1025]}
{"kind": "numeric", "label": "heads decode h=64", "max_abs": 1.1444091796875e-05, "max_row_relative_l2": 9.96082789583852e-08, "max_row_relative_linf": 1.9492402714149648e-07, "min_topk_overlap": 1.0, "shape": [2, 1042]}
{"kind": "numeric", "label": "heads prefill h=64", "max_abs": 1.52587890625e-05, "max_row_relative_l2": 1.957915429784407e-07, "max_row_relative_linf": 1.982023860591653e-07, "min_topk_overlap": 1.0, "shape": [9, 1025]}
{"kind": "numeric", "label": "3D query", "max_abs": 3.814697265625e-06, "max_row_relative_l2": 9.791855859475618e-08, "max_row_relative_linf": 1.359910726250746e-07, "min_topk_overlap": 0.9999999403953552, "shape": [2, 82]}
{"kind": "complete", "mode": "numeric", "status": "PASS"}
