{
  "execution_status": "COMPLETED",
  "evaluation_status": "FAIL",
  "ALL_PASS": false,
  "gates": {
    "coverage=100%": true,
    "harness_data==0": true,
    "harness_render==0": true,
    "engine_error<1%": true,
    "infra_error<1%": true,
    "gated_phases_have_samples": true,
    "fast_intra(uncached_expected<=4096,<=3s)": true,
    "overall_intra(<=5s)": true,
    "turn_start(<=15s)": false,
    "chain_start(<=30s)": true
  },
  "measurement_contract": {
    "server_ttft_coverage=100%": true,
    "required_for_lane": false,
    "strict_ttft_basis": false,
    "auto_enabled_by_lane": false,
    "ttft_basis_no_conflict": true
  },
  "coverage": 1.0,
  "reference_metrics": {
    "note": "解释性能的参考指标；**不各自构成 SLO 硬门**。硬门见 rep['gates']。",
    "not_slo_gates": true,
    "rpm": 46.82089919956678,
    "avg_active_occupancy": 24.91709812519502,
    "configured_N_slots": 34,
    "cache_hit_ratio": {
      "p50": 0.9730192719486082,
      "p90": 0.9942833266860388,
      "p95": 0.9964555650865069,
      "p99": 0.9982720777098024
    },
    "cache_hit_ratio_p50": 0.9730192719486082,
    "wall_s": 2511.698878288269,
    "wall_min": 41.86164797147115,
    "completed_requests": 1960,
    "dispatched_requests": 1960
  }
}

判定：FAIL
报告 /tmp/ax/runs/130eznq-tail_rot150_n34_chainmax16k_fix_mamba400_118_scatter_moetune_kda_40m/N34/report_s1-dev-longchain-v5g-tail-rot150_N34_1790605927.json
      /tmp/ax/runs/130eznq-tail_rot150_n34_chainmax16k_fix_mamba400_118_scatter_moetune_kda_40m/N34/report_s1-dev-longchain-v5g-tail-rot150_N34_1790605927.md
