{
  "execution_status": "COMPLETED",
  "evaluation_status": "FAIL",
  "ALL_PASS": false,
  "gates": {
    "coverage=100%": true,
    "harness_data==0": true,
    "harness_render==0": true,
    "engine_error<1%": true,
    "infra_error<1%": true,
    "gated_phases_have_samples": true,
    "fast_intra(uncached_expected<=4096,<=3s)": false,
    "overall_intra(<=5s)": false,
    "turn_start(<=15s)": true,
    "chain_start(<=30s)": false
  },
  "measurement_contract": {
    "server_ttft_coverage=100%": true,
    "required_for_lane": false,
    "strict_ttft_basis": false,
    "auto_enabled_by_lane": false,
    "ttft_basis_no_conflict": true
  },
  "coverage": 1.0,
  "reference_metrics": {
    "note": "解释性能的参考指标；**不各自构成 SLO 硬门**。硬门见 rep['gates']。",
    "not_slo_gates": true,
    "rpm": 35.33715327882863,
    "avg_active_occupancy": 11.110395883669723,
    "configured_N_slots": 14,
    "cache_hit_ratio": {
      "p50": 0.9178544800666637,
      "p90": 0.9835645677694771,
      "p95": 0.9881941407958024,
      "p99": 0.9957071091490334
    },
    "cache_hit_ratio_p50": 0.9178544800666637,
    "wall_s": 1225.9052011966705,
    "wall_min": 20.43175335327784,
    "completed_requests": 722,
    "dispatched_requests": 722
  }
}

判定：FAIL
报告 /tmp/ax/runs/044r-cal_offA_n14/N14/report_dev-combined-v1_N14_1790217294.json
      /tmp/ax/runs/044r-cal_offA_n14/N14/report_dev-combined-v1_N14_1790217294.md
